<html>
<body>
<pre>
<h1>µVision Build Log</h1>
<h2>Tool Versions:</h2>
IDE-Version: ¦ÌVision V5.25.2.0
Copyright (C) 2018 ARM Ltd and ARM Germany GmbH. All rights reserved.
License Information: 71 71, 71, LIC=GMZI6-DU2A7-VEMHA-1AJM6-W5ZIG-8RT7T
 
Tool Versions:
Toolchain:       MDK-ARM Plus  Version: 5.25.2.0
Toolchain Path:  D:\Keil5\ARM\ARMCC\Bin
C Compiler:      Armcc.exe V5.06 update 6 (build 750)
Assembler:       Armasm.exe V5.06 update 6 (build 750)
Linker/Locator:  ArmLink.exe V5.06 update 6 (build 750)
Library Manager: ArmAr.exe V5.06 update 6 (build 750)
Hex Converter:   FromElf.exe V5.06 update 6 (build 750)
CPU DLL:         SARMCM3.DLL V5.25.2.0
Dialog DLL:      DCM.DLL V1.17.1.0
Target DLL:      STLink\ST-LINKIII-KEIL_SWO.dll V3.0.1.0
Dialog DLL:      TCM.DLL V1.35.1.0
 
<h2>Project:</h2>
D:\my_freerots\test2\MDK-ARM\test1.uvprojx
Project File Date:  04/27/2024

<h2>Output:</h2>
*** Using Compiler 'V5.06 update 6 (build 750)', folder: 'D:\Keil5\ARM\ARMCC\Bin'
Rebuild target 'test1'
assembling startup_stm32f103xb.s...
compiling main.c...
compiling stm32f1xx_hal_timebase_tim.c...
compiling freertos.c...
compiling stm32f1xx_hal_gpio_ex.c...
compiling tim.c...
compiling gpio.c...
compiling usart.c...
compiling stm32f1xx_it.c...
compiling stm32f1xx_hal_msp.c...
compiling stm32f1xx_hal.c...
compiling i2c.c...
compiling stm32f1xx_hal_gpio.c...
compiling stm32f1xx_hal_cortex.c...
compiling stm32f1xx_hal_rcc_ex.c...
compiling stm32f1xx_hal_rcc.c...
compiling stm32f1xx_hal_dma.c...
compiling stm32f1xx_hal_exti.c...
compiling stm32f1xx_hal_pwr.c...
compiling croutine.c...
compiling stm32f1xx_hal_flash_ex.c...
compiling stm32f1xx_hal_flash.c...
compiling list.c...
compiling event_groups.c...
compiling timers.c...
compiling stream_buffer.c...
compiling queue.c...
compiling heap_4.c...
compiling driver_lcd.c...
compiling tasks.c...
compiling stm32f1xx_hal_tim.c...
compiling port.c...
../Middlewares/Third_Party/FreeRTOS/Source/portable/RVDS/ARM_CM3/port.c(503): warning:  #223-D: function "PRE_SLEEP_PROCESSING" declared implicitly
  			configPRE_SLEEP_PROCESSING( &xModifiableIdleTime );
../Middlewares/Third_Party/FreeRTOS/Source/portable/RVDS/ARM_CM3/port.c(510): warning:  #223-D: function "POST_SLEEP_PROCESSING" declared implicitly
  			configPOST_SLEEP_PROCESSING( &xExpectedIdleTime );
../Middlewares/Third_Party/FreeRTOS/Source/portable/RVDS/ARM_CM3/port.c: 2 warnings, 0 errors
compiling stm32f1xx_hal_i2c.c...
compiling cmsis_os2.c...
compiling stm32f1xx_hal_tim_ex.c...
compiling stm32f1xx_hal_uart.c...
compiling system_stm32f1xx.c...
compiling driver_led.c...
compiling driver_timer.c...
compiling driver_oled.c...
..\Drivers\DshanMCU-F103\driver_oled.c(156): warning:  #177-D: function "OLED_WriteData"  was declared but never referenced
  static int OLED_WriteData(uint8_t data)
..\Drivers\DshanMCU-F103\driver_oled.c(204): warning:  #177-D: function "OLED_H_Scroll"  was declared but never referenced
  static void OLED_H_Scroll(H_SCROLL_DIR dir, uint8_t start, uint8_t fr_time, uint8_t end)
..\Drivers\DshanMCU-F103\driver_oled.c(228): warning:  #177-D: function "OLED_HV_Scroll"  was declared but never referenced
  static void OLED_HV_Scroll(HV_SCROLL_DIR dir, uint8_t start, uint8_t fr_time, uint8_t end, uint8_t offset)
..\Drivers\DshanMCU-F103\driver_oled.c(248): warning:  #177-D: function "OLED_SetVScrollArea"  was declared but never referenced
  static void OLED_SetVScrollArea(uint8_t area, uint8_t row_num)
..\Drivers\DshanMCU-F103\driver_oled.c(297): warning:  #177-D: function "OLED_SetColAddr_HV"  was declared but never referenced
  static void OLED_SetColAddr_HV(uint8_t start, uint8_t end)
..\Drivers\DshanMCU-F103\driver_oled.c(314): warning:  #177-D: function "OLED_SetPageAddr_HV"  was declared but never referenced
  static void OLED_SetPageAddr_HV(uint8_t start, uint8_t end)
..\Drivers\DshanMCU-F103\driver_oled.c(420): warning:  #177-D: function "OLED_SetPreChargePeriod"  was declared but never referenced
  static void OLED_SetPreChargePeriod(uint8_t phase1, uint8_t phase2)
..\Drivers\DshanMCU-F103\driver_oled.c(434): warning:  #177-D: function "OLED_SetVcomhLevel"  was declared but never referenced
  static void OLED_SetVcomhLevel(VCOMH_LEVEL level)
..\Drivers\DshanMCU-F103\driver_oled.c: 8 warnings, 0 errors
compiling driver_uart.c...
..\Drivers\DshanMCU-F103\driver_uart.c(98): warning:  #2748-D: null argument provided for parameter marked with attribute "nonnull"
  			c = fgetc(NULL);
..\Drivers\DshanMCU-F103\driver_uart.c(101): warning:  #223-D: function "vTaskDelay" declared implicitly
  			vTaskDelay(500);
..\Drivers\DshanMCU-F103\driver_uart.c: 2 warnings, 0 errors
compiling freertos_demo.c...
..\user\freertos_demo.c(36): warning:  #1-D: last line of file ends without a newline
  }
..\user\freertos_demo.c: 1 warning, 0 errors
linking...
Program Size: Code=14504 RO-data=2408 RW-data=168 ZI-data=12608  
FromELF: creating hex file...
"test1\test1.axf" - 0 Error(s), 13 Warning(s).

<h2>Software Packages used:</h2>

Package Vendor: ARM
                http://www.keil.com/pack/ARM.CMSIS.5.3.0.pack
                ARM.CMSIS.5.3.0
                CMSIS (Cortex Microcontroller Software Interface Standard)
   * Component: CORE Version: 5.1.1

Package Vendor: Keil
                https://www.keil.com/pack/Keil.STM32F1xx_DFP.2.4.1.pack
                Keil.STM32F1xx_DFP.2.4.1
                STMicroelectronics STM32F1 Series Device Support, Drivers and Examples

<h2>Collection of Component include folders:</h2>
  .\RTE\_test1
  D:\Keil5\ARM\PACK\ARM\CMSIS\5.3.0\CMSIS\Include
  D:\Keil5\ARM\PACK\Keil\STM32F1xx_DFP\2.4.1\Device\Include

<h2>Collection of Component Files used:</h2>

   * Component: ARM::CMSIS:CORE:5.1.1
Build Time Elapsed:  00:00:10
</pre>
</body>
</html>
