Component: ARM Compiler 5.06 update 6 (build 750) Tool: armlink [4d35ed]

==============================================================================

Section Cross References

    startup_stm32f103xb.o(RESET) refers to startup_stm32f103xb.o(STACK) for __initial_sp
    startup_stm32f103xb.o(RESET) refers to startup_stm32f103xb.o(.text) for Reset_Handler
    startup_stm32f103xb.o(RESET) refers to stm32f1xx_it.o(i.NMI_Handler) for NMI_Handler
    startup_stm32f103xb.o(RESET) refers to stm32f1xx_it.o(i.HardFault_Handler) for HardFault_Handler
    startup_stm32f103xb.o(RESET) refers to stm32f1xx_it.o(i.MemManage_Handler) for MemManage_Handler
    startup_stm32f103xb.o(RESET) refers to stm32f1xx_it.o(i.BusFault_Handler) for BusFault_Handler
    startup_stm32f103xb.o(RESET) refers to stm32f1xx_it.o(i.UsageFault_Handler) for UsageFault_Handler
    startup_stm32f103xb.o(RESET) refers to port.o(.emb_text) for SVC_Handler
    startup_stm32f103xb.o(RESET) refers to stm32f1xx_it.o(i.DebugMon_Handler) for DebugMon_Handler
    startup_stm32f103xb.o(RESET) refers to port.o(i.SysTick_Handler) for SysTick_Handler
    startup_stm32f103xb.o(RESET) refers to stm32f1xx_it.o(i.DMA1_Channel2_IRQHandler) for DMA1_Channel2_IRQHandler
    startup_stm32f103xb.o(RESET) refers to stm32f1xx_it.o(i.DMA1_Channel3_IRQHandler) for DMA1_Channel3_IRQHandler
    startup_stm32f103xb.o(RESET) refers to stm32f1xx_it.o(i.DMA1_Channel4_IRQHandler) for DMA1_Channel4_IRQHandler
    startup_stm32f103xb.o(RESET) refers to stm32f1xx_it.o(i.DMA1_Channel5_IRQHandler) for DMA1_Channel5_IRQHandler
    startup_stm32f103xb.o(RESET) refers to stm32f1xx_it.o(i.DMA1_Channel6_IRQHandler) for DMA1_Channel6_IRQHandler
    startup_stm32f103xb.o(RESET) refers to stm32f1xx_it.o(i.DMA1_Channel7_IRQHandler) for DMA1_Channel7_IRQHandler
    startup_stm32f103xb.o(RESET) refers to stm32f1xx_it.o(i.TIM2_IRQHandler) for TIM2_IRQHandler
    startup_stm32f103xb.o(RESET) refers to stm32f1xx_it.o(i.TIM4_IRQHandler) for TIM4_IRQHandler
    startup_stm32f103xb.o(RESET) refers to stm32f1xx_it.o(i.USART1_IRQHandler) for USART1_IRQHandler
    startup_stm32f103xb.o(RESET) refers to stm32f1xx_it.o(i.USART2_IRQHandler) for USART2_IRQHandler
    startup_stm32f103xb.o(RESET) refers to stm32f1xx_it.o(i.USART3_IRQHandler) for USART3_IRQHandler
    startup_stm32f103xb.o(RESET) refers to stm32f1xx_it.o(i.RTC_Alarm_IRQHandler) for RTC_Alarm_IRQHandler
    startup_stm32f103xb.o(.text) refers to system_stm32f1xx.o(i.SystemInit) for SystemInit
    startup_stm32f103xb.o(.text) refers to entry.o(.ARM.Collect$$$$00000000) for __main
    main.o(i.HAL_TIM_PeriodElapsedCallback) refers to stm32f1xx_hal.o(i.HAL_IncTick) for HAL_IncTick
    main.o(i.SystemClock_Config) refers to memseta.o(.text) for __aeabi_memclr4
    main.o(i.SystemClock_Config) refers to stm32f1xx_hal_rcc.o(i.HAL_RCC_OscConfig) for HAL_RCC_OscConfig
    main.o(i.SystemClock_Config) refers to stm32f1xx_hal_rcc.o(i.HAL_RCC_ClockConfig) for HAL_RCC_ClockConfig
    main.o(i.SystemClock_Config) refers to stm32f1xx_hal_rcc_ex.o(i.HAL_RCCEx_PeriphCLKConfig) for HAL_RCCEx_PeriphCLKConfig
    main.o(i.main) refers to stm32f1xx_hal.o(i.HAL_Init) for HAL_Init
    main.o(i.main) refers to main.o(i.SystemClock_Config) for SystemClock_Config
    main.o(i.main) refers to gpio.o(i.MX_GPIO_Init) for MX_GPIO_Init
    main.o(i.main) refers to dma.o(i.MX_DMA_Init) for MX_DMA_Init
    main.o(i.main) refers to i2c.o(i.MX_I2C1_Init) for MX_I2C1_Init
    main.o(i.main) refers to tim.o(i.MX_TIM2_Init) for MX_TIM2_Init
    main.o(i.main) refers to usart.o(i.MX_USART1_UART_Init) for MX_USART1_UART_Init
    main.o(i.main) refers to rtc.o(i.MX_RTC_Init) for MX_RTC_Init
    main.o(i.main) refers to usart.o(i.MX_USART2_UART_Init) for MX_USART2_UART_Init
    main.o(i.main) refers to usart.o(i.MX_USART3_UART_Init) for MX_USART3_UART_Init
    main.o(i.main) refers to stm32f1xx_hal_uart.o(i.HAL_UARTEx_ReceiveToIdle_DMA) for HAL_UARTEx_ReceiveToIdle_DMA
    main.o(i.main) refers to cmsis_os2.o(i.osKernelInitialize) for osKernelInitialize
    main.o(i.main) refers to freertos.o(i.MX_FREERTOS_Init) for MX_FREERTOS_Init
    main.o(i.main) refers to cmsis_os2.o(i.osKernelStart) for osKernelStart
    main.o(i.main) refers to driver_uart.o(.bss) for uart_1
    main.o(i.main) refers to usart.o(.bss) for huart1
    gpio.o(i.MX_GPIO_Init) refers to stm32f1xx_hal_gpio.o(i.HAL_GPIO_WritePin) for HAL_GPIO_WritePin
    gpio.o(i.MX_GPIO_Init) refers to stm32f1xx_hal_gpio.o(i.HAL_GPIO_Init) for HAL_GPIO_Init
    freertos.o(i.MX_FREERTOS_Init) refers to driver_uart.o(i.stm32_uart_init) for stm32_uart_init
    freertos.o(i.MX_FREERTOS_Init) refers to tasks.o(i.xTaskCreate) for xTaskCreate
    freertos.o(i.MX_FREERTOS_Init) refers to driver_uart.o(.bss) for uart_1
    freertos.o(i.MX_FREERTOS_Init) refers to freertos.o(.data) for .data
    freertos.o(i.MX_FREERTOS_Init) refers to driver_oled.o(i.OLED_Test) for OLED_Test
[...]
    prvUnlockQueue                           0x080051f5   Thumb Code   120  queue.o(i.prvUnlockQueue)
    i.pvPortMalloc                           0x0800526c   Section        0  heap_4.o(i.pvPortMalloc)
    i.pvTaskIncrementMutexHeldCount          0x08005344   Section        0  tasks.o(i.pvTaskIncrementMutexHeldCount)
    i.pxPortInitialiseStack                  0x0800535c   Section        0  port.o(i.pxPortInitialiseStack)
    i.start_time_1                           0x08005380   Section        0  timecall.o(i.start_time_1)
    i.stm32_uart_init                        0x080053a4   Section        0  driver_uart.o(i.stm32_uart_init)
    i.stop_time_1                            0x080053b8   Section        0  timecall.o(i.stop_time_1)
    i.timeCallBackTask                       0x080053d4   Section        0  timecall.o(i.timeCallBackTask)
    i.uart2_Task                             0x080053e8   Section        0  freertos_8266.o(i.uart2_Task)
    i.uxListRemove                           0x080054d4   Section        0  list.o(i.uxListRemove)
    i.vApplicationGetIdleTaskMemory          0x080054fc   Section        0  cmsis_os2.o(i.vApplicationGetIdleTaskMemory)
    i.vApplicationGetTimerTaskMemory         0x08005510   Section        0  cmsis_os2.o(i.vApplicationGetTimerTaskMemory)
    i.vListInitialise                        0x08005528   Section        0  list.o(i.vListInitialise)
    i.vListInitialiseItem                    0x0800553e   Section        0  list.o(i.vListInitialiseItem)
    i.vListInsert                            0x08005544   Section        0  list.o(i.vListInsert)
    i.vListInsertEnd                         0x08005574   Section        0  list.o(i.vListInsertEnd)
    i.vPortEnterCritical                     0x0800558c   Section        0  port.o(i.vPortEnterCritical)
    i.vPortExitCritical                      0x080055cc   Section        0  port.o(i.vPortExitCritical)
    i.vPortFree                              0x080055f4   Section        0  heap_4.o(i.vPortFree)
    i.vPortSetupTimerInterrupt               0x08005650   Section        0  port.o(i.vPortSetupTimerInterrupt)
    i.vPortSuppressTicksAndSleep             0x08005698   Section        0  port.o(i.vPortSuppressTicksAndSleep)
    i.vPortValidateInterruptPriority         0x0800577c   Section        0  port.o(i.vPortValidateInterruptPriority)
    i.vQueueAddToRegistry                    0x080057d0   Section        0  queue.o(i.vQueueAddToRegistry)
    i.vQueueWaitForMessageRestricted         0x080057f8   Section        0  queue.o(i.vQueueWaitForMessageRestricted)
    i.vTaskDelay                             0x0800583c   Section        0  tasks.o(i.vTaskDelay)
    i.vTaskDelete                            0x08005888   Section        0  tasks.o(i.vTaskDelete)
    i.vTaskInternalSetTimeOutState           0x08005918   Section        0  tasks.o(i.vTaskInternalSetTimeOutState)
    i.vTaskMissedYield                       0x08005928   Section        0  tasks.o(i.vTaskMissedYield)
    i.vTaskPlaceOnEventList                  0x08005934   Section        0  tasks.o(i.vTaskPlaceOnEventList)
    i.vTaskPlaceOnEventListRestricted        0x08005964   Section        0  tasks.o(i.vTaskPlaceOnEventListRestricted)
    i.vTaskPriorityDisinheritAfterTimeout    0x0800599c   Section        0  tasks.o(i.vTaskPriorityDisinheritAfterTimeout)
    i.vTaskStartScheduler                    0x08005a2c   Section        0  tasks.o(i.vTaskStartScheduler)
    i.vTaskStepTick                          0x08005ab4   Section        0  tasks.o(i.vTaskStepTick)
    i.vTaskSuspendAll                        0x08005adc   Section        0  tasks.o(i.vTaskSuspendAll)
    i.vTaskSwitchContext                     0x08005aec   Section        0  tasks.o(i.vTaskSwitchContext)
    i.xPortStartScheduler                    0x08005b50   Section        0  port.o(i.xPortStartScheduler)
    i.xQueueGenericCreate                    0x08005bf8   Section        0  queue.o(i.xQueueGenericCreate)
    i.xQueueGenericCreateStatic              0x08005c40   Section        0  queue.o(i.xQueueGenericCreateStatic)
    i.xQueueGenericReset                     0x08005ca8   Section        0  queue.o(i.xQueueGenericReset)
    i.xQueueGenericSend                      0x08005d30   Section        0  queue.o(i.xQueueGenericSend)
    i.xQueueGenericSendFromISR               0x08005e9c   Section        0  queue.o(i.xQueueGenericSendFromISR)
    i.xQueueGiveFromISR                      0x08005f66   Section        0  queue.o(i.xQueueGiveFromISR)
    i.xQueueReceive                          0x08006014   Section        0  queue.o(i.xQueueReceive)
    i.xQueueSemaphoreTake                    0x0800614c   Section        0  queue.o(i.xQueueSemaphoreTake)
    i.xTaskCheckForTimeOut                   0x080062c4   Section        0  tasks.o(i.xTaskCheckForTimeOut)
    i.xTaskCreate                            0x08006338   Section        0  tasks.o(i.xTaskCreate)
    i.xTaskCreateStatic                      0x08006392   Section        0  tasks.o(i.xTaskCreateStatic)
    i.xTaskGenericNotify                     0x080063e8   Section        0  tasks.o(i.xTaskGenericNotify)
    i.xTaskGetSchedulerState                 0x080064b4   Section        0  tasks.o(i.xTaskGetSchedulerState)
    i.xTaskGetTickCount                      0x080064d0   Section        0  tasks.o(i.xTaskGetTickCount)
    i.xTaskIncrementTick                     0x080064dc   Section        0  tasks.o(i.xTaskIncrementTick)
    i.xTaskNotifyWait                        0x080065a4   Section        0  tasks.o(i.xTaskNotifyWait)
    i.xTaskPriorityDisinherit                0x08006630   Section        0  tasks.o(i.xTaskPriorityDisinherit)
    i.xTaskPriorityInherit                   0x080066b0   Section        0  tasks.o(i.xTaskPriorityInherit)
    i.xTaskRemoveFromEventList               0x08006728   Section        0  tasks.o(i.xTaskRemoveFromEventList)
    i.xTaskResumeAll                         0x0800679c   Section        0  tasks.o(i.xTaskResumeAll)
    i.xTimerCreate                           0x08006860   Section        0  timers.o(i.xTimerCreate)
    i.xTimerCreateTimerTask                  0x08006894   Section        0  timers.o(i.xTimerCreateTimerTask)
    i.xTimerGenericCommand                   0x080068f4   Section        0  timers.o(i.xTimerGenericCommand)
    .constdata                               0x0800695c   Section       18  stm32f1xx_hal_rcc.o(.constdata)
    aPredivFactorTable                       0x0800695c   Data           2  stm32f1xx_hal_rcc.o(.constdata)
    aPLLMULFactorTable                       0x0800695e   Data          16  stm32f1xx_hal_rcc.o(.constdata)
    .constdata                               0x0800696e   Section       18  stm32f1xx_hal_rcc_ex.o(.constdata)
    aPredivFactorTable                       0x0800696e   Data           2  stm32f1xx_hal_rcc_ex.o(.constdata)
    aPLLMULFactorTable                       0x08006970   Data          16  stm32f1xx_hal_rcc_ex.o(.constdata)
    .constdata                               0x08006980   Section       16  system_stm32f1xx.o(.constdata)
    .constdata                               0x08006990   Section        8  system_stm32f1xx.o(.constdata)
    .constdata                               0x08006998   Section     2048  driver_oled.o(.constdata)
    .data                                    0x20000000   Section        8  freertos.o(.data)
    .data                                    0x20000008   Section       12  stm32f1xx_hal.o(.data)
    .data                                    0x20000014   Section        4  system_stm32f1xx.o(.data)
    .data                                    0x20000018   Section       60  tasks.o(.data)
    pxDelayedTaskList                        0x2000001c   Data           4  tasks.o(.data)
    pxOverflowDelayedTaskList                0x20000020   Data           4  tasks.o(.data)
    uxDeletedTasksWaitingCleanUp             0x20000024   Data           4  tasks.o(.data)
    uxCurrentNumberOfTasks                   0x20000028   Data           4  tasks.o(.data)
    xTickCount                               0x2000002c   Data           4  tasks.o(.data)
    uxTopReadyPriority                       0x20000030   Data           4  tasks.o(.data)
    xSchedulerRunning                        0x20000034   Data           4  tasks.o(.data)
    uxPendedTicks                            0x20000038   Data           4  tasks.o(.data)
    xYieldPending                            0x2000003c   Data           4  tasks.o(.data)
    xNumOfOverflows                          0x20000040   Data           4  tasks.o(.data)
    uxTaskNumber                             0x20000044   Data           4  tasks.o(.data)
    xNextTaskUnblockTime                     0x20000048   Data           4  tasks.o(.data)
    xIdleTaskHandle                          0x2000004c   Data           4  tasks.o(.data)
    uxSchedulerSuspended                     0x20000050   Data           4  tasks.o(.data)
    .data                                    0x20000054   Section       20  timers.o(.data)
    pxCurrentTimerList                       0x20000054   Data           4  timers.o(.data)
    pxOverflowTimerList                      0x20000058   Data           4  timers.o(.data)
    xTimerQueue                              0x2000005c   Data           4  timers.o(.data)
    xTimerTaskHandle                         0x20000060   Data           4  timers.o(.data)
    xLastTime                                0x20000064   Data           4  timers.o(.data)
    .data                                    0x20000068   Section        4  cmsis_os2.o(.data)
    KernelState                              0x20000068   Data           4  cmsis_os2.o(.data)
    .data                                    0x2000006c   Section       24  heap_4.o(.data)
    pxEnd                                    0x2000006c   Data           4  heap_4.o(.data)
    xFreeBytesRemaining                      0x20000070   Data           4  heap_4.o(.data)
    xMinimumEverFreeBytesRemaining           0x20000074   Data           4  heap_4.o(.data)
    xBlockAllocatedBit                       0x20000078   Data           4  heap_4.o(.data)
    xStart                                   0x2000007c   Data           8  heap_4.o(.data)
    .data                                    0x20000084   Section       24  port.o(.data)
    ucMaxSysCallPriority                     0x20000084   Data           1  port.o(.data)
    uxCriticalNesting                        0x20000088   Data           4  port.o(.data)
    ulTimerCountsForOneTick                  0x2000008c   Data           4  port.o(.data)
    xMaximumPossibleSuppressedTicks          0x20000090   Data           4  port.o(.data)
    ulStoppedTimerCompensation               0x20000094   Data           4  port.o(.data)
    ulMaxPRIGROUPValue                       0x20000098   Data           4  port.o(.data)
    .data                                    0x2000009c   Section        8  driver_oled.o(.data)
    mem_mode                                 0x2000009c   Data           1  driver_oled.o(.data)
    g_pHI2COLED                              0x200000a0   Data           4  driver_oled.o(.data)
    .data                                    0x200000a4   Section        4  driver_uart.o(.data)
    g_HDebugUART                             0x200000a4   Data           4  driver_uart.o(.data)
    .data                                    0x200000a8   Section       20  freertos_rtc.o(.data)
    m                                        0x200000ac   Data           4  freertos_rtc.o(.data)
    .data                                    0x200000bc   Section        8  freertos_8266.o(.data)
    d                                        0x200000bc   Data           4  freertos_8266.o(.data)
    .data                                    0x200000c4   Section        8  timecall.o(.data)
    xTimeHandle                              0x200000c4   Data           8  timecall.o(.data)
    .data                                    0x200000cc   Section        4  stdout.o(.data)
    .bss                                     0x200000d0   Section       84  i2c.o(.bss)
    .bss                                     0x20000124   Section       20  rtc.o(.bss)
    .bss                                     0x20000138   Section       72  tim.o(.bss)
    .bss                                     0x20000180   Section      624  usart.o(.bss)
    .bss                                     0x200003f0   Section       72  stm32f1xx_hal_timebase_tim.o(.bss)
    .bss                                     0x20000438   Section       64  queue.o(.bss)
    .bss                                     0x20000478   Section     1220  tasks.o(.bss)
    pxReadyTasksLists                        0x20000478   Data        1120  tasks.o(.bss)
    xDelayedTaskList1                        0x200008d8   Data          20  tasks.o(.bss)
    xDelayedTaskList2                        0x200008ec   Data          20  tasks.o(.bss)
    xPendingReadyList                        0x20000900   Data          20  tasks.o(.bss)
    xTasksWaitingTermination                 0x20000914   Data          20  tasks.o(.bss)
    xSuspendedTaskList                       0x20000928   Data          20  tasks.o(.bss)
    .bss                                     0x2000093c   Section      284  timers.o(.bss)
    xActiveTimerList1                        0x2000093c   Data          20  timers.o(.bss)
    xActiveTimerList2                        0x20000950   Data          20  timers.o(.bss)
    xStaticTimerQueue                        0x20000964   Data          84  timers.o(.bss)
    ucStaticTimerQueueStorage                0x200009b8   Data         160  timers.o(.bss)
    .bss                                     0x20000a58   Section     1720  cmsis_os2.o(.bss)
    Idle_TCB                                 0x20000a58   Data          92  cmsis_os2.o(.bss)
    Idle_Stack                               0x20000ab4   Data         512  cmsis_os2.o(.bss)
    Timer_TCB                                0x20000cb4   Data          92  cmsis_os2.o(.bss)
    Timer_Stack                              0x20000d10   Data        1024  cmsis_os2.o(.bss)
    .bss                                     0x20001110   Section     8000  heap_4.o(.bss)
    ucHeap                                   0x20001110   Data        8000  heap_4.o(.bss)
    .bss                                     0x20003050   Section      548  driver_uart.o(.bss)
    .bss                                     0x20003274   Section      270  freertos_8266.o(.bss)
    uart2_to_esp                             0x20003274   Data         260  freertos_8266.o(.bss)
    STACK                                    0x20003388   Section     1024  startup_stm32f103xb.o(STACK)

    Global Symbols

    Symbol Name                              Value     Ov Type        Size  Object(Section)

    BuildAttributes$$THM_ISAv4$P$D$K$B$S$PE$A:L22UL41UL21$X:L11$S22US41US21$IEEE1$IW$USESV6$~STKCKD$USESV7$~SHL$OSPACE$ROPI$EBA8$MICROLIB$REQ8$PRES8$EABIv2 0x00000000   Number         0  anon$$obj.o ABSOLUTE
    __ARM_use_no_argv                        0x00000000   Number         0  main.o ABSOLUTE
    _printf_a                                0x00000000   Number         0  stubs.o ABSOLUTE
    _printf_c                                0x00000000   Number         0  stubs.o ABSOLUTE
    _printf_charcount                        0x00000000   Number         0  stubs.o ABSOLUTE
    _printf_d                                0x00000000   Number         0  stubs.o ABSOLUTE
    _printf_e                                0x00000000   Number         0  stubs.o ABSOLUTE
    _printf_f                                0x00000000   Number         0  stubs.o ABSOLUTE
    _printf_flags                            0x00000000   Number         0  stubs.o ABSOLUTE
    _printf_fp_dec                           0x00000000   Number         0  stubs.o ABSOLUTE
    _printf_fp_hex                           0x00000000   Number         0  stubs.o ABSOLUTE
    _printf_g                                0x00000000   Number         0  stubs.o ABSOLUTE
    _printf_i                                0x00000000   Number         0  stubs.o ABSOLUTE
    _printf_int_dec                          0x00000000   Number         0  stubs.o ABSOLUTE
    _printf_l                                0x00000000   Number         0  stubs.o ABSOLUTE
    _printf_lc                               0x00000000   Number         0  stubs.o ABSOLUTE
    _printf_ll                               0x00000000   Number         0  stubs.o ABSOLUTE
    _printf_lld                              0x00000000   Number         0  stubs.o ABSOLUTE
    _printf_lli                              0x00000000   Number         0  stubs.o ABSOLUTE
    _printf_llo                              0x00000000   Number         0  stubs.o ABSOLUTE
    _printf_llu                              0x00000000   Number         0  stubs.o ABSOLUTE
    _printf_llx                              0x00000000   Number         0  stubs.o ABSOLUTE
    _printf_longlong_dec                     0x00000000   Number         0  stubs.o ABSOLUTE
    _printf_longlong_hex                     0x00000000   Number         0  stubs.o ABSOLUTE
    _printf_longlong_oct                     0x00000000   Number         0  stubs.o ABSOLUTE
    _printf_ls                               0x00000000   Number         0  stubs.o ABSOLUTE
    _printf_mbtowc                           0x00000000   Number         0  stubs.o ABSOLUTE
    _printf_n                                0x00000000   Number         0  stubs.o ABSOLUTE
    _printf_o                                0x00000000   Number         0  stubs.o ABSOLUTE
    _printf_p                                0x00000000   Number         0  stubs.o ABSOLUTE
    _printf_percent                          0x00000000   Number         0  stubs.o ABSOLUTE
    _printf_pre_padding                      0x00000000   Number         0  stubs.o ABSOLUTE
    _printf_return_value                     0x00000000   Number         0  stubs.o ABSOLUTE
    _printf_s                                0x00000000   Number         0  stubs.o ABSOLUTE
    _printf_sizespec                         0x00000000   Number         0  stubs.o ABSOLUTE
    _printf_str                              0x00000000   Number         0  stubs.o ABSOLUTE
    _printf_truncate_signed                  0x00000000   Number         0  stubs.o ABSOLUTE
    _printf_truncate_unsigned                0x00000000   Number         0  stubs.o ABSOLUTE
    _printf_u                                0x00000000   Number         0  stubs.o ABSOLUTE
    _printf_wc                               0x00000000   Number         0  stubs.o ABSOLUTE
    _printf_wctomb                           0x00000000   Number         0  stubs.o ABSOLUTE
    _printf_widthprec                        0x00000000   Number         0  stubs.o ABSOLUTE
    _printf_x                                0x00000000   Number         0  stubs.o ABSOLUTE
    __cpp_initialize__aeabi_                  - Undefined Weak Reference
    __cxa_finalize                            - Undefined Weak Reference
    __decompress                              - Undefined Weak Reference
    _clock_init                               - Undefined Weak Reference
    _microlib_exit                            - Undefined Weak Reference
    __Vectors_Size                           0x000000ec   Number         0  startup_stm32f103xb.o ABSOLUTE
    __Vectors                                0x08000000   Data           4  startup_stm32f103xb.o(RESET)
    __Vectors_End                            0x080000ec   Data           0  startup_stm32f103xb.o(RESET)
    __main                                   0x080000ed   Thumb Code     0  entry.o(.ARM.Collect$$$$00000000)
    _main_stk                                0x080000ed   Thumb Code     0  entry2.o(.ARM.Collect$$$$00000001)
    _main_scatterload                        0x080000f1   Thumb Code     0  entry5.o(.ARM.Collect$$$$00000004)
    __main_after_scatterload                 0x080000f5   Thumb Code     0  entry5.o(.ARM.Collect$$$$00000004)
    _main_clock                              0x080000f5   Thumb Code     0  entry7b.o(.ARM.Collect$$$$00000008)
    _main_cpp_init                           0x080000f5   Thumb Code     0  entry8b.o(.ARM.Collect$$$$0000000A)
    _main_init                               0x080000f5   Thumb Code     0  entry9a.o(.ARM.Collect$$$$0000000B)
    __rt_final_cpp                           0x080000fd   Thumb Code     0  entry10a.o(.ARM.Collect$$$$0000000D)
    __rt_final_exit                          0x080000fd   Thumb Code     0  entry11a.o(.ARM.Collect$$$$0000000F)
    SVC_Handler                              0x08000101   Thumb Code    32  port.o(.emb_text)
    __asm___6_port_c_39a90d8d__prvStartFirstTask 0x08000125   Thumb Code    28  port.o(.emb_text)
    PendSV_Handler                           0x08000145   Thumb Code    72  port.o(.emb_text)
    vPortGetIPSR                             0x08000191   Thumb Code     6  port.o(.emb_text)
    Reset_Handler                            0x08000199   Thumb Code     8  startup_stm32f103xb.o(.text)
    ADC1_2_IRQHandler                        0x080001b3   Thumb Code     0  startup_stm32f103xb.o(.text)
    CAN1_RX1_IRQHandler                      0x080001b3   Thumb Code     0  startup_stm32f103xb.o(.text)
    CAN1_SCE_IRQHandler                      0x080001b3   Thumb Code     0  startup_stm32f103xb.o(.text)
    DMA1_Channel1_IRQHandler                 0x080001b3   Thumb Code     0  startup_stm32f103xb.o(.text)
    EXTI0_IRQHandler                         0x080001b3   Thumb Code     0  startup_stm32f103xb.o(.text)
    EXTI15_10_IRQHandler                     0x080001b3   Thumb Code     0  startup_stm32f103xb.o(.text)
    EXTI1_IRQHandler                         0x080001b3   Thumb Code     0  startup_stm32f103xb.o(.text)
    EXTI2_IRQHandler                         0x080001b3   Thumb Code     0  startup_stm32f103xb.o(.text)
    EXTI3_IRQHandler                         0x080001b3   Thumb Code     0  startup_stm32f103xb.o(.text)
    EXTI4_IRQHandler                         0x080001b3   Thumb Code     0  startup_stm32f103xb.o(.text)
    EXTI9_5_IRQHandler                       0x080001b3   Thumb Code     0  startup_stm32f103xb.o(.text)
    FLASH_IRQHandler                         0x080001b3   Thumb Code     0  startup_stm32f103xb.o(.text)
    I2C1_ER_IRQHandler                       0x080001b3   Thumb Code     0  startup_stm32f103xb.o(.text)
    I2C1_EV_IRQHandler                       0x080001b3   Thumb Code     0  startup_stm32f103xb.o(.text)
    I2C2_ER_IRQHandler                       0x080001b3   Thumb Code     0  startup_stm32f103xb.o(.text)
    I2C2_EV_IRQHandler                       0x080001b3   Thumb Code     0  startup_stm32f103xb.o(.text)
    PVD_IRQHandler                           0x080001b3   Thumb Code     0  startup_stm32f103xb.o(.text)
    RCC_IRQHandler                           0x080001b3   Thumb Code     0  startup_stm32f103xb.o(.text)
    RTC_IRQHandler                           0x080001b3   Thumb Code     0  startup_stm32f103xb.o(.text)
    SPI1_IRQHandler                          0x080001b3   Thumb Code     0  startup_stm32f103xb.o(.text)
    SPI2_IRQHandler                          0x080001b3   Thumb Code     0  startup_stm32f103xb.o(.text)
    TAMPER_IRQHandler                        0x080001b3   Thumb Code     0  startup_stm32f103xb.o(.text)
    TIM1_BRK_IRQHandler                      0x080001b3   Thumb Code     0  startup_stm32f103xb.o(.text)
    TIM1_CC_IRQHandler                       0x080001b3   Thumb Code     0  startup_stm32f103xb.o(.text)
    TIM1_TRG_COM_IRQHandler                  0x080001b3   Thumb Code     0  startup_stm32f103xb.o(.text)
    TIM1_UP_IRQHandler                       0x080001b3   Thumb Code     0  startup_stm32f103xb.o(.text)
    TIM3_IRQHandler                          0x080001b3   Thumb Code     0  startup_stm32f103xb.o(.text)
    USBWakeUp_IRQHandler                     0x080001b3   Thumb Code     0  startup_stm32f103xb.o(.text)
    USB_HP_CAN1_TX_IRQHandler                0x080001b3   Thumb Code     0  startup_stm32f103xb.o(.text)
    USB_LP_CAN1_RX0_IRQHandler               0x080001b3   Thumb Code     0  startup_stm32f103xb.o(.text)
    WWDG_IRQHandler                          0x080001b3   Thumb Code     0  startup_stm32f103xb.o(.text)
    __aeabi_uldivmod                         0x080001bd   Thumb Code    98  uldiv.o(.text)
    __aeabi_llsr                             0x0800021f   Thumb Code    32  llushr.o(.text)
    _ll_ushift_r                             0x0800021f   Thumb Code     0  llushr.o(.text)
    __aeabi_memcpy                           0x0800023f   Thumb Code    36  memcpya.o(.text)
    __aeabi_memcpy4                          0x0800023f   Thumb Code     0  memcpya.o(.text)
    __aeabi_memcpy8                          0x0800023f   Thumb Code     0  memcpya.o(.text)
    __aeabi_memset                           0x08000263   Thumb Code    14  memseta.o(.text)
    __aeabi_memset4                          0x08000263   Thumb Code     0  memseta.o(.text)
    __aeabi_memset8                          0x08000263   Thumb Code     0  memseta.o(.text)
    __aeabi_memclr                           0x08000271   Thumb Code     4  memseta.o(.text)
    __aeabi_memclr4                          0x08000271   Thumb Code     0  memseta.o(.text)
    __aeabi_memclr8                          0x08000271   Thumb Code     0  memseta.o(.text)
    memset                                   0x08000275   Thumb Code    18  memseta.o(.text)
    strstr                                   0x08000287   Thumb Code    36  strstr.o(.text)
    strlen                                   0x080002ab   Thumb Code    14  strlen.o(.text)
    strcpy                                   0x080002b9   Thumb Code    18  strcpy.o(.text)
    __aeabi_uidiv                            0x080002cb   Thumb Code     0  uidiv.o(.text)
    __aeabi_uidivmod                         0x080002cb   Thumb Code    44  uidiv.o(.text)
    __aeabi_llsl                             0x080002f7   Thumb Code    30  llshl.o(.text)
    _ll_shift_l                              0x080002f7   Thumb Code     0  llshl.o(.text)
    __I$use$fp                               0x08000315   Thumb Code     0  iusefp.o(.text)
    __aeabi_dadd                             0x08000315   Thumb Code   322  dadd.o(.text)
    __aeabi_dsub                             0x08000457   Thumb Code     6  dadd.o(.text)
    __aeabi_drsub                            0x0800045d   Thumb Code     6  dadd.o(.text)
    __aeabi_dmul                             0x08000463   Thumb Code   228  dmul.o(.text)
    __aeabi_ddiv                             0x08000547   Thumb Code   222  ddiv.o(.text)
    __aeabi_d2ulz                            0x08000625   Thumb Code    48  dfixul.o(.text)
    __aeabi_cdrcmple                         0x08000655   Thumb Code    48  cdrcmple.o(.text)
    __scatterload                            0x08000685   Thumb Code    28  init.o(.text)
    __scatterload_rt2                        0x08000685   Thumb Code     0  init.o(.text)
    __aeabi_lasr                             0x080006a9   Thumb Code    36  llsshr.o(.text)
    _ll_sshift_r                             0x080006a9   Thumb Code     0  llsshr.o(.text)
    _double_round                            0x080006cd   Thumb Code    30  depilogue.o(.text)
    _double_epilogue                         0x080006eb   Thumb Code   156  depilogue.o(.text)
    BusFault_Handler                         0x08000787   Thumb Code     2  stm32f1xx_it.o(i.BusFault_Handler)
    DMA1_Channel2_IRQHandler                 0x08000789   Thumb Code     6  stm32f1xx_it.o(i.DMA1_Channel2_IRQHandler)
    DMA1_Channel3_IRQHandler                 0x08000795   Thumb Code     6  stm32f1xx_it.o(i.DMA1_Channel3_IRQHandler)
    DMA1_Channel4_IRQHandler                 0x080007a1   Thumb Code     6  stm32f1xx_it.o(i.DMA1_Channel4_IRQHandler)
    DMA1_Channel5_IRQHandler                 0x080007ad   Thumb Code     6  stm32f1xx_it.o(i.DMA1_Channel5_IRQHandler)
    DMA1_Channel6_IRQHandler                 0x080007b9   Thumb Code     6  stm32f1xx_it.o(i.DMA1_Channel6_IRQHandler)
    DMA1_Channel7_IRQHandler                 0x080007c5   Thumb Code     6  stm32f1xx_it.o(i.DMA1_Channel7_IRQHandler)
    DebugMon_Handler                         0x080007fb   Thumb Code     2  stm32f1xx_it.o(i.DebugMon_Handler)
    ESP8266_SendCmd                          0x080007fd   Thumb Code    76  freertos_8266.o(i.ESP8266_SendCmd)
    Error_Handler                            0x08000869   Thumb Code     4  main.o(i.Error_Handler)
    HAL_DMA_Abort                            0x0800086d   Thumb Code    70  stm32f1xx_hal_dma.o(i.HAL_DMA_Abort)
    HAL_DMA_Abort_IT                         0x080008b5   Thumb Code   148  stm32f1xx_hal_dma.o(i.HAL_DMA_Abort_IT)
    HAL_DMA_IRQHandler                       0x0800094d   Thumb Code   316  stm32f1xx_hal_dma.o(i.HAL_DMA_IRQHandler)
    HAL_DMA_Init                             0x08000aa1   Thumb Code    84  stm32f1xx_hal_dma.o(i.HAL_DMA_Init)
    HAL_DMA_Start_IT                         0x08000afd   Thumb Code   112  stm32f1xx_hal_dma.o(i.HAL_DMA_Start_IT)
    HAL_GPIO_Init                            0x08000b6d   Thumb Code   446  stm32f1xx_hal_gpio.o(i.HAL_GPIO_Init)
    HAL_GPIO_WritePin                        0x08000d4d   Thumb Code    10  stm32f1xx_hal_gpio.o(i.HAL_GPIO_WritePin)
    HAL_GetTick                              0x08000d59   Thumb Code     6  stm32f1xx_hal.o(i.HAL_GetTick)
    HAL_I2C_Init                             0x08000d65   Thumb Code   376  stm32f1xx_hal_i2c.o(i.HAL_I2C_Init)
    HAL_I2C_Master_Transmit                  0x08000eed   Thumb Code   290  stm32f1xx_hal_i2c.o(i.HAL_I2C_Master_Transmit)
    HAL_I2C_Mem_Write                        0x08001019   Thumb Code   294  stm32f1xx_hal_i2c.o(i.HAL_I2C_Mem_Write)
    HAL_I2C_MspInit                          0x08001149   Thumb Code    80  i2c.o(i.HAL_I2C_MspInit)
    HAL_IncTick                              0x080011a5   Thumb Code    12  stm32f1xx_hal.o(i.HAL_IncTick)
    HAL_Init                                 0x080011b5   Thumb Code    32  stm32f1xx_hal.o(i.HAL_Init)
    HAL_InitTick                             0x080011d9   Thumb Code   132  stm32f1xx_hal_timebase_tim.o(i.HAL_InitTick)
    HAL_MspInit                              0x08001271   Thumb Code    62  stm32f1xx_hal_msp.o(i.HAL_MspInit)
    HAL_NVIC_EnableIRQ                       0x080012b9   Thumb Code    26  stm32f1xx_hal_cortex.o(i.HAL_NVIC_EnableIRQ)
    HAL_NVIC_SetPriority                     0x080012d5   Thumb Code    60  stm32f1xx_hal_cortex.o(i.HAL_NVIC_SetPriority)
    HAL_NVIC_SetPriorityGrouping             0x08001315   Thumb Code    26  stm32f1xx_hal_cortex.o(i.HAL_NVIC_SetPriorityGrouping)
    HAL_PWR_EnableBkUpAccess                 0x08001339   Thumb Code     8  stm32f1xx_hal_pwr.o(i.HAL_PWR_EnableBkUpAccess)
    HAL_RCCEx_GetPeriphCLKFreq               0x08001345   Thumb Code   148  stm32f1xx_hal_rcc_ex.o(i.HAL_RCCEx_GetPeriphCLKFreq)
    HAL_RCCEx_PeriphCLKConfig                0x080013e9   Thumb Code   224  stm32f1xx_hal_rcc_ex.o(i.HAL_RCCEx_PeriphCLKConfig)
    HAL_RCC_ClockConfig                      0x080014d5   Thumb Code   280  stm32f1xx_hal_rcc.o(i.HAL_RCC_ClockConfig)
    HAL_RCC_GetClockConfig                   0x08001601   Thumb Code    54  stm32f1xx_hal_rcc.o(i.HAL_RCC_GetClockConfig)
    HAL_RCC_GetPCLK1Freq                     0x08001641   Thumb Code    20  stm32f1xx_hal_rcc.o(i.HAL_RCC_GetPCLK1Freq)
    HAL_RCC_GetPCLK2Freq                     0x08001661   Thumb Code    20  stm32f1xx_hal_rcc.o(i.HAL_RCC_GetPCLK2Freq)
    HAL_RCC_GetSysClockFreq                  0x08001681   Thumb Code    58  stm32f1xx_hal_rcc.o(i.HAL_RCC_GetSysClockFreq)
    HAL_RCC_OscConfig                        0x080016cd   Thumb Code   778  stm32f1xx_hal_rcc.o(i.HAL_RCC_OscConfig)
    HAL_RTC_AlarmAEventCallback              0x080019ed   Thumb Code    98  freertos_rtc.o(i.HAL_RTC_AlarmAEventCallback)
    HAL_RTC_AlarmIRQHandler                  0x08001a75   Thumb Code    48  stm32f1xx_hal_rtc.o(i.HAL_RTC_AlarmIRQHandler)
    HAL_RTC_GetTime                          0x08001aa9   Thumb Code   216  stm32f1xx_hal_rtc.o(i.HAL_RTC_GetTime)
    HAL_RTC_Init                             0x08001b81   Thumb Code   144  stm32f1xx_hal_rtc.o(i.HAL_RTC_Init)
    HAL_RTC_MspInit                          0x08001c15   Thumb Code    60  rtc.o(i.HAL_RTC_MspInit)
    HAL_RTC_SetAlarm_IT                      0x08001c5d   Thumb Code   226  stm32f1xx_hal_rtc.o(i.HAL_RTC_SetAlarm_IT)
    HAL_RTC_SetDate                          0x08001d49   Thumb Code   192  stm32f1xx_hal_rtc.o(i.HAL_RTC_SetDate)
    HAL_RTC_SetTime                          0x08001e0d   Thumb Code   168  stm32f1xx_hal_rtc.o(i.HAL_RTC_SetTime)
    HAL_RTC_WaitForSynchro                   0x08001eb9   Thumb Code    58  stm32f1xx_hal_rtc.o(i.HAL_RTC_WaitForSynchro)
    HAL_TIMEx_BreakCallback                  0x08001ef3   Thumb Code     2  stm32f1xx_hal_tim_ex.o(i.HAL_TIMEx_BreakCallback)
    HAL_TIMEx_CommutCallback                 0x08001ef5   Thumb Code     2  stm32f1xx_hal_tim_ex.o(i.HAL_TIMEx_CommutCallback)
    HAL_TIMEx_MasterConfigSynchronization    0x08001ef9   Thumb Code    92  stm32f1xx_hal_tim_ex.o(i.HAL_TIMEx_MasterConfigSynchronization)
    HAL_TIM_Base_Init                        0x08001f61   Thumb Code    90  stm32f1xx_hal_tim.o(i.HAL_TIM_Base_Init)
    HAL_TIM_Base_MspInit                     0x08001fbd   Thumb Code    50  tim.o(i.HAL_TIM_Base_MspInit)
    HAL_TIM_Base_Start_IT                    0x08001ff5   Thumb Code    76  stm32f1xx_hal_tim.o(i.HAL_TIM_Base_Start_IT)
    HAL_TIM_ConfigClockSource                0x0800204d   Thumb Code   220  stm32f1xx_hal_tim.o(i.HAL_TIM_ConfigClockSource)
    HAL_TIM_IC_CaptureCallback               0x08002129   Thumb Code     2  stm32f1xx_hal_tim.o(i.HAL_TIM_IC_CaptureCallback)
    HAL_TIM_IRQHandler                       0x0800212b   Thumb Code   358  stm32f1xx_hal_tim.o(i.HAL_TIM_IRQHandler)
    HAL_TIM_OC_DelayElapsedCallback          0x08002291   Thumb Code     2  stm32f1xx_hal_tim.o(i.HAL_TIM_OC_DelayElapsedCallback)
    HAL_TIM_PWM_PulseFinishedCallback        0x08002293   Thumb Code     2  stm32f1xx_hal_tim.o(i.HAL_TIM_PWM_PulseFinishedCallback)
    HAL_TIM_PeriodElapsedCallback            0x08002295   Thumb Code    14  main.o(i.HAL_TIM_PeriodElapsedCallback)
    HAL_TIM_TriggerCallback                  0x080022a9   Thumb Code     2  stm32f1xx_hal_tim.o(i.HAL_TIM_TriggerCallback)
    HAL_UARTEx_ReceiveToIdle_DMA             0x080022ab   Thumb Code    78  stm32f1xx_hal_uart.o(i.HAL_UARTEx_ReceiveToIdle_DMA)
    HAL_UARTEx_RxEventCallback               0x080022f9   Thumb Code   134  driver_uart.o(i.HAL_UARTEx_RxEventCallback)
    HAL_UART_ErrorCallback                   0x080023c1   Thumb Code     2  stm32f1xx_hal_uart.o(i.HAL_UART_ErrorCallback)
    HAL_UART_GetState                        0x080023c3   Thumb Code    10  stm32f1xx_hal_uart.o(i.HAL_UART_GetState)
    HAL_UART_IRQHandler                      0x080023cd   Thumb Code   616  stm32f1xx_hal_uart.o(i.HAL_UART_IRQHandler)
    HAL_UART_Init                            0x08002639   Thumb Code   100  stm32f1xx_hal_uart.o(i.HAL_UART_Init)
    HAL_UART_MspInit                         0x0800269d   Thumb Code   624  usart.o(i.HAL_UART_MspInit)
    HAL_UART_RxCpltCallback                  0x08002931   Thumb Code     2  stm32f1xx_hal_uart.o(i.HAL_UART_RxCpltCallback)
    HAL_UART_RxHalfCpltCallback              0x08002933   Thumb Code     2  stm32f1xx_hal_uart.o(i.HAL_UART_RxHalfCpltCallback)
    HAL_UART_Transmit                        0x08002935   Thumb Code   154  stm32f1xx_hal_uart.o(i.HAL_UART_Transmit)
    HAL_UART_Transmit_DMA                    0x080029d1   Thumb Code   106  stm32f1xx_hal_uart.o(i.HAL_UART_Transmit_DMA)
    HAL_UART_TxCpltCallback                  0x08002a49   Thumb Code    54  driver_uart.o(i.HAL_UART_TxCpltCallback)
    HAL_UART_TxHalfCpltCallback              0x08002a91   Thumb Code     2  stm32f1xx_hal_uart.o(i.HAL_UART_TxHalfCpltCallback)
    HardFault_Handler                        0x08002a93   Thumb Code     2  stm32f1xx_it.o(i.HardFault_Handler)
    MX_DMA_Init                              0x08002e05   Thumb Code   120  dma.o(i.MX_DMA_Init)
    MX_FREERTOS_Init                         0x08002e81   Thumb Code    70  freertos.o(i.MX_FREERTOS_Init)
    MX_GPIO_Init                             0x08002f09   Thumb Code   132  gpio.o(i.MX_GPIO_Init)
    MX_I2C1_Init                             0x08002f95   Thumb Code    50  i2c.o(i.MX_I2C1_Init)
    MX_RTC_Init                              0x08002fd5   Thumb Code   108  rtc.o(i.MX_RTC_Init)
    MX_TIM2_Init                             0x08003049   Thumb Code   100  tim.o(i.MX_TIM2_Init)
    MX_USART1_UART_Init                      0x080030b1   Thumb Code    48  usart.o(i.MX_USART1_UART_Init)
    MX_USART2_UART_Init                      0x080030e9   Thumb Code    48  usart.o(i.MX_USART2_UART_Init)
    MX_USART3_UART_Init                      0x08003121   Thumb Code    48  usart.o(i.MX_USART3_UART_Init)
    MemManage_Handler                        0x08003159   Thumb Code     2  stm32f1xx_it.o(i.MemManage_Handler)
    NMI_Handler                              0x0800315b   Thumb Code     2  stm32f1xx_it.o(i.NMI_Handler)
    OLED_Clear                               0x0800315d   Thumb Code    42  driver_oled.o(i.OLED_Clear)
    OLED_Init                                0x08003189   Thumb Code   142  driver_oled.o(i.OLED_Init)
    OLED_PrintSignedVal                      0x0800321d   Thumb Code   126  driver_oled.o(i.OLED_PrintSignedVal)
    OLED_PrintString                         0x0800329b   Thumb Code    50  driver_oled.o(i.OLED_PrintString)
    OLED_PutChar                             0x080032cd   Thumb Code    66  driver_oled.o(i.OLED_PutChar)
    OLED_SetPosition                         0x08003341   Thumb Code    58  driver_oled.o(i.OLED_SetPosition)
    OLED_Test                                0x08003381   Thumb Code    40  driver_oled.o(i.OLED_Test)
    POST_SLEEP_PROCESSING                    0x08003401   Thumb Code    54  freertos_demo.o(i.POST_SLEEP_PROCESSING)
    PRE_SLEEP_PROCESSING                     0x0800343d   Thumb Code    28  freertos_demo.o(i.PRE_SLEEP_PROCESSING)
    RTC_Alarm_IRQHandler                     0x0800345d   Thumb Code     6  stm32f1xx_it.o(i.RTC_Alarm_IRQHandler)
    SysTick_Handler                          0x08003681   Thumb Code    38  port.o(i.SysTick_Handler)
    SystemClock_Config                       0x080036ad   Thumb Code   128  main.o(i.SystemClock_Config)
    SystemInit                               0x0800372d   Thumb Code     2  system_stm32f1xx.o(i.SystemInit)
    TIM2_IRQHandler                          0x08003731   Thumb Code     6  stm32f1xx_it.o(i.TIM2_IRQHandler)
    TIM4_IRQHandler                          0x0800373d   Thumb Code     6  stm32f1xx_it.o(i.TIM4_IRQHandler)
    TIM_Base_SetConfig                       0x08003749   Thumb Code    94  stm32f1xx_hal_tim.o(i.TIM_Base_SetConfig)
    TIM_ETR_SetConfig                        0x080037b5   Thumb Code    20  stm32f1xx_hal_tim.o(i.TIM_ETR_SetConfig)
    UART_Start_Receive_DMA                   0x08003b4d   Thumb Code   130  stm32f1xx_hal_uart.o(i.UART_Start_Receive_DMA)
    USART1_IRQHandler                        0x08003c55   Thumb Code     6  stm32f1xx_it.o(i.USART1_IRQHandler)
    USART2_IRQHandler                        0x08003c61   Thumb Code     6  stm32f1xx_it.o(i.USART2_IRQHandler)
    USART3_IRQHandler                        0x08003c6d   Thumb Code     6  stm32f1xx_it.o(i.USART3_IRQHandler)
    UsageFault_Handler                       0x08003c79   Thumb Code     2  stm32f1xx_it.o(i.UsageFault_Handler)
    __0printf                                0x08003c7d   Thumb Code    22  printfa.o(i.__0printf)
    __1printf                                0x08003c7d   Thumb Code     0  printfa.o(i.__0printf)
    __2printf                                0x08003c7d   Thumb Code     0  printfa.o(i.__0printf)
    __c89printf                              0x08003c7d   Thumb Code     0  printfa.o(i.__0printf)
    printf                                   0x08003c7d   Thumb Code     0  printfa.o(i.__0printf)
    __0vsnprintf                             0x08003c9d   Thumb Code    40  printfa.o(i.__0vsnprintf)
    __1vsnprintf                             0x08003c9d   Thumb Code     0  printfa.o(i.__0vsnprintf)
    __2vsnprintf                             0x08003c9d   Thumb Code     0  printfa.o(i.__0vsnprintf)
    __c89vsnprintf                           0x08003c9d   Thumb Code     0  printfa.o(i.__0vsnprintf)
    vsnprintf                                0x08003c9d   Thumb Code     0  printfa.o(i.__0vsnprintf)
    __0vsprintf                              0x08003cc9   Thumb Code    30  printfa.o(i.__0vsprintf)
    __1vsprintf                              0x08003cc9   Thumb Code     0  printfa.o(i.__0vsprintf)
    __2vsprintf                              0x08003cc9   Thumb Code     0  printfa.o(i.__0vsprintf)
    __c89vsprintf                            0x08003cc9   Thumb Code     0  printfa.o(i.__0vsprintf)
    vsprintf                                 0x08003cc9   Thumb Code     0  printfa.o(i.__0vsprintf)
    __scatterload_copy                       0x08003d0d   Thumb Code    14  handlers.o(i.__scatterload_copy)
    __scatterload_null                       0x08003d1b   Thumb Code     2  handlers.o(i.__scatterload_null)
    __scatterload_zeroinit                   0x08003d1d   Thumb Code    14  handlers.o(i.__scatterload_zeroinit)
    create_time_1                            0x08004601   Thumb Code    26  timecall.o(i.create_time_1)
    eTaskConfirmSleepModeStatus              0x0800462d   Thumb Code    38  tasks.o(i.eTaskConfirmSleepModeStatus)
    esp8266_init                             0x0800465d   Thumb Code    84  freertos_8266.o(i.esp8266_init)
    fputc                                    0x08004771   Thumb Code    22  driver_uart.o(i.fputc)
    main                                     0x0800478d   Thumb Code   124  main.o(i.main)
    osKernelInitialize                       0x0800482d   Thumb Code    50  cmsis_os2.o(i.osKernelInitialize)
    osKernelStart                            0x08004865   Thumb Code    58  cmsis_os2.o(i.osKernelStart)
    print_usart1                             0x080048a5   Thumb Code   122  driver_uart.o(i.print_usart1)
    print_usart2                             0x0800492d   Thumb Code   104  driver_uart.o(i.print_usart2)
    print_usart3                             0x0800499d   Thumb Code   100  driver_uart.o(i.print_usart3)
    pvPortMalloc                             0x0800526d   Thumb Code   210  heap_4.o(i.pvPortMalloc)
    pvTaskIncrementMutexHeldCount            0x08005345   Thumb Code    18  tasks.o(i.pvTaskIncrementMutexHeldCount)
    pxPortInitialiseStack                    0x0800535d   Thumb Code    32  port.o(i.pxPortInitialiseStack)
    start_time_1                             0x08005381   Thumb Code    32  timecall.o(i.start_time_1)
    stm32_uart_init                          0x080053a5   Thumb Code    20  driver_uart.o(i.stm32_uart_init)
    stop_time_1                              0x080053b9   Thumb Code    24  timecall.o(i.stop_time_1)
    timeCallBackTask                         0x080053d5   Thumb Code    14  timecall.o(i.timeCallBackTask)
    uart2_Task                               0x080053e9   Thumb Code   114  freertos_8266.o(i.uart2_Task)
    uxListRemove                             0x080054d5   Thumb Code    38  list.o(i.uxListRemove)
    vApplicationGetIdleTaskMemory            0x080054fd   Thumb Code    16  cmsis_os2.o(i.vApplicationGetIdleTaskMemory)
    vApplicationGetTimerTaskMemory           0x08005511   Thumb Code    18  cmsis_os2.o(i.vApplicationGetTimerTaskMemory)
    vListInitialise                          0x08005529   Thumb Code    22  list.o(i.vListInitialise)
    vListInitialiseItem                      0x0800553f   Thumb Code     6  list.o(i.vListInitialiseItem)
    vListInsert                              0x08005545   Thumb Code    48  list.o(i.vListInsert)
    vListInsertEnd                           0x08005575   Thumb Code    24  list.o(i.vListInsertEnd)
    vPortEnterCritical                       0x0800558d   Thumb Code    54  port.o(i.vPortEnterCritical)
    vPortExitCritical                        0x080055cd   Thumb Code    34  port.o(i.vPortExitCritical)
    vPortFree                                0x080055f5   Thumb Code    88  heap_4.o(i.vPortFree)
    vPortSetupTimerInterrupt                 0x08005651   Thumb Code    64  port.o(i.vPortSetupTimerInterrupt)
    vPortSuppressTicksAndSleep               0x08005699   Thumb Code   222  port.o(i.vPortSuppressTicksAndSleep)
    vPortValidateInterruptPriority           0x0800577d   Thumb Code    74  port.o(i.vPortValidateInterruptPriority)
    vQueueAddToRegistry                      0x080057d1   Thumb Code    34  queue.o(i.vQueueAddToRegistry)
    vQueueWaitForMessageRestricted           0x080057f9   Thumb Code    68  queue.o(i.vQueueWaitForMessageRestricted)
    vTaskDelay                               0x0800583d   Thumb Code    66  tasks.o(i.vTaskDelay)
    vTaskDelete                              0x08005889   Thumb Code   130  tasks.o(i.vTaskDelete)
    vTaskInternalSetTimeOutState             0x08005919   Thumb Code    12  tasks.o(i.vTaskInternalSetTimeOutState)
    vTaskMissedYield                         0x08005929   Thumb Code     8  tasks.o(i.vTaskMissedYield)
    vTaskPlaceOnEventList                    0x08005935   Thumb Code    44  tasks.o(i.vTaskPlaceOnEventList)
    vTaskPlaceOnEventListRestricted          0x08005965   Thumb Code    52  tasks.o(i.vTaskPlaceOnEventListRestricted)
    vTaskPriorityDisinheritAfterTimeout      0x0800599d   Thumb Code   134  tasks.o(i.vTaskPriorityDisinheritAfterTimeout)
    vTaskStartScheduler                      0x08005a2d   Thumb Code   118  tasks.o(i.vTaskStartScheduler)
    vTaskStepTick                            0x08005ab5   Thumb Code    36  tasks.o(i.vTaskStepTick)
    vTaskSuspendAll                          0x08005add   Thumb Code    10  tasks.o(i.vTaskSuspendAll)
    vTaskSwitchContext                       0x08005aed   Thumb Code    90  tasks.o(i.vTaskSwitchContext)
    xPortStartScheduler                      0x08005b51   Thumb Code   154  port.o(i.xPortStartScheduler)
    xQueueGenericCreate                      0x08005bf9   Thumb Code    72  queue.o(i.xQueueGenericCreate)
    xQueueGenericCreateStatic                0x08005c41   Thumb Code   102  queue.o(i.xQueueGenericCreateStatic)
    xQueueGenericReset                       0x08005ca9   Thumb Code   132  queue.o(i.xQueueGenericReset)
    xQueueGenericSend                        0x08005d31   Thumb Code   360  queue.o(i.xQueueGenericSend)
    xQueueGenericSendFromISR                 0x08005e9d   Thumb Code   202  queue.o(i.xQueueGenericSendFromISR)
    xQueueGiveFromISR                        0x08005f67   Thumb Code   174  queue.o(i.xQueueGiveFromISR)
    xQueueReceive                            0x08006015   Thumb Code   308  queue.o(i.xQueueReceive)
    xQueueSemaphoreTake                      0x0800614d   Thumb Code   372  queue.o(i.xQueueSemaphoreTake)
    xTaskCheckForTimeOut                     0x080062c5   Thumb Code   112  tasks.o(i.xTaskCheckForTimeOut)
    xTaskCreate                              0x08006339   Thumb Code    90  tasks.o(i.xTaskCreate)
    xTaskCreateStatic                        0x08006393   Thumb Code    86  tasks.o(i.xTaskCreateStatic)
    xTaskGenericNotify                       0x080063e9   Thumb Code   192  tasks.o(i.xTaskGenericNotify)
    xTaskGetSchedulerState                   0x080064b5   Thumb Code    22  tasks.o(i.xTaskGetSchedulerState)
    xTaskGetTickCount                        0x080064d1   Thumb Code     6  tasks.o(i.xTaskGetTickCount)
    xTaskIncrementTick                       0x080064dd   Thumb Code   190  tasks.o(i.xTaskIncrementTick)
    xTaskNotifyWait                          0x080065a5   Thumb Code   130  tasks.o(i.xTaskNotifyWait)
    xTaskPriorityDisinherit                  0x08006631   Thumb Code   118  tasks.o(i.xTaskPriorityDisinherit)
    xTaskPriorityInherit                     0x080066b1   Thumb Code   112  tasks.o(i.xTaskPriorityInherit)
    xTaskRemoveFromEventList                 0x08006729   Thumb Code   104  tasks.o(i.xTaskRemoveFromEventList)
    xTaskResumeAll                           0x0800679d   Thumb Code   182  tasks.o(i.xTaskResumeAll)
    xTimerCreate                             0x08006861   Thumb Code    52  timers.o(i.xTimerCreate)
    xTimerCreateTimerTask                    0x08006895   Thumb Code    78  timers.o(i.xTimerCreateTimerTask)
    xTimerGenericCommand                     0x080068f5   Thumb Code    98  timers.o(i.xTimerGenericCommand)
    AHBPrescTable                            0x08006980   Data          16  system_stm32f1xx.o(.constdata)
    APBPrescTable                            0x08006990   Data           8  system_stm32f1xx.o(.constdata)
    ascii_font                               0x08006998   Data        2048  driver_oled.o(.constdata)
    Region$$Table$$Base                      0x08007198   Number         0  anon$$obj.o(Region$$Table)
    Region$$Table$$Limit                     0x080071b8   Number         0  anon$$obj.o(Region$$Table)
    oled_Handle                              0x20000000   Data           4  freertos.o(.data)
    esp8266_init_Handle                      0x20000004   Data           4  freertos.o(.data)
    uwTickFreq                               0x20000008   Data           1  stm32f1xx_hal.o(.data)
    uwTickPrio                               0x2000000c   Data           4  stm32f1xx_hal.o(.data)
    uwTick                                   0x20000010   Data           4  stm32f1xx_hal.o(.data)
    SystemCoreClock                          0x20000014   Data           4  system_stm32f1xx.o(.data)
    pxCurrentTCB                             0x20000018   Data           4  tasks.o(.data)
    GetTime                                  0x200000a8   Data           3  freertos_rtc.o(.data)
    GetData                                  0x200000b0   Data           4  freertos_rtc.o(.data)
    aTime                                    0x200000b4   Data           8  freertos_rtc.o(.data)
    uart2_to_wifi_Queue                      0x200000c0   Data           4  freertos_8266.o(.data)
    __stdout                                 0x200000cc   Data           4  stdout.o(.data)
    hi2c1                                    0x200000d0   Data          84  i2c.o(.bss)
    hrtc                                     0x20000124   Data          20  rtc.o(.bss)
    htim2                                    0x20000138   Data          72  tim.o(.bss)
    huart1                                   0x20000180   Data          72  usart.o(.bss)
    huart2                                   0x200001c8   Data          72  usart.o(.bss)
    huart3                                   0x20000210   Data          72  usart.o(.bss)
    hdma_usart1_rx                           0x20000258   Data          68  usart.o(.bss)
    hdma_usart1_tx                           0x2000029c   Data          68  usart.o(.bss)
    hdma_usart2_rx                           0x200002e0   Data          68  usart.o(.bss)
    hdma_usart2_tx                           0x20000324   Data          68  usart.o(.bss)
    hdma_usart3_rx                           0x20000368   Data          68  usart.o(.bss)
    hdma_usart3_tx                           0x200003ac   Data          68  usart.o(.bss)
    htim4                                    0x200003f0   Data          72  stm32f1xx_hal_timebase_tim.o(.bss)
    xQueueRegistry                           0x20000438   Data          64  queue.o(.bss)
    uart_1                                   0x20003050   Data         264  driver_uart.o(.bss)
    uart_2                                   0x20003158   Data         264  driver_uart.o(.bss)
    uart_3                                   0x20003260   Data          20  driver_uart.o(.bss)
    rev_ok                                   0x20003378   Data          10  freertos_8266.o(.bss)
    __initial_sp                             0x20003788   Data           0  startup_stm32f103xb.o(STACK)



==============================================================================

Memory Map of the image

  Image Entry point : 0x080000ed

  Load Region LR_IROM1 (Base: 0x08000000, Size: 0x00007288, Max: 0x00010000, ABSOLUTE)

    Execution Region ER_IROM1 (Exec base: 0x08000000, Load base: 0x08000000, Size: 0x000071b8, Max: 0x00010000, ABSOLUTE)

    Exec Addr    Load Addr    Size         Type   Attr      Idx    E Section Name        Object

    0x08000000   0x08000000   0x000000ec   Data   RO            3    RESET               startup_stm32f103xb.o
    0x080000ec   0x080000ec   0x00000000   Code   RO         6173  * .ARM.Collect$$$$00000000  mc_w.l(entry.o)
    0x080000ec   0x080000ec   0x00000004   Code   RO         6485    .ARM.Collect$$$$00000001  mc_w.l(entry2.o)
    0x080000f0   0x080000f0   0x00000004   Code   RO         6488    .ARM.Collect$$$$00000004  mc_w.l(entry5.o)
    0x080000f4   0x080000f4   0x00000000   Code   RO         6490    .ARM.Collect$$$$00000008  mc_w.l(entry7b.o)
    0x080000f4   0x080000f4   0x00000000   Code   RO         6492    .ARM.Collect$$$$0000000A  mc_w.l(entry8b.o)
    0x080000f4   0x080000f4   0x00000008   Code   RO         6493    .ARM.Collect$$$$0000000B  mc_w.l(entry9a.o)
    0x080000fc   0x080000fc   0x00000000   Code   RO         6495    .ARM.Collect$$$$0000000D  mc_w.l(entry10a.o)
    0x080000fc   0x080000fc   0x00000000   Code   RO         6497    .ARM.Collect$$$$0000000F  mc_w.l(entry11a.o)
    0x080000fc   0x080000fc   0x00000004   Code   RO         6486    .ARM.Collect$$$$00002712  mc_w.l(entry2.o)
    0x08000100   0x08000100   0x00000096   Code   RO         5400    .emb_text           port.o
    0x08000196   0x08000196   0x00000002   PAD
    0x08000198   0x08000198   0x00000024   Code   RO            4    .text               startup_stm32f103xb.o
    0x080001bc   0x080001bc   0x00000062   Code   RO         6176    .text               mc_w.l(uldiv.o)
    0x0800021e   0x0800021e   0x00000020   Code   RO         6178    .text               mc_w.l(llushr.o)
    0x0800023e   0x0800023e   0x00000024   Code   RO         6180    .text               mc_w.l(memcpya.o)
    0x08000262   0x08000262   0x00000024   Code   RO         6184    .text               mc_w.l(memseta.o)
    0x08000286   0x08000286   0x00000024   Code   RO         6186    .text               mc_w.l(strstr.o)
    0x080002aa   0x080002aa   0x0000000e   Code   RO         6188    .text               mc_w.l(strlen.o)
    0x080002b8   0x080002b8   0x00000012   Code   RO         6192    .text               mc_w.l(strcpy.o)
    0x080002ca   0x080002ca   0x0000002c   Code   RO         6500    .text               mc_w.l(uidiv.o)
    0x080002f6   0x080002f6   0x0000001e   Code   RO         6502    .text               mc_w.l(llshl.o)
    0x08000314   0x08000314   0x00000000   Code   RO         6506    .text               mc_w.l(iusefp.o)
    0x08000314   0x08000314   0x0000014e   Code   RO         6507    .text               mf_w.l(dadd.o)
    0x08000462   0x08000462   0x000000e4   Code   RO         6509    .text               mf_w.l(dmul.o)
    0x08000546   0x08000546   0x000000de   Code   RO         6511    .text               mf_w.l(ddiv.o)
    0x08000624   0x08000624   0x00000030   Code   RO         6513    .text               mf_w.l(dfixul.o)
    0x08000654   0x08000654   0x00000030   Code   RO         6515    .text               mf_w.l(cdrcmple.o)
    0x08000684   0x08000684   0x00000024   Code   RO         6517    .text               mc_w.l(init.o)
    0x080006a8   0x080006a8   0x00000024   Code   RO         6519    .text               mc_w.l(llsshr.o)
    0x080006cc   0x080006cc   0x000000ba   Code   RO         6521    .text               mf_w.l(depilogue.o)
    0x08000786   0x08000786   0x00000002   Code   RO          526    i.BusFault_Handler  stm32f1xx_it.o
    0x08000788   0x08000788   0x0000000c   Code   RO          527    i.DMA1_Channel2_IRQHandler  stm32f1xx_it.o
    0x08000794   0x08000794   0x0000000c   Code   RO          528    i.DMA1_Channel3_IRQHandler  stm32f1xx_it.o
    0x080007a0   0x080007a0   0x0000000c   Code   RO          529    i.DMA1_Channel4_IRQHandler  stm32f1xx_it.o
    0x080007ac   0x080007ac   0x0000000c   Code   RO          530    i.DMA1_Channel5_IRQHandler  stm32f1xx_it.o
    0x080007b8   0x080007b8   0x0000000c   Code   RO          531    i.DMA1_Channel6_IRQHandler  stm32f1xx_it.o
    0x080007c4   0x080007c4   0x0000000c   Code   RO          532    i.DMA1_Channel7_IRQHandler  stm32f1xx_it.o
    0x080007d0   0x080007d0   0x0000002a   Code   RO         1135    i.DMA_SetConfig     stm32f1xx_hal_dma.o
    0x080007fa   0x080007fa   0x00000002   Code   RO          533    i.DebugMon_Handler  stm32f1xx_it.o
    0x080007fc   0x080007fc   0x0000006c   Code   RO         5933    i.ESP8266_SendCmd   freertos_8266.o
    0x08000868   0x08000868   0x00000004   Code   RO           13    i.Error_Handler     main.o
    0x0800086c   0x0800086c   0x00000046   Code   RO         1136    i.HAL_DMA_Abort     stm32f1xx_hal_dma.o
    0x080008b2   0x080008b2   0x00000002   PAD
    0x080008b4   0x080008b4   0x00000098   Code   RO         1137    i.HAL_DMA_Abort_IT  stm32f1xx_hal_dma.o
    0x0800094c   0x0800094c   0x00000154   Code   RO         1141    i.HAL_DMA_IRQHandler  stm32f1xx_hal_dma.o
    0x08000aa0   0x08000aa0   0x0000005c   Code   RO         1142    i.HAL_DMA_Init      stm32f1xx_hal_dma.o
    0x08000afc   0x08000afc   0x00000070   Code   RO         1146    i.HAL_DMA_Start_IT  stm32f1xx_hal_dma.o
    0x08000b6c   0x08000b6c   0x000001e0   Code   RO         1072    i.HAL_GPIO_Init     stm32f1xx_hal_gpio.o
    0x08000d4c   0x08000d4c   0x0000000a   Code   RO         1076    i.HAL_GPIO_WritePin  stm32f1xx_hal_gpio.o
    0x08000d56   0x08000d56   0x00000002   PAD
    0x08000d58   0x08000d58   0x0000000c   Code   RO          766    i.HAL_GetTick       stm32f1xx_hal.o
    0x08000d64   0x08000d64   0x00000188   Code   RO         1743    i.HAL_I2C_Init      stm32f1xx_hal_i2c.o
    0x08000eec   0x08000eec   0x0000012c   Code   RO         1756    i.HAL_I2C_Master_Transmit  stm32f1xx_hal_i2c.o
    0x08001018   0x08001018   0x00000130   Code   RO         1764    i.HAL_I2C_Mem_Write  stm32f1xx_hal_i2c.o
    0x08001148   0x08001148   0x0000005c   Code   RO          347    i.HAL_I2C_MspInit   i2c.o
    0x080011a4   0x080011a4   0x00000010   Code   RO          772    i.HAL_IncTick       stm32f1xx_hal.o
    0x080011b4   0x080011b4   0x00000024   Code   RO          773    i.HAL_Init          stm32f1xx_hal.o
    0x080011d8   0x080011d8   0x00000098   Code   RO          680    i.HAL_InitTick      stm32f1xx_hal_timebase_tim.o
    0x08001270   0x08001270   0x00000048   Code   RO          656    i.HAL_MspInit       stm32f1xx_hal_msp.o
    0x080012b8   0x080012b8   0x0000001a   Code   RO         1232    i.HAL_NVIC_EnableIRQ  stm32f1xx_hal_cortex.o
    0x080012d2   0x080012d2   0x00000002   PAD
    0x080012d4   0x080012d4   0x00000040   Code   RO         1238    i.HAL_NVIC_SetPriority  stm32f1xx_hal_cortex.o
    0x08001314   0x08001314   0x00000024   Code   RO         1239    i.HAL_NVIC_SetPriorityGrouping  stm32f1xx_hal_cortex.o
    0x08001338   0x08001338   0x0000000c   Code   RO         1354    i.HAL_PWR_EnableBkUpAccess  stm32f1xx_hal_pwr.o
    0x08001344   0x08001344   0x000000a4   Code   RO         1033    i.HAL_RCCEx_GetPeriphCLKFreq  stm32f1xx_hal_rcc_ex.o
    0x080013e8   0x080013e8   0x000000ec   Code   RO         1034    i.HAL_RCCEx_PeriphCLKConfig  stm32f1xx_hal_rcc_ex.o
    0x080014d4   0x080014d4   0x0000012c   Code   RO          930    i.HAL_RCC_ClockConfig  stm32f1xx_hal_rcc.o
    0x08001600   0x08001600   0x00000040   Code   RO          934    i.HAL_RCC_GetClockConfig  stm32f1xx_hal_rcc.o
    0x08001640   0x08001640   0x00000020   Code   RO          937    i.HAL_RCC_GetPCLK1Freq  stm32f1xx_hal_rcc.o
    0x08001660   0x08001660   0x00000020   Code   RO          938    i.HAL_RCC_GetPCLK2Freq  stm32f1xx_hal_rcc.o
    0x08001680   0x08001680   0x0000004c   Code   RO          939    i.HAL_RCC_GetSysClockFreq  stm32f1xx_hal_rcc.o
    0x080016cc   0x080016cc   0x00000320   Code   RO          942    i.HAL_RCC_OscConfig  stm32f1xx_hal_rcc.o
    0x080019ec   0x080019ec   0x00000088   Code   RO         5876    i.HAL_RTC_AlarmAEventCallback  freertos_rtc.o
    0x08001a74   0x08001a74   0x00000034   Code   RO         2170    i.HAL_RTC_AlarmIRQHandler  stm32f1xx_hal_rtc.o
    0x08001aa8   0x08001aa8   0x000000d8   Code   RO         2176    i.HAL_RTC_GetTime   stm32f1xx_hal_rtc.o
    0x08001b80   0x08001b80   0x00000094   Code   RO         2177    i.HAL_RTC_Init      stm32f1xx_hal_rtc.o
    0x08001c14   0x08001c14   0x00000048   Code   RO          389    i.HAL_RTC_MspInit   rtc.o
    0x08001c5c   0x08001c5c   0x000000ec   Code   RO         2182    i.HAL_RTC_SetAlarm_IT  stm32f1xx_hal_rtc.o
    0x08001d48   0x08001d48   0x000000c4   Code   RO         2183    i.HAL_RTC_SetDate   stm32f1xx_hal_rtc.o
    0x08001e0c   0x08001e0c   0x000000ac   Code   RO         2184    i.HAL_RTC_SetTime   stm32f1xx_hal_rtc.o
    0x08001eb8   0x08001eb8   0x0000003a   Code   RO         2185    i.HAL_RTC_WaitForSynchro  stm32f1xx_hal_rtc.o
    0x08001ef2   0x08001ef2   0x00000002   Code   RO         3147    i.HAL_TIMEx_BreakCallback  stm32f1xx_hal_tim_ex.o
    0x08001ef4   0x08001ef4   0x00000002   Code   RO         3148    i.HAL_TIMEx_CommutCallback  stm32f1xx_hal_tim_ex.o
    0x08001ef6   0x08001ef6   0x00000002   PAD
    0x08001ef8   0x08001ef8   0x00000068   Code   RO         3166    i.HAL_TIMEx_MasterConfigSynchronization  stm32f1xx_hal_tim_ex.o
    0x08001f60   0x08001f60   0x0000005a   Code   RO         2443    i.HAL_TIM_Base_Init  stm32f1xx_hal_tim.o
    0x08001fba   0x08001fba   0x00000002   PAD
    0x08001fbc   0x08001fbc   0x00000038   Code   RO          431    i.HAL_TIM_Base_MspInit  tim.o
    0x08001ff4   0x08001ff4   0x00000058   Code   RO         2448    i.HAL_TIM_Base_Start_IT  stm32f1xx_hal_tim.o
    0x0800204c   0x0800204c   0x000000dc   Code   RO         2452    i.HAL_TIM_ConfigClockSource  stm32f1xx_hal_tim.o
    0x08002128   0x08002128   0x00000002   Code   RO         2477    i.HAL_TIM_IC_CaptureCallback  stm32f1xx_hal_tim.o
    0x0800212a   0x0800212a   0x00000166   Code   RO         2491    i.HAL_TIM_IRQHandler  stm32f1xx_hal_tim.o
    0x08002290   0x08002290   0x00000002   Code   RO         2494    i.HAL_TIM_OC_DelayElapsedCallback  stm32f1xx_hal_tim.o
    0x08002292   0x08002292   0x00000002   Code   RO         2521    i.HAL_TIM_PWM_PulseFinishedCallback  stm32f1xx_hal_tim.o
    0x08002294   0x08002294   0x00000014   Code   RO           14    i.HAL_TIM_PeriodElapsedCallback  main.o
    0x080022a8   0x080022a8   0x00000002   Code   RO         2534    i.HAL_TIM_TriggerCallback  stm32f1xx_hal_tim.o
    0x080022aa   0x080022aa   0x0000004e   Code   RO         3424    i.HAL_UARTEx_ReceiveToIdle_DMA  stm32f1xx_hal_uart.o
    0x080022f8   0x080022f8   0x000000c8   Code   RO         5719    i.HAL_UARTEx_RxEventCallback  driver_uart.o
    0x080023c0   0x080023c0   0x00000002   Code   RO         3440    i.HAL_UART_ErrorCallback  stm32f1xx_hal_uart.o
    0x080023c2   0x080023c2   0x0000000a   Code   RO         3442    i.HAL_UART_GetState  stm32f1xx_hal_uart.o
    0x080023cc   0x080023cc   0x0000026c   Code   RO         3443    i.HAL_UART_IRQHandler  stm32f1xx_hal_uart.o
    0x08002638   0x08002638   0x00000064   Code   RO         3444    i.HAL_UART_Init     stm32f1xx_hal_uart.o
    0x0800269c   0x0800269c   0x00000294   Code   RO          473    i.HAL_UART_MspInit  usart.o
    0x08002930   0x08002930   0x00000002   Code   RO         3450    i.HAL_UART_RxCpltCallback  stm32f1xx_hal_uart.o
    0x08002932   0x08002932   0x00000002   Code   RO         3451    i.HAL_UART_RxHalfCpltCallback  stm32f1xx_hal_uart.o
    0x08002934   0x08002934   0x0000009a   Code   RO         3452    i.HAL_UART_Transmit  stm32f1xx_hal_uart.o
    0x080029ce   0x080029ce   0x00000002   PAD
    0x080029d0   0x080029d0   0x00000078   Code   RO         3453    i.HAL_UART_Transmit_DMA  stm32f1xx_hal_uart.o
    0x08002a48   0x08002a48   0x00000048   Code   RO         5720    i.HAL_UART_TxCpltCallback  driver_uart.o
    0x08002a90   0x08002a90   0x00000002   Code   RO         3456    i.HAL_UART_TxHalfCpltCallback  stm32f1xx_hal_uart.o
    0x08002a92   0x08002a92   0x00000002   Code   RO          534    i.HardFault_Handler  stm32f1xx_it.o
    0x08002a94   0x08002a94   0x0000002e   Code   RO         1786    i.I2C_IsAcknowledgeFailed  stm32f1xx_hal_i2c.o
    0x08002ac2   0x08002ac2   0x00000002   PAD
    0x08002ac4   0x08002ac4   0x0000009c   Code   RO         1790    i.I2C_MasterRequestWrite  stm32f1xx_hal_i2c.o
    0x08002b60   0x08002b60   0x000000a8   Code   RO         1797    i.I2C_RequestMemoryWrite  stm32f1xx_hal_i2c.o
    0x08002c08   0x08002c08   0x00000056   Code   RO         1801    i.I2C_WaitOnBTFFlagUntilTimeout  stm32f1xx_hal_i2c.o
    0x08002c5e   0x08002c5e   0x00000002   PAD
    0x08002c60   0x08002c60   0x00000090   Code   RO         1802    i.I2C_WaitOnFlagUntilTimeout  stm32f1xx_hal_i2c.o
    0x08002cf0   0x08002cf0   0x000000bc   Code   RO         1803    i.I2C_WaitOnMasterAddressFlagUntilTimeout  stm32f1xx_hal_i2c.o
    0x08002dac   0x08002dac   0x00000056   Code   RO         1805    i.I2C_WaitOnTXEFlagUntilTimeout  stm32f1xx_hal_i2c.o
    0x08002e02   0x08002e02   0x00000002   PAD
    0x08002e04   0x08002e04   0x0000007c   Code   RO          322    i.MX_DMA_Init       dma.o
    0x08002e80   0x08002e80   0x00000088   Code   RO          250    i.MX_FREERTOS_Init  freertos.o
    0x08002f08   0x08002f08   0x0000008c   Code   RO          226    i.MX_GPIO_Init      gpio.o
    0x08002f94   0x08002f94   0x00000040   Code   RO          348    i.MX_I2C1_Init      i2c.o
    0x08002fd4   0x08002fd4   0x00000074   Code   RO          390    i.MX_RTC_Init       rtc.o
    0x08003048   0x08003048   0x00000068   Code   RO          432    i.MX_TIM2_Init      tim.o
    0x080030b0   0x080030b0   0x00000038   Code   RO          474    i.MX_USART1_UART_Init  usart.o
    0x080030e8   0x080030e8   0x00000038   Code   RO          475    i.MX_USART2_UART_Init  usart.o
    0x08003120   0x08003120   0x00000038   Code   RO          476    i.MX_USART3_UART_Init  usart.o
    0x08003158   0x08003158   0x00000002   Code   RO          535    i.MemManage_Handler  stm32f1xx_it.o
    0x0800315a   0x0800315a   0x00000002   Code   RO          536    i.NMI_Handler       stm32f1xx_it.o
    0x0800315c   0x0800315c   0x0000002a   Code   RO         5625    i.OLED_Clear        driver_oled.o
    0x08003186   0x08003186   0x00000002   PAD
    0x08003188   0x08003188   0x00000094   Code   RO         5627    i.OLED_Init         driver_oled.o
    0x0800321c   0x0800321c   0x0000007e   Code   RO         5629    i.OLED_PrintSignedVal  driver_oled.o
    0x0800329a   0x0800329a   0x00000032   Code   RO         5630    i.OLED_PrintString  driver_oled.o
    0x080032cc   0x080032cc   0x00000048   Code   RO         5631    i.OLED_PutChar      driver_oled.o
    0x08003314   0x08003314   0x0000002c   Code   RO         5632    i.OLED_SetComConfig  driver_oled.o
    0x08003340   0x08003340   0x00000040   Code   RO         5633    i.OLED_SetPosition  driver_oled.o
    0x08003380   0x08003380   0x00000038   Code   RO         5634    i.OLED_Test         driver_oled.o
    0x080033b8   0x080033b8   0x00000028   Code   RO         5635    i.OLED_WriteCmd     driver_oled.o
    0x080033e0   0x080033e0   0x00000020   Code   RO         5636    i.OLED_WriteNBytes  driver_oled.o
    0x08003400   0x08003400   0x0000003c   Code   RO         5829    i.POST_SLEEP_PROCESSING  freertos_demo.o
    0x0800343c   0x0800343c   0x00000020   Code   RO         5830    i.PRE_SLEEP_PROCESSING  freertos_demo.o
    0x0800345c   0x0800345c   0x0000000c   Code   RO          537    i.RTC_Alarm_IRQHandler  stm32f1xx_it.o
    0x08003468   0x08003468   0x00000012   Code   RO         2186    i.RTC_Bcd2ToByte    stm32f1xx_hal_rtc.o
    0x0800347a   0x0800347a   0x00000016   Code   RO         2187    i.RTC_ByteToBcd2    stm32f1xx_hal_rtc.o
    0x08003490   0x08003490   0x000000ae   Code   RO         2188    i.RTC_DateUpdate    stm32f1xx_hal_rtc.o
    0x0800353e   0x0800353e   0x00000034   Code   RO         2189    i.RTC_EnterInitMode  stm32f1xx_hal_rtc.o
    0x08003572   0x08003572   0x00000002   PAD
    0x08003574   0x08003574   0x00000036   Code   RO         2190    i.RTC_ExitInitMode  stm32f1xx_hal_rtc.o
    0x080035aa   0x080035aa   0x0000000e   Code   RO         2191    i.RTC_ReadAlarmCounter  stm32f1xx_hal_rtc.o
    0x080035b8   0x080035b8   0x00000020   Code   RO         2192    i.RTC_ReadTimeCounter  stm32f1xx_hal_rtc.o
    0x080035d8   0x080035d8   0x00000056   Code   RO         2193    i.RTC_WeekDayNum    stm32f1xx_hal_rtc.o
    0x0800362e   0x0800362e   0x00000028   Code   RO         2194    i.RTC_WriteAlarmCounter  stm32f1xx_hal_rtc.o
    0x08003656   0x08003656   0x00000028   Code   RO         2195    i.RTC_WriteTimeCounter  stm32f1xx_hal_rtc.o
    0x0800367e   0x0800367e   0x00000002   PAD
    0x08003680   0x08003680   0x0000002c   Code   RO         5401    i.SysTick_Handler   port.o
    0x080036ac   0x080036ac   0x00000080   Code   RO           15    i.SystemClock_Config  main.o
    0x0800372c   0x0800372c   0x00000002   Code   RO         3778    i.SystemInit        system_stm32f1xx.o
    0x0800372e   0x0800372e   0x00000002   PAD
    0x08003730   0x08003730   0x0000000c   Code   RO          538    i.TIM2_IRQHandler   stm32f1xx_it.o
    0x0800373c   0x0800373c   0x0000000c   Code   RO          539    i.TIM4_IRQHandler   stm32f1xx_it.o
    0x08003748   0x08003748   0x0000006c   Code   RO         2536    i.TIM_Base_SetConfig  stm32f1xx_hal_tim.o
    0x080037b4   0x080037b4   0x00000014   Code   RO         2547    i.TIM_ETR_SetConfig  stm32f1xx_hal_tim.o
    0x080037c8   0x080037c8   0x00000010   Code   RO         2548    i.TIM_ITRx_SetConfig  stm32f1xx_hal_tim.o
    0x080037d8   0x080037d8   0x00000022   Code   RO         2554    i.TIM_TI1_ConfigInputStage  stm32f1xx_hal_tim.o
    0x080037fa   0x080037fa   0x00000024   Code   RO         2556    i.TIM_TI2_ConfigInputStage  stm32f1xx_hal_tim.o
    0x0800381e   0x0800381e   0x00000010   Code   RO         3457    i.UART_DMAAbortOnError  stm32f1xx_hal_uart.o
    0x0800382e   0x0800382e   0x0000004a   Code   RO         3458    i.UART_DMAError     stm32f1xx_hal_uart.o
    0x08003878   0x08003878   0x00000086   Code   RO         3459    i.UART_DMAReceiveCplt  stm32f1xx_hal_uart.o
    0x080038fe   0x080038fe   0x0000001e   Code   RO         3461    i.UART_DMARxHalfCplt  stm32f1xx_hal_uart.o
    0x0800391c   0x0800391c   0x00000042   Code   RO         3463    i.UART_DMATransmitCplt  stm32f1xx_hal_uart.o
    0x0800395e   0x0800395e   0x0000000a   Code   RO         3465    i.UART_DMATxHalfCplt  stm32f1xx_hal_uart.o
    0x08003968   0x08003968   0x0000004e   Code   RO         3467    i.UART_EndRxTransfer  stm32f1xx_hal_uart.o
    0x080039b6   0x080039b6   0x0000001c   Code   RO         3468    i.UART_EndTxTransfer  stm32f1xx_hal_uart.o
    0x080039d2   0x080039d2   0x000000c2   Code   RO         3469    i.UART_Receive_IT   stm32f1xx_hal_uart.o
    0x08003a94   0x08003a94   0x000000b8   Code   RO         3470    i.UART_SetConfig    stm32f1xx_hal_uart.o
    0x08003b4c   0x08003b4c   0x00000090   Code   RO         3471    i.UART_Start_Receive_DMA  stm32f1xx_hal_uart.o
    0x08003bdc   0x08003bdc   0x00000078   Code   RO         3473    i.UART_WaitOnFlagUntilTimeout  stm32f1xx_hal_uart.o
    0x08003c54   0x08003c54   0x0000000c   Code   RO          540    i.USART1_IRQHandler  stm32f1xx_it.o
    0x08003c60   0x08003c60   0x0000000c   Code   RO          541    i.USART2_IRQHandler  stm32f1xx_it.o
    0x08003c6c   0x08003c6c   0x0000000c   Code   RO          542    i.USART3_IRQHandler  stm32f1xx_it.o
    0x08003c78   0x08003c78   0x00000002   Code   RO          543    i.UsageFault_Handler  stm32f1xx_it.o
    0x08003c7a   0x08003c7a   0x00000002   PAD
    0x08003c7c   0x08003c7c   0x00000020   Code   RO         6429    i.__0printf         mc_w.l(printfa.o)
    0x08003c9c   0x08003c9c   0x0000002c   Code   RO         6434    i.__0vsnprintf      mc_w.l(printfa.o)
    0x08003cc8   0x08003cc8   0x00000024   Code   RO         6435    i.__0vsprintf       mc_w.l(printfa.o)
    0x08003cec   0x08003cec   0x00000020   Code   RO         1245    i.__NVIC_SetPriority  stm32f1xx_hal_cortex.o
    0x08003d0c   0x08003d0c   0x0000000e   Code   RO         6525    i.__scatterload_copy  mc_w.l(handlers.o)
    0x08003d1a   0x08003d1a   0x00000002   Code   RO         6526    i.__scatterload_null  mc_w.l(handlers.o)
    0x08003d1c   0x08003d1c   0x0000000e   Code   RO         6527    i.__scatterload_zeroinit  mc_w.l(handlers.o)
    0x08003d2a   0x08003d2a   0x00000002   PAD
    0x08003d2c   0x08003d2c   0x00000184   Code   RO         6436    i._fp_digits        mc_w.l(printfa.o)
    0x08003eb0   0x08003eb0   0x000006dc   Code   RO         6437    i._printf_core      mc_w.l(printfa.o)
    0x0800458c   0x0800458c   0x00000024   Code   RO         6438    i._printf_post_padding  mc_w.l(printfa.o)
    0x080045b0   0x080045b0   0x0000002e   Code   RO         6439    i._printf_pre_padding  mc_w.l(printfa.o)
    0x080045de   0x080045de   0x00000016   Code   RO         6440    i._snputc           mc_w.l(printfa.o)
    0x080045f4   0x080045f4   0x0000000a   Code   RO         6441    i._sputc            mc_w.l(printfa.o)
    0x080045fe   0x080045fe   0x00000002   PAD
    0x08004600   0x08004600   0x0000002c   Code   RO         5974    i.create_time_1     timecall.o
    0x0800462c   0x0800462c   0x00000030   Code   RO         4410    i.eTaskConfirmSleepModeStatus  tasks.o
    0x0800465c   0x0800465c   0x00000114   Code   RO         5934    i.esp8266_init      freertos_8266.o
    0x08004770   0x08004770   0x0000001c   Code   RO         5724    i.fputc             driver_uart.o
    0x0800478c   0x0800478c   0x000000a0   Code   RO           16    i.main              main.o
    0x0800482c   0x0800482c   0x00000038   Code   RO         4947    i.osKernelInitialize  cmsis_os2.o
    0x08004864   0x08004864   0x00000040   Code   RO         4950    i.osKernelStart     cmsis_os2.o
    0x080048a4   0x080048a4   0x00000088   Code   RO         5725    i.print_usart1      driver_uart.o
    0x0800492c   0x0800492c   0x00000070   Code   RO         5726    i.print_usart2      driver_uart.o
    0x0800499c   0x0800499c   0x0000006c   Code   RO         5727    i.print_usart3      driver_uart.o
    0x08004a08   0x08004a08   0x0000005c   Code   RO         4413    i.prvAddCurrentTaskToDelayedList  tasks.o
    0x08004a64   0x08004a64   0x000000d0   Code   RO         4414    i.prvAddNewTaskToReadyList  tasks.o
    0x08004b34   0x08004b34   0x00000058   Code   RO         4779    i.prvCheckForValidListAndQueue  timers.o
    0x08004b8c   0x08004b8c   0x00000026   Code   RO         3983    i.prvCopyDataFromQueue  queue.o
    0x08004bb2   0x08004bb2   0x0000006c   Code   RO         3984    i.prvCopyDataToQueue  queue.o
    0x08004c1e   0x08004c1e   0x00000034   Code   RO         4415    i.prvDeleteTCB      tasks.o
    0x08004c52   0x08004c52   0x00000002   PAD
    0x08004c54   0x08004c54   0x00000030   Code   RO         4416    i.prvGetExpectedIdleTime  tasks.o
    0x08004c84   0x08004c84   0x0000004c   Code   RO         5351    i.prvHeapInit       heap_4.o
    0x08004cd0   0x08004cd0   0x00000090   Code   RO         4417    i.prvIdleTask       tasks.o
    0x08004d60   0x08004d60   0x00000026   Code   RO         3986    i.prvInitialiseNewQueue  queue.o
    0x08004d86   0x08004d86   0x0000009c   Code   RO         4418    i.prvInitialiseNewTask  tasks.o
    0x08004e22   0x08004e22   0x00000044   Code   RO         4780    i.prvInitialiseNewTimer  timers.o
    0x08004e66   0x08004e66   0x00000002   PAD
    0x08004e68   0x08004e68   0x0000004c   Code   RO         5352    i.prvInsertBlockIntoFreeList  heap_4.o
    0x08004eb4   0x08004eb4   0x00000038   Code   RO         4781    i.prvInsertTimerInActiveList  timers.o
    0x08004eec   0x08004eec   0x0000001c   Code   RO         3987    i.prvIsQueueEmpty   queue.o
    0x08004f08   0x08004f08   0x0000006c   Code   RO         3988    i.prvNotifyQueueSetContainer  queue.o
    0x08004f74   0x08004f74   0x000000cc   Code   RO         4782    i.prvProcessReceivedCommands  timers.o
    0x08005040   0x08005040   0x000000b4   Code   RO         4783    i.prvProcessTimerOrBlockTask  timers.o
    0x080050f4   0x080050f4   0x00000020   Code   RO         4420    i.prvResetNextTaskUnblockTime  tasks.o
    0x08005114   0x08005114   0x00000028   Code   RO         4784    i.prvSampleTimeNow  timers.o
    0x0800513c   0x0800513c   0x0000006c   Code   RO         4785    i.prvSwitchTimerLists  timers.o
    0x080051a8   0x080051a8   0x00000028   Code   RO         5402    i.prvTaskExitError  port.o
    0x080051d0   0x080051d0   0x00000024   Code   RO         4786    i.prvTimerTask      timers.o
    0x080051f4   0x080051f4   0x00000078   Code   RO         3989    i.prvUnlockQueue    queue.o
    0x0800526c   0x0800526c   0x000000d8   Code   RO         5353    i.pvPortMalloc      heap_4.o
    0x08005344   0x08005344   0x00000018   Code   RO         4423    i.pvTaskIncrementMutexHeldCount  tasks.o
    0x0800535c   0x0800535c   0x00000024   Code   RO         5403    i.pxPortInitialiseStack  port.o
    0x08005380   0x08005380   0x00000024   Code   RO         5975    i.start_time_1      timecall.o
    0x080053a4   0x080053a4   0x00000014   Code   RO         5728    i.stm32_uart_init   driver_uart.o
    0x080053b8   0x080053b8   0x0000001c   Code   RO         5976    i.stop_time_1       timecall.o
    0x080053d4   0x080053d4   0x00000014   Code   RO         5977    i.timeCallBackTask  timecall.o
    0x080053e8   0x080053e8   0x000000ec   Code   RO         5935    i.uart2_Task        freertos_8266.o
    0x080054d4   0x080054d4   0x00000026   Code   RO         3943    i.uxListRemove      list.o
    0x080054fa   0x080054fa   0x00000002   PAD
    0x080054fc   0x080054fc   0x00000014   Code   RO         4996    i.vApplicationGetIdleTaskMemory  cmsis_os2.o
    0x08005510   0x08005510   0x00000018   Code   RO         4997    i.vApplicationGetTimerTaskMemory  cmsis_os2.o
    0x08005528   0x08005528   0x00000016   Code   RO         3944    i.vListInitialise   list.o
    0x0800553e   0x0800553e   0x00000006   Code   RO         3945    i.vListInitialiseItem  list.o
    0x08005544   0x08005544   0x00000030   Code   RO         3946    i.vListInsert       list.o
    0x08005574   0x08005574   0x00000018   Code   RO         3947    i.vListInsertEnd    list.o
    0x0800558c   0x0800558c   0x00000040   Code   RO         5405    i.vPortEnterCritical  port.o
    0x080055cc   0x080055cc   0x00000028   Code   RO         5406    i.vPortExitCritical  port.o
    0x080055f4   0x080055f4   0x0000005c   Code   RO         5354    i.vPortFree         heap_4.o
    0x08005650   0x08005650   0x00000048   Code   RO         5407    i.vPortSetupTimerInterrupt  port.o
    0x08005698   0x08005698   0x000000e4   Code   RO         5408    i.vPortSuppressTicksAndSleep  port.o
    0x0800577c   0x0800577c   0x00000054   Code   RO         5409    i.vPortValidateInterruptPriority  port.o
    0x080057d0   0x080057d0   0x00000028   Code   RO         3995    i.vQueueAddToRegistry  queue.o
    0x080057f8   0x080057f8   0x00000044   Code   RO         3999    i.vQueueWaitForMessageRestricted  queue.o
    0x0800583c   0x0800583c   0x0000004c   Code   RO         4432    i.vTaskDelay        tasks.o
    0x08005888   0x08005888   0x00000090   Code   RO         4434    i.vTaskDelete       tasks.o
    0x08005918   0x08005918   0x00000010   Code   RO         4437    i.vTaskInternalSetTimeOutState  tasks.o
    0x08005928   0x08005928   0x0000000c   Code   RO         4438    i.vTaskMissedYield  tasks.o
    0x08005934   0x08005934   0x00000030   Code   RO         4440    i.vTaskPlaceOnEventList  tasks.o
    0x08005964   0x08005964   0x00000038   Code   RO         4441    i.vTaskPlaceOnEventListRestricted  tasks.o
    0x0800599c   0x0800599c   0x00000090   Code   RO         4443    i.vTaskPriorityDisinheritAfterTimeout  tasks.o
    0x08005a2c   0x08005a2c   0x00000088   Code   RO         4449    i.vTaskStartScheduler  tasks.o
    0x08005ab4   0x08005ab4   0x00000028   Code   RO         4450    i.vTaskStepTick     tasks.o
    0x08005adc   0x08005adc   0x00000010   Code   RO         4452    i.vTaskSuspendAll   tasks.o
    0x08005aec   0x08005aec   0x00000064   Code   RO         4453    i.vTaskSwitchContext  tasks.o
    0x08005b50   0x08005b50   0x000000a8   Code   RO         5410    i.xPortStartScheduler  port.o
    0x08005bf8   0x08005bf8   0x00000048   Code   RO         4006    i.xQueueGenericCreate  queue.o
    0x08005c40   0x08005c40   0x00000066   Code   RO         4007    i.xQueueGenericCreateStatic  queue.o
    0x08005ca6   0x08005ca6   0x00000002   PAD
    0x08005ca8   0x08005ca8   0x00000088   Code   RO         4008    i.xQueueGenericReset  queue.o
    0x08005d30   0x08005d30   0x0000016c   Code   RO         4009    i.xQueueGenericSend  queue.o
    0x08005e9c   0x08005e9c   0x000000ca   Code   RO         4010    i.xQueueGenericSendFromISR  queue.o
    0x08005f66   0x08005f66   0x000000ae   Code   RO         4013    i.xQueueGiveFromISR  queue.o
    0x08006014   0x08006014   0x00000138   Code   RO         4019    i.xQueueReceive     queue.o
    0x0800614c   0x0800614c   0x00000178   Code   RO         4024    i.xQueueSemaphoreTake  queue.o
    0x080062c4   0x080062c4   0x00000074   Code   RO         4454    i.xTaskCheckForTimeOut  tasks.o
    0x08006338   0x08006338   0x0000005a   Code   RO         4455    i.xTaskCreate       tasks.o
    0x08006392   0x08006392   0x00000056   Code   RO         4456    i.xTaskCreateStatic  tasks.o
    0x080063e8   0x080063e8   0x000000cc   Code   RO         4457    i.xTaskGenericNotify  tasks.o
    0x080064b4   0x080064b4   0x0000001c   Code   RO         4460    i.xTaskGetSchedulerState  tasks.o
    0x080064d0   0x080064d0   0x0000000c   Code   RO         4461    i.xTaskGetTickCount  tasks.o
    0x080064dc   0x080064dc   0x000000c8   Code   RO         4463    i.xTaskIncrementTick  tasks.o
    0x080065a4   0x080065a4   0x0000008c   Code   RO         4465    i.xTaskNotifyWait   tasks.o
    0x08006630   0x08006630   0x00000080   Code   RO         4466    i.xTaskPriorityDisinherit  tasks.o
    0x080066b0   0x080066b0   0x00000078   Code   RO         4467    i.xTaskPriorityInherit  tasks.o
    0x08006728   0x08006728   0x00000074   Code   RO         4468    i.xTaskRemoveFromEventList  tasks.o
    0x0800679c   0x0800679c   0x000000c4   Code   RO         4469    i.xTaskResumeAll    tasks.o
    0x08006860   0x08006860   0x00000034   Code   RO         4791    i.xTimerCreate      timers.o
    0x08006894   0x08006894   0x00000060   Code   RO         4793    i.xTimerCreateTimerTask  timers.o
    0x080068f4   0x080068f4   0x00000068   Code   RO         4794    i.xTimerGenericCommand  timers.o
    0x0800695c   0x0800695c   0x00000012   Data   RO          943    .constdata          stm32f1xx_hal_rcc.o
    0x0800696e   0x0800696e   0x00000012   Data   RO         1035    .constdata          stm32f1xx_hal_rcc_ex.o
    0x08006980   0x08006980   0x00000010   Data   RO         3779    .constdata          system_stm32f1xx.o
    0x08006990   0x08006990   0x00000008   Data   RO         3780    .constdata          system_stm32f1xx.o
    0x08006998   0x08006998   0x00000800   Data   RO         5637    .constdata          driver_oled.o
    0x08007198   0x08007198   0x00000020   Data   RO         6523    Region$$Table       anon$$obj.o


    Execution Region RW_IRAM1 (Exec base: 0x20000000, Load base: 0x080071b8, Size: 0x00003788, Max: 0x00005000, ABSOLUTE)

    Exec Addr    Load Addr    Size         Type   Attr      Idx    E Section Name        Object

    0x20000000   0x080071b8   0x00000008   Data   RW          254    .data               freertos.o
    0x20000008   0x080071c0   0x0000000c   Data   RW          780    .data               stm32f1xx_hal.o
    0x20000014   0x080071cc   0x00000004   Data   RW         3781    .data               system_stm32f1xx.o
    0x20000018   0x080071d0   0x0000003c   Data   RW         4472    .data               tasks.o
    0x20000054   0x0800720c   0x00000014   Data   RW         4802    .data               timers.o
    0x20000068   0x08007220   0x00000004   Data   RW         4999    .data               cmsis_os2.o
    0x2000006c   0x08007224   0x00000018   Data   RW         5359    .data               heap_4.o
    0x20000084   0x0800723c   0x00000018   Data   RW         5411    .data               port.o
    0x2000009c   0x08007254   0x00000008   Data   RW         5638    .data               driver_oled.o
    0x200000a4   0x0800725c   0x00000004   Data   RW         5730    .data               driver_uart.o
    0x200000a8   0x08007260   0x00000014   Data   RW         5878    .data               freertos_rtc.o
    0x200000bc   0x08007274   0x00000008   Data   RW         5937    .data               freertos_8266.o
    0x200000c4   0x0800727c   0x00000008   Data   RW         5978    .data               timecall.o
    0x200000cc   0x08007284   0x00000004   Data   RW         6499    .data               mc_w.l(stdout.o)
    0x200000d0        -       0x00000054   Zero   RW          349    .bss                i2c.o
    0x20000124        -       0x00000014   Zero   RW          391    .bss                rtc.o
    0x20000138        -       0x00000048   Zero   RW          433    .bss                tim.o
    0x20000180        -       0x00000270   Zero   RW          477    .bss                usart.o
    0x200003f0        -       0x00000048   Zero   RW          683    .bss                stm32f1xx_hal_timebase_tim.o
    0x20000438        -       0x00000040   Zero   RW         4026    .bss                queue.o
    0x20000478        -       0x000004c4   Zero   RW         4471    .bss                tasks.o
    0x2000093c        -       0x0000011c   Zero   RW         4801    .bss                timers.o
    0x20000a58        -       0x000006b8   Zero   RW         4998    .bss                cmsis_os2.o
    0x20001110        -       0x00001f40   Zero   RW         5358    .bss                heap_4.o
    0x20003050        -       0x00000224   Zero   RW         5729    .bss                driver_uart.o
    0x20003274        -       0x0000010e   Zero   RW         5936    .bss                freertos_8266.o
    0x20003382   0x08007288   0x00000006   PAD
    0x20003388        -       0x00000400   Zero   RW            1    STACK               startup_stm32f103xb.o


==============================================================================

Image component sizes


      Code (inc. data)   RO Data    RW Data    ZI Data      Debug   Object Name

       164         22          0          4       1720      11998   cmsis_os2.o
       124          4          0          0          0        734   dma.o
       674         46       2048          8          0       9263   driver_oled.o
       676        120          0          4        548      14674   driver_uart.o
         0          0          0          0          0      19904   event_groups.o
       136         66          0          8          0       7443   freertos.o
       620        346          0          8        270       2449   freertos_8266.o
        92         10          0          0          0       1627   freertos_demo.o
       136         38          0         20          0       1917   freertos_rtc.o
       140          8          0          0          0        895   gpio.o
       460         24          0         24       8000       4479   heap_4.o
       156         26          0          0         84       1505   i2c.o
       138          0          0          0          0       3206   list.o
       312         42          0          0          0     455382   main.o
       926         80          0         24          0      11642   port.o
      2286         22          0          0         64      19160   queue.o
       188         20          0          0         20       1495   rtc.o
        36          8        236          0       1024        772   startup_stm32f103xb.o
        64         14          0         12          0       4454   stm32f1xx_hal.o
       158         14          0          0          0      28030   stm32f1xx_hal_cortex.o
       808         36          0          0          0       4770   stm32f1xx_hal_dma.o
       490         34          0          0          0       2796   stm32f1xx_hal_gpio.o
      1870         48          0          0          0      11029   stm32f1xx_hal_i2c.o
        72         10          0          0          0        810   stm32f1xx_hal_msp.o
        12          4          0          0          0        483   stm32f1xx_hal_pwr.o
      1304         94         18          0          0       5517   stm32f1xx_hal_rcc.o
       400         28         18          0          0       2377   stm32f1xx_hal_rcc_ex.o
      1610         26          0          0          0      12994   stm32f1xx_hal_rtc.o
       978         26          0          0          0       9309   stm32f1xx_hal_tim.o
       108         12          0          0          0       2277   stm32f1xx_hal_tim_ex.o
       152         20          0          0         72       1383   stm32f1xx_hal_timebase_tim.o
      2168         38          0          0          0      16085   stm32f1xx_hal_uart.o
       156         72          0          0          0       7338   stm32f1xx_it.o
         0          0          0          0          0       8748   stream_buffer.o
         2          0         24          4          0       1023   system_stm32f1xx.o
      3028        258          0         60       1220      29816   tasks.o
       160         10          0          0         72       1538   tim.o
       128         32          0          8          0       2242   timecall.o
      1032         82          0         20        284      27202   timers.o
       828         60          0          0        624       3398   usart.o

    ----------------------------------------------------------------------
     22830       1800       2376        204      14008     752164   Object Totals
         0          0         32          0          0          0   (incl. Generated)
        38          0          0          0          6          0   (incl. Padding)

    ----------------------------------------------------------------------

      Code (inc. data)   RO Data    RW Data    ZI Data      Debug   Library Member Name

         0          0          0          0          0          0   entry.o
         0          0          0          0          0          0   entry10a.o
         0          0          0          0          0          0   entry11a.o
         8          4          0          0          0          0   entry2.o
         4          0          0          0          0          0   entry5.o
         0          0          0          0          0          0   entry7b.o
         0          0          0          0          0          0   entry8b.o
         8          4          0          0          0          0   entry9a.o
        30          0          0          0          0          0   handlers.o
        36          8          0          0          0         68   init.o
         0          0          0          0          0          0   iusefp.o
        30          0          0          0          0         68   llshl.o
        36          0          0          0          0         68   llsshr.o
        32          0          0          0          0         68   llushr.o
        36          0          0          0          0         68   memcpya.o
        36          0          0          0          0        108   memseta.o
      2370        100          0          0          0        748   printfa.o
         0          0          0          4          0          0   stdout.o
        18          0          0          0          0         68   strcpy.o
        14          0          0          0          0         68   strlen.o
        36          0          0          0          0         80   strstr.o
        44          0          0          0          0         80   uidiv.o
        98          0          0          0          0         92   uldiv.o
        48          0          0          0          0         68   cdrcmple.o
       334          0          0          0          0        148   dadd.o
       222          0          0          0          0        100   ddiv.o
       186          0          0          0          0        176   depilogue.o
        48          0          0          0          0         68   dfixul.o
       228          0          0          0          0         96   dmul.o

    ----------------------------------------------------------------------
      3906        116          0          4          0       2240   Library Totals
         4          0          0          0          0          0   (incl. Padding)

    ----------------------------------------------------------------------

      Code (inc. data)   RO Data    RW Data    ZI Data      Debug   Library Name

      2836        116          0          4          0       1584   mc_w.l
      1066          0          0          0          0        656   mf_w.l

    ----------------------------------------------------------------------
      3906        116          0          4          0       2240   Library Totals

    ----------------------------------------------------------------------

==============================================================================


      Code (inc. data)   RO Data    RW Data    ZI Data      Debug   

     26736       1916       2376        208      14008     741296   Grand Totals
     26736       1916       2376        208      14008     741296   ELF Image Totals
     26736       1916       2376        208          0          0   ROM Totals

==============================================================================

    Total RO  Size (Code + RO Data)                29112 (  28.43kB)
    Total RW  Size (RW Data + ZI Data)             14216 (  13.88kB)
    Total ROM Size (Code + RO Data + RW Data)      29320 (  28.63kB)

==============================================================================

