<html>
<body>
<pre>
<h1>µVision Build Log</h1>
<h2>Tool Versions:</h2>
IDE-Version: ¦ÌVision V5.25.2.0
Copyright (C) 2018 ARM Ltd and ARM Germany GmbH. All rights reserved.
License Information: 71 71, 71, LIC=GMZI6-DU2A7-VEMHA-1AJM6-W5ZIG-8RT7T
 
Tool Versions:
Toolchain:       MDK-ARM Plus  Version: 5.25.2.0
Toolchain Path:  D:\Keil5\ARM\ARMCC\Bin
C Compiler:      Armcc.exe V5.06 update 6 (build 750)
Assembler:       Armasm.exe V5.06 update 6 (build 750)
Linker/Locator:  ArmLink.exe V5.06 update 6 (build 750)
Library Manager: ArmAr.exe V5.06 update 6 (build 750)
Hex Converter:   FromElf.exe V5.06 update 6 (build 750)
CPU DLL:         SARMCM3.DLL V5.25.2.0
Dialog DLL:      DCM.DLL V1.17.1.0
Target DLL:      STLink\ST-LINKIII-KEIL_SWO.dll V3.0.1.0
Dialog DLL:      TCM.DLL V1.35.1.0
 
<h2>Project:</h2>
D:\my_freerots\test11\MDK-ARM\test1.uvprojx
Project File Date:  05/21/2024

<h2>Output:</h2>
*** Using Compiler 'V5.06 update 6 (build 750)', folder: 'D:\Keil5\ARM\ARMCC\Bin'
Build target 'test1'
compiling driver_uart.c...
../user/freertos_8266.h(24): warning:  #1-D: last line of file ends without a newline
  #endif
../user/timecall.h(7): warning:  #1295-D: Deprecated declaration create_time_1 - give arg types
  void create_time_1();
../user/timecall.h(8): warning:  #1295-D: Deprecated declaration start_time_1 - give arg types
  void start_time_1();
../user/timecall.h(9): warning:  #1295-D: Deprecated declaration stop_time_1 - give arg types
  void stop_time_1();
../user/timecall.h(10): warning:  #1-D: last line of file ends without a newline
  #endif
../user/esp8266.h(7): warning:  #1-D: last line of file ends without a newline
  #endif /* _DRIVER_UART_H */
../user/freertos_onenet.h(5): warning:  #1-D: last line of file ends without a newline
  #endif
../user/freertos_lanya.h(7): warning:  #1-D: last line of file ends without a newline
  #endif
../user/freertos_CO2.h(7): warning:  #1-D: last line of file ends without a newline
  #endif
../user/freertos_user.h(19): warning:  #1-D: last line of file ends without a newline
  #endif
..\Drivers\DshanMCU-F103\driver_uart.c(106): warning:  #223-D: function "strcpy" declared implicitly
  		  strcpy(uart1.res,data->rxdatas);
..\Drivers\DshanMCU-F103\driver_uart.c(108): warning:  #223-D: function "memset" declared implicitly
  		  memset(data->rxdatas,0x00,sizeof(data->rxdatas));
..\Drivers\DshanMCU-F103\driver_uart.c(119): warning:  #223-D: function "strcpy" declared implicitly
  		 strcpy(uart2.res,data->rxdatas);
..\Drivers\DshanMCU-F103\driver_uart.c(121): warning:  #223-D: function "memset" declared implicitly
  		  memset(data->rxdatas,0x00,sizeof(data->rxdatas));
..\Drivers\DshanMCU-F103\driver_uart.c(133): warning:  #223-D: function "strcpy" declared implicitly
  		 strcpy(uart3.res,data->rxdatas);
..\Drivers\DshanMCU-F103\driver_uart.c(135): warning:  #223-D: function "memset" declared implicitly
  		  memset(data->rxdatas,0x00,sizeof(data->rxdatas));
..\Drivers\DshanMCU-F103\driver_uart.c(94): warning:  #177-D: variable "len"  was declared but never referenced
     int len = Size;
..\Drivers\DshanMCU-F103\driver_uart.c(246): warning:  #223-D: function "strcmp" declared implicitly
          if (0 == strcmp(name, g_uart_devs[i]->name))
..\Drivers\DshanMCU-F103\driver_uart.c(265): warning:  #223-D: function "strlen" declared implicitly
  	 HAL_UART_Transmit_DMA(&huart1, (uint8_t *)buf, strlen(buf));
..\Drivers\DshanMCU-F103\driver_uart.c(278): warning:  #223-D: function "strlen" declared implicitly
  	 HAL_UART_Transmit_DMA(&huart2, (uint8_t *)buf, strlen(buf));
..\Drivers\DshanMCU-F103\driver_uart.c(290): warning:  #223-D: function "strlen" declared implicitly
  	 HAL_UART_Transmit_DMA(&huart3, (uint8_t *)buf, strlen(buf));
..\Drivers\DshanMCU-F103\driver_uart.c(27): warning:  #177-D: variable "g_HDebugUART"  was declared but never referenced
  static UART_HandleTypeDef * g_HDebugUART = &huart1;
..\Drivers\DshanMCU-F103\driver_uart.c: 22 warnings, 0 errors
linking...
Program Size: Code=30808 RO-data=3192 RW-data=628 ZI-data=13612  
FromELF: creating hex file...
"test1\test1.axf" - 0 Error(s), 22 Warning(s).

<h2>Software Packages used:</h2>

Package Vendor: ARM
                http://www.keil.com/pack/ARM.CMSIS.5.3.0.pack
                ARM.CMSIS.5.3.0
                CMSIS (Cortex Microcontroller Software Interface Standard)
   * Component: CORE Version: 5.1.1

Package Vendor: Keil
                https://www.keil.com/pack/Keil.STM32F1xx_DFP.2.4.1.pack
                Keil.STM32F1xx_DFP.2.4.1
                STMicroelectronics STM32F1 Series Device Support, Drivers and Examples

<h2>Collection of Component include folders:</h2>
  .\RTE\_test1
  D:\Keil5\ARM\PACK\ARM\CMSIS\5.3.0\CMSIS\Include
  D:\Keil5\ARM\PACK\Keil\STM32F1xx_DFP\2.4.1\Device\Include

<h2>Collection of Component Files used:</h2>

   * Component: ARM::CMSIS:CORE:5.1.1
Build Time Elapsed:  00:00:01
</pre>
</body>
</html>
