Component: ARM Compiler 5.06 update 6 (build 750) Tool: armlink [4d35ed]

==============================================================================

Section Cross References

    startup_stm32f103xb.o(STACK) refers (Special) to heapauxi.o(.text) for __use_two_region_memory
    startup_stm32f103xb.o(HEAP) refers (Special) to heapauxi.o(.text) for __use_two_region_memory
    startup_stm32f103xb.o(RESET) refers (Special) to heapauxi.o(.text) for __use_two_region_memory
    startup_stm32f103xb.o(RESET) refers to startup_stm32f103xb.o(STACK) for __initial_sp
    startup_stm32f103xb.o(RESET) refers to startup_stm32f103xb.o(.text) for Reset_Handler
    startup_stm32f103xb.o(RESET) refers to stm32f1xx_it.o(i.NMI_Handler) for NMI_Handler
    startup_stm32f103xb.o(RESET) refers to stm32f1xx_it.o(i.HardFault_Handler) for HardFault_Handler
    startup_stm32f103xb.o(RESET) refers to stm32f1xx_it.o(i.MemManage_Handler) for MemManage_Handler
    startup_stm32f103xb.o(RESET) refers to stm32f1xx_it.o(i.BusFault_Handler) for BusFault_Handler
    startup_stm32f103xb.o(RESET) refers to stm32f1xx_it.o(i.UsageFault_Handler) for UsageFault_Handler
    startup_stm32f103xb.o(RESET) refers to port.o(.emb_text) for SVC_Handler
    startup_stm32f103xb.o(RESET) refers to stm32f1xx_it.o(i.DebugMon_Handler) for DebugMon_Handler
    startup_stm32f103xb.o(RESET) refers to port.o(i.SysTick_Handler) for SysTick_Handler
    startup_stm32f103xb.o(RESET) refers to stm32f1xx_it.o(i.DMA1_Channel2_IRQHandler) for DMA1_Channel2_IRQHandler
    startup_stm32f103xb.o(RESET) refers to stm32f1xx_it.o(i.DMA1_Channel3_IRQHandler) for DMA1_Channel3_IRQHandler
    startup_stm32f103xb.o(RESET) refers to stm32f1xx_it.o(i.DMA1_Channel4_IRQHandler) for DMA1_Channel4_IRQHandler
    startup_stm32f103xb.o(RESET) refers to stm32f1xx_it.o(i.DMA1_Channel5_IRQHandler) for DMA1_Channel5_IRQHandler
    startup_stm32f103xb.o(RESET) refers to stm32f1xx_it.o(i.DMA1_Channel6_IRQHandler) for DMA1_Channel6_IRQHandler
    startup_stm32f103xb.o(RESET) refers to stm32f1xx_it.o(i.DMA1_Channel7_IRQHandler) for DMA1_Channel7_IRQHandler
    startup_stm32f103xb.o(RESET) refers to stm32f1xx_it.o(i.TIM2_IRQHandler) for TIM2_IRQHandler
    startup_stm32f103xb.o(RESET) refers to stm32f1xx_it.o(i.TIM4_IRQHandler) for TIM4_IRQHandler
    startup_stm32f103xb.o(RESET) refers to stm32f1xx_it.o(i.USART1_IRQHandler) for USART1_IRQHandler
    startup_stm32f103xb.o(RESET) refers to stm32f1xx_it.o(i.USART2_IRQHandler) for USART2_IRQHandler
    startup_stm32f103xb.o(RESET) refers to stm32f1xx_it.o(i.USART3_IRQHandler) for USART3_IRQHandler
    startup_stm32f103xb.o(RESET) refers to stm32f1xx_it.o(i.RTC_Alarm_IRQHandler) for RTC_Alarm_IRQHandler
    startup_stm32f103xb.o(.text) refers (Special) to heapauxi.o(.text) for __use_two_region_memory
    startup_stm32f103xb.o(.text) refers to system_stm32f1xx.o(i.SystemInit) for SystemInit
    startup_stm32f103xb.o(.text) refers to __main.o(!!!main) for __main
    startup_stm32f103xb.o(.text) refers to startup_stm32f103xb.o(HEAP) for Heap_Mem
    startup_stm32f103xb.o(.text) refers to startup_stm32f103xb.o(STACK) for Stack_Mem
    main.o(i.HAL_TIM_PeriodElapsedCallback) refers to stm32f1xx_hal.o(i.HAL_IncTick) for HAL_IncTick
    main.o(i.SystemClock_Config) refers to rt_memclr_w.o(.text) for __aeabi_memclr4
    main.o(i.SystemClock_Config) refers to stm32f1xx_hal_rcc.o(i.HAL_RCC_OscConfig) for HAL_RCC_OscConfig
    main.o(i.SystemClock_Config) refers to stm32f1xx_hal_rcc.o(i.HAL_RCC_ClockConfig) for HAL_RCC_ClockConfig
    main.o(i.SystemClock_Config) refers to stm32f1xx_hal_rcc_ex.o(i.HAL_RCCEx_PeriphCLKConfig) for HAL_RCCEx_PeriphCLKConfig
    main.o(i.main) refers to stm32f1xx_hal.o(i.HAL_Init) for HAL_Init
    main.o(i.main) refers to main.o(i.SystemClock_Config) for SystemClock_Config
    main.o(i.main) refers to gpio.o(i.MX_GPIO_Init) for MX_GPIO_Init
    main.o(i.main) refers to dma.o(i.MX_DMA_Init) for MX_DMA_Init
    main.o(i.main) refers to i2c.o(i.MX_I2C1_Init) for MX_I2C1_Init
    main.o(i.main) refers to tim.o(i.MX_TIM2_Init) for MX_TIM2_Init
    main.o(i.main) refers to usart.o(i.MX_USART1_UART_Init) for MX_USART1_UART_Init
    main.o(i.main) refers to rtc.o(i.MX_RTC_Init) for MX_RTC_Init
    main.o(i.main) refers to usart.o(i.MX_USART2_UART_Init) for MX_USART2_UART_Init
    main.o(i.main) refers to usart.o(i.MX_USART3_UART_Init) for MX_USART3_UART_Init
    main.o(i.main) refers to cmsis_os2.o(i.osKernelInitialize) for osKernelInitialize
    main.o(i.main) refers to freertos.o(i.MX_FREERTOS_Init) for MX_FREERTOS_Init
    main.o(i.main) refers to cmsis_os2.o(i.osKernelStart) for osKernelStart
    gpio.o(i.MX_GPIO_Init) refers to stm32f1xx_hal_gpio.o(i.HAL_GPIO_WritePin) for HAL_GPIO_WritePin
    gpio.o(i.MX_GPIO_Init) refers to stm32f1xx_hal_gpio.o(i.HAL_GPIO_Init) for HAL_GPIO_Init
    freertos.o(i.MX_FREERTOS_Init) refers to cmsis_os2.o(i.osThreadNew) for osThreadNew
[...]
    RCC_IRQHandler                           0x08000327   Thumb Code     0  startup_stm32f103xb.o(.text)
    RTC_IRQHandler                           0x08000327   Thumb Code     0  startup_stm32f103xb.o(.text)
    SPI1_IRQHandler                          0x08000327   Thumb Code     0  startup_stm32f103xb.o(.text)
    SPI2_IRQHandler                          0x08000327   Thumb Code     0  startup_stm32f103xb.o(.text)
    TAMPER_IRQHandler                        0x08000327   Thumb Code     0  startup_stm32f103xb.o(.text)
    TIM1_BRK_IRQHandler                      0x08000327   Thumb Code     0  startup_stm32f103xb.o(.text)
    TIM1_CC_IRQHandler                       0x08000327   Thumb Code     0  startup_stm32f103xb.o(.text)
    TIM1_TRG_COM_IRQHandler                  0x08000327   Thumb Code     0  startup_stm32f103xb.o(.text)
    TIM1_UP_IRQHandler                       0x08000327   Thumb Code     0  startup_stm32f103xb.o(.text)
    TIM3_IRQHandler                          0x08000327   Thumb Code     0  startup_stm32f103xb.o(.text)
    USBWakeUp_IRQHandler                     0x08000327   Thumb Code     0  startup_stm32f103xb.o(.text)
    USB_HP_CAN1_TX_IRQHandler                0x08000327   Thumb Code     0  startup_stm32f103xb.o(.text)
    USB_LP_CAN1_RX0_IRQHandler               0x08000327   Thumb Code     0  startup_stm32f103xb.o(.text)
    WWDG_IRQHandler                          0x08000327   Thumb Code     0  startup_stm32f103xb.o(.text)
    __user_initial_stackheap                 0x08000329   Thumb Code     0  startup_stm32f103xb.o(.text)
    vsnprintf                                0x0800034d   Thumb Code    48  vsnprintf.o(.text)
    strstr                                   0x08000381   Thumb Code    36  strstr.o(.text)
    strcpy                                   0x080003a5   Thumb Code    72  strcpy.o(.text)
    strlen                                   0x080003ed   Thumb Code    62  strlen.o(.text)
    __aeabi_memcpy                           0x0800042b   Thumb Code     0  rt_memcpy_v6.o(.text)
    __rt_memcpy                              0x0800042b   Thumb Code   138  rt_memcpy_v6.o(.text)
    _memcpy_lastbytes                        0x08000491   Thumb Code     0  rt_memcpy_v6.o(.text)
    __aeabi_memset                           0x080004b5   Thumb Code    16  aeabi_memset.o(.text)
    __aeabi_memclr                           0x080004c5   Thumb Code     0  rt_memclr.o(.text)
    __rt_memclr                              0x080004c5   Thumb Code    68  rt_memclr.o(.text)
    _memset                                  0x080004c9   Thumb Code     0  rt_memclr.o(.text)
    __aeabi_memclr4                          0x08000509   Thumb Code     0  rt_memclr_w.o(.text)
    __aeabi_memclr8                          0x08000509   Thumb Code     0  rt_memclr_w.o(.text)
    __rt_memclr_w                            0x08000509   Thumb Code    78  rt_memclr_w.o(.text)
    _memset_w                                0x0800050d   Thumb Code     0  rt_memclr_w.o(.text)
    strncpy                                  0x08000557   Thumb Code    86  strncpy.o(.text)
    strcmp                                   0x080005ad   Thumb Code   128  strcmpv7m.o(.text)
    __use_two_region_memory                  0x0800062d   Thumb Code     2  heapauxi.o(.text)
    __rt_heap_escrow                         0x0800062f   Thumb Code     2  heapauxi.o(.text)
    __rt_heap_expand                         0x08000631   Thumb Code     2  heapauxi.o(.text)
    _printf_pre_padding                      0x08000633   Thumb Code    44  _printf_pad.o(.text)
    _printf_post_padding                     0x0800065f   Thumb Code    34  _printf_pad.o(.text)
    _printf_truncate_signed                  0x08000681   Thumb Code    18  _printf_truncate.o(.text)
    _printf_truncate_unsigned                0x08000693   Thumb Code    18  _printf_truncate.o(.text)
    _printf_str                              0x080006a5   Thumb Code    82  _printf_str.o(.text)
    _printf_int_dec                          0x080006f9   Thumb Code   104  _printf_dec.o(.text)
    _printf_charcount                        0x08000771   Thumb Code    40  _printf_charcount.o(.text)
    _printf_char_common                      0x080007a3   Thumb Code    32  _printf_char_common.o(.text)
    _sputc                                   0x080007c9   Thumb Code    10  _sputc.o(.text)
    _snputc                                  0x080007d3   Thumb Code    16  _snputc.o(.text)
    _printf_wctomb                           0x080007e5   Thumb Code   182  _printf_wctomb.o(.text)
    _printf_longlong_dec                     0x080008a1   Thumb Code   108  _printf_longlong_dec.o(.text)
    _printf_longlong_oct                     0x0800091d   Thumb Code    66  _printf_oct_int_ll.o(.text)
    _printf_int_oct                          0x0800095f   Thumb Code    24  _printf_oct_int_ll.o(.text)
    _printf_ll_oct                           0x08000977   Thumb Code    12  _printf_oct_int_ll.o(.text)
    _printf_longlong_hex                     0x0800098d   Thumb Code    86  _printf_hex_int_ll_ptr.o(.text)
    _printf_int_hex                          0x080009e3   Thumb Code    28  _printf_hex_int_ll_ptr.o(.text)
    _printf_ll_hex                           0x080009ff   Thumb Code    12  _printf_hex_int_ll_ptr.o(.text)
    _printf_hex_ptr                          0x08000a0b   Thumb Code    18  _printf_hex_int_ll_ptr.o(.text)
    __printf                                 0x08000a21   Thumb Code   388  __printf_flags_ss_wp.o(.text)
    __aeabi_memcpy4                          0x08000ba9   Thumb Code     0  rt_memcpy_w.o(.text)
    __aeabi_memcpy8                          0x08000ba9   Thumb Code     0  rt_memcpy_w.o(.text)
    __rt_memcpy_w                            0x08000ba9   Thumb Code   100  rt_memcpy_w.o(.text)
    _memcpy_lastbytes_aligned                0x08000bf1   Thumb Code     0  rt_memcpy_w.o(.text)
    __user_libspace                          0x08000c0d   Thumb Code     8  libspace.o(.text)
    __user_perproc_libspace                  0x08000c0d   Thumb Code     0  libspace.o(.text)
    __user_perthread_libspace                0x08000c0d   Thumb Code     0  libspace.o(.text)
    _ll_udiv10                               0x08000c15   Thumb Code   138  lludiv10.o(.text)
    _printf_int_common                       0x08000c9f   Thumb Code   178  _printf_intcommon.o(.text)
    __lib_sel_fp_printf                      0x08000d51   Thumb Code     2  _printf_fp_dec.o(.text)
    _printf_fp_dec_real                      0x08000f03   Thumb Code   620  _printf_fp_dec.o(.text)
    _printf_fp_hex_real                      0x08001171   Thumb Code   756  _printf_fp_hex.o(.text)
    _printf_cs_common                        0x0800146d   Thumb Code    20  _printf_char.o(.text)
    _printf_char                             0x08001481   Thumb Code    16  _printf_char.o(.text)
    _printf_string                           0x08001491   Thumb Code     8  _printf_char.o(.text)
    _printf_lcs_common                       0x08001499   Thumb Code    20  _printf_wchar.o(.text)
    _printf_wchar                            0x080014ad   Thumb Code    16  _printf_wchar.o(.text)
    _printf_wstring                          0x080014bd   Thumb Code     8  _printf_wchar.o(.text)
    _wcrtomb                                 0x080014c5   Thumb Code    64  _wcrtomb.o(.text)
    __I$use$semihosting                      0x08001505   Thumb Code     0  use_no_semi.o(.text)
    __use_no_semihosting_swi                 0x08001505   Thumb Code     2  use_no_semi.o(.text)
    __semihosting_library_function           0x08001507   Thumb Code     0  indicate_semi.o(.text)
    __user_setup_stackheap                   0x08001507   Thumb Code    74  sys_stackheap_outer.o(.text)
    __rt_ctype_table                         0x08001551   Thumb Code    16  rt_ctype_table.o(.text)
    __rt_locale                              0x08001561   Thumb Code     8  rt_locale_intlibspace.o(.text)
    _printf_fp_infnan                        0x08001569   Thumb Code   112  _printf_fp_infnan.o(.text)
    _btod_etento                             0x080015e9   Thumb Code   224  bigflt0.o(.text)
    exit                                     0x080016cd   Thumb Code    18  exit.o(.text)
    _sys_exit                                0x080016e1   Thumb Code     8  sys_exit.o(.text)
    _btod_d2e                                0x080016ed   Thumb Code    62  btod.o(CL$$btod_d2e)
    _d2e_denorm_low                          0x0800172b   Thumb Code    70  btod.o(CL$$btod_d2e_denorm_low)
    _d2e_norm_op1                            0x08001771   Thumb Code    96  btod.o(CL$$btod_d2e_norm_op1)
    __btod_div_common                        0x080017d1   Thumb Code   696  btod.o(CL$$btod_div_common)
    _e2e                                     0x08001b09   Thumb Code   220  btod.o(CL$$btod_e2e)
    _btod_ediv                               0x08001be5   Thumb Code    42  btod.o(CL$$btod_ediv)
    _btod_emul                               0x08001c0f   Thumb Code    42  btod.o(CL$$btod_emul)
    __btod_mult_common                       0x08001c39   Thumb Code   580  btod.o(CL$$btod_mult_common)
    BusFault_Handler                         0x08001e7d   Thumb Code     2  stm32f1xx_it.o(i.BusFault_Handler)
    DMA1_Channel2_IRQHandler                 0x08001e81   Thumb Code     6  stm32f1xx_it.o(i.DMA1_Channel2_IRQHandler)
    DMA1_Channel3_IRQHandler                 0x08001e8d   Thumb Code     6  stm32f1xx_it.o(i.DMA1_Channel3_IRQHandler)
    DMA1_Channel4_IRQHandler                 0x08001e99   Thumb Code     6  stm32f1xx_it.o(i.DMA1_Channel4_IRQHandler)
    DMA1_Channel5_IRQHandler                 0x08001ea5   Thumb Code     6  stm32f1xx_it.o(i.DMA1_Channel5_IRQHandler)
    DMA1_Channel6_IRQHandler                 0x08001eb1   Thumb Code     6  stm32f1xx_it.o(i.DMA1_Channel6_IRQHandler)
    DMA1_Channel7_IRQHandler                 0x08001ebd   Thumb Code     6  stm32f1xx_it.o(i.DMA1_Channel7_IRQHandler)
    DebugMon_Handler                         0x08001ef3   Thumb Code     2  stm32f1xx_it.o(i.DebugMon_Handler)
    ESP8266_SendCmd                          0x08001ef5   Thumb Code   118  freertos_8266.o(i.ESP8266_SendCmd)
    Error_Handler                            0x08001fa5   Thumb Code     4  main.o(i.Error_Handler)
    GetUARTDevice                            0x08001fa9   Thumb Code    38  driver_uart.o(i.GetUARTDevice)
    HAL_DMA_Abort                            0x08001fd5   Thumb Code    70  stm32f1xx_hal_dma.o(i.HAL_DMA_Abort)
    HAL_DMA_Abort_IT                         0x0800201d   Thumb Code   148  stm32f1xx_hal_dma.o(i.HAL_DMA_Abort_IT)
    HAL_DMA_IRQHandler                       0x080020b5   Thumb Code   316  stm32f1xx_hal_dma.o(i.HAL_DMA_IRQHandler)
    HAL_DMA_Init                             0x08002209   Thumb Code    84  stm32f1xx_hal_dma.o(i.HAL_DMA_Init)
    HAL_DMA_Start_IT                         0x08002265   Thumb Code   112  stm32f1xx_hal_dma.o(i.HAL_DMA_Start_IT)
    HAL_GPIO_Init                            0x080022d5   Thumb Code   446  stm32f1xx_hal_gpio.o(i.HAL_GPIO_Init)
    HAL_GPIO_WritePin                        0x080024b5   Thumb Code    10  stm32f1xx_hal_gpio.o(i.HAL_GPIO_WritePin)
    HAL_GetTick                              0x080024c1   Thumb Code     6  stm32f1xx_hal.o(i.HAL_GetTick)
    HAL_I2C_Init                             0x080024cd   Thumb Code   376  stm32f1xx_hal_i2c.o(i.HAL_I2C_Init)
    HAL_I2C_Master_Transmit                  0x08002655   Thumb Code   290  stm32f1xx_hal_i2c.o(i.HAL_I2C_Master_Transmit)
    HAL_I2C_Mem_Write                        0x08002781   Thumb Code   294  stm32f1xx_hal_i2c.o(i.HAL_I2C_Mem_Write)
    HAL_I2C_MspInit                          0x080028b1   Thumb Code    80  i2c.o(i.HAL_I2C_MspInit)
    HAL_IncTick                              0x0800290d   Thumb Code    12  stm32f1xx_hal.o(i.HAL_IncTick)
    HAL_Init                                 0x0800291d   Thumb Code    32  stm32f1xx_hal.o(i.HAL_Init)
    HAL_InitTick                             0x08002941   Thumb Code   132  stm32f1xx_hal_timebase_tim.o(i.HAL_InitTick)
    HAL_MspInit                              0x080029d9   Thumb Code    62  stm32f1xx_hal_msp.o(i.HAL_MspInit)
    HAL_NVIC_EnableIRQ                       0x08002a21   Thumb Code    26  stm32f1xx_hal_cortex.o(i.HAL_NVIC_EnableIRQ)
    HAL_NVIC_SetPriority                     0x08002a3d   Thumb Code    60  stm32f1xx_hal_cortex.o(i.HAL_NVIC_SetPriority)
    HAL_NVIC_SetPriorityGrouping             0x08002a7d   Thumb Code    26  stm32f1xx_hal_cortex.o(i.HAL_NVIC_SetPriorityGrouping)
    HAL_PWR_EnableBkUpAccess                 0x08002aa1   Thumb Code     8  stm32f1xx_hal_pwr.o(i.HAL_PWR_EnableBkUpAccess)
    HAL_RCCEx_GetPeriphCLKFreq               0x08002aad   Thumb Code   148  stm32f1xx_hal_rcc_ex.o(i.HAL_RCCEx_GetPeriphCLKFreq)
    HAL_RCCEx_PeriphCLKConfig                0x08002b51   Thumb Code   224  stm32f1xx_hal_rcc_ex.o(i.HAL_RCCEx_PeriphCLKConfig)
    HAL_RCC_ClockConfig                      0x08002c3d   Thumb Code   280  stm32f1xx_hal_rcc.o(i.HAL_RCC_ClockConfig)
    HAL_RCC_GetClockConfig                   0x08002d69   Thumb Code    54  stm32f1xx_hal_rcc.o(i.HAL_RCC_GetClockConfig)
    HAL_RCC_GetPCLK1Freq                     0x08002da9   Thumb Code    20  stm32f1xx_hal_rcc.o(i.HAL_RCC_GetPCLK1Freq)
    HAL_RCC_GetPCLK2Freq                     0x08002dc9   Thumb Code    20  stm32f1xx_hal_rcc.o(i.HAL_RCC_GetPCLK2Freq)
    HAL_RCC_GetSysClockFreq                  0x08002de9   Thumb Code    58  stm32f1xx_hal_rcc.o(i.HAL_RCC_GetSysClockFreq)
    HAL_RCC_OscConfig                        0x08002e35   Thumb Code   778  stm32f1xx_hal_rcc.o(i.HAL_RCC_OscConfig)
    HAL_RTC_AlarmAEventCallback              0x08003155   Thumb Code    98  freertos_rtc.o(i.HAL_RTC_AlarmAEventCallback)
    HAL_RTC_AlarmIRQHandler                  0x080031dd   Thumb Code    48  stm32f1xx_hal_rtc.o(i.HAL_RTC_AlarmIRQHandler)
    HAL_RTC_GetTime                          0x08003211   Thumb Code   216  stm32f1xx_hal_rtc.o(i.HAL_RTC_GetTime)
    HAL_RTC_Init                             0x080032e9   Thumb Code   144  stm32f1xx_hal_rtc.o(i.HAL_RTC_Init)
    HAL_RTC_MspInit                          0x0800337d   Thumb Code    60  rtc.o(i.HAL_RTC_MspInit)
    HAL_RTC_SetAlarm_IT                      0x080033c5   Thumb Code   226  stm32f1xx_hal_rtc.o(i.HAL_RTC_SetAlarm_IT)
    HAL_RTC_SetDate                          0x080034b1   Thumb Code   192  stm32f1xx_hal_rtc.o(i.HAL_RTC_SetDate)
    HAL_RTC_SetTime                          0x08003575   Thumb Code   168  stm32f1xx_hal_rtc.o(i.HAL_RTC_SetTime)
    HAL_RTC_WaitForSynchro                   0x08003621   Thumb Code    58  stm32f1xx_hal_rtc.o(i.HAL_RTC_WaitForSynchro)
    HAL_TIMEx_BreakCallback                  0x0800365b   Thumb Code     2  stm32f1xx_hal_tim_ex.o(i.HAL_TIMEx_BreakCallback)
    HAL_TIMEx_CommutCallback                 0x0800365d   Thumb Code     2  stm32f1xx_hal_tim_ex.o(i.HAL_TIMEx_CommutCallback)
    HAL_TIMEx_MasterConfigSynchronization    0x08003661   Thumb Code    92  stm32f1xx_hal_tim_ex.o(i.HAL_TIMEx_MasterConfigSynchronization)
    HAL_TIM_Base_Init                        0x080036c9   Thumb Code    90  stm32f1xx_hal_tim.o(i.HAL_TIM_Base_Init)
    HAL_TIM_Base_MspInit                     0x08003725   Thumb Code    50  tim.o(i.HAL_TIM_Base_MspInit)
    HAL_TIM_Base_Start_IT                    0x0800375d   Thumb Code    76  stm32f1xx_hal_tim.o(i.HAL_TIM_Base_Start_IT)
    HAL_TIM_ConfigClockSource                0x080037b5   Thumb Code   220  stm32f1xx_hal_tim.o(i.HAL_TIM_ConfigClockSource)
    HAL_TIM_IC_CaptureCallback               0x08003891   Thumb Code     2  stm32f1xx_hal_tim.o(i.HAL_TIM_IC_CaptureCallback)
    HAL_TIM_IRQHandler                       0x08003893   Thumb Code   358  stm32f1xx_hal_tim.o(i.HAL_TIM_IRQHandler)
    HAL_TIM_OC_DelayElapsedCallback          0x080039f9   Thumb Code     2  stm32f1xx_hal_tim.o(i.HAL_TIM_OC_DelayElapsedCallback)
    HAL_TIM_PWM_PulseFinishedCallback        0x080039fb   Thumb Code     2  stm32f1xx_hal_tim.o(i.HAL_TIM_PWM_PulseFinishedCallback)
    HAL_TIM_PeriodElapsedCallback            0x080039fd   Thumb Code    14  main.o(i.HAL_TIM_PeriodElapsedCallback)
    HAL_TIM_TriggerCallback                  0x08003a11   Thumb Code     2  stm32f1xx_hal_tim.o(i.HAL_TIM_TriggerCallback)
    HAL_UARTEx_ReceiveToIdle_DMA             0x08003a13   Thumb Code    78  stm32f1xx_hal_uart.o(i.HAL_UARTEx_ReceiveToIdle_DMA)
    HAL_UARTEx_RxEventCallback               0x08003a61   Thumb Code   196  driver_uart.o(i.HAL_UARTEx_RxEventCallback)
    HAL_UART_ErrorCallback                   0x08003b41   Thumb Code     2  stm32f1xx_hal_uart.o(i.HAL_UART_ErrorCallback)
    HAL_UART_IRQHandler                      0x08003b45   Thumb Code   616  stm32f1xx_hal_uart.o(i.HAL_UART_IRQHandler)
    HAL_UART_Init                            0x08003db1   Thumb Code   100  stm32f1xx_hal_uart.o(i.HAL_UART_Init)
    HAL_UART_MspInit                         0x08003e15   Thumb Code   624  usart.o(i.HAL_UART_MspInit)
    HAL_UART_RxCpltCallback                  0x080040a9   Thumb Code     2  stm32f1xx_hal_uart.o(i.HAL_UART_RxCpltCallback)
    HAL_UART_RxHalfCpltCallback              0x080040ab   Thumb Code     2  stm32f1xx_hal_uart.o(i.HAL_UART_RxHalfCpltCallback)
    HAL_UART_Transmit_DMA                    0x080040ad   Thumb Code   106  stm32f1xx_hal_uart.o(i.HAL_UART_Transmit_DMA)
    HAL_UART_TxCpltCallback                  0x08004125   Thumb Code    86  driver_uart.o(i.HAL_UART_TxCpltCallback)
    HAL_UART_TxHalfCpltCallback              0x0800418d   Thumb Code     2  stm32f1xx_hal_uart.o(i.HAL_UART_TxHalfCpltCallback)
    HardFault_Handler                        0x0800418f   Thumb Code     2  stm32f1xx_it.o(i.HardFault_Handler)
    MX_DMA_Init                              0x08004501   Thumb Code   120  dma.o(i.MX_DMA_Init)
    MX_FREERTOS_Init                         0x0800457d   Thumb Code   112  freertos.o(i.MX_FREERTOS_Init)
    MX_GPIO_Init                             0x0800464d   Thumb Code   172  gpio.o(i.MX_GPIO_Init)
    MX_I2C1_Init                             0x08004705   Thumb Code    50  i2c.o(i.MX_I2C1_Init)
    MX_RTC_Init                              0x08004745   Thumb Code   108  rtc.o(i.MX_RTC_Init)
    MX_TIM2_Init                             0x080047b9   Thumb Code   100  tim.o(i.MX_TIM2_Init)
    MX_USART1_UART_Init                      0x08004821   Thumb Code    48  usart.o(i.MX_USART1_UART_Init)
    MX_USART2_UART_Init                      0x08004859   Thumb Code    48  usart.o(i.MX_USART2_UART_Init)
    MX_USART3_UART_Init                      0x08004891   Thumb Code    48  usart.o(i.MX_USART3_UART_Init)
    MemManage_Handler                        0x080048c9   Thumb Code     2  stm32f1xx_it.o(i.MemManage_Handler)
    NMI_Handler                              0x080048cb   Thumb Code     2  stm32f1xx_it.o(i.NMI_Handler)
    OLED_Clear                               0x080048cd   Thumb Code    42  driver_oled.o(i.OLED_Clear)
    OLED_Init                                0x080048f9   Thumb Code   142  driver_oled.o(i.OLED_Init)
    OLED_PrintSignedVal                      0x0800498d   Thumb Code   126  driver_oled.o(i.OLED_PrintSignedVal)
    OLED_PrintString                         0x08004a0b   Thumb Code    50  driver_oled.o(i.OLED_PrintString)
    OLED_PutChar                             0x08004a3d   Thumb Code    66  driver_oled.o(i.OLED_PutChar)
    OLED_SetPosition                         0x08004ab1   Thumb Code    58  driver_oled.o(i.OLED_SetPosition)
    OLED_Test                                0x08004af1   Thumb Code    44  driver_oled.o(i.OLED_Test)
    POST_SLEEP_PROCESSING                    0x08004b75   Thumb Code    54  freertos_demo.o(i.POST_SLEEP_PROCESSING)
    PRE_SLEEP_PROCESSING                     0x08004bb1   Thumb Code    28  freertos_demo.o(i.PRE_SLEEP_PROCESSING)
    RTC_Alarm_IRQHandler                     0x08004bd1   Thumb Code     6  stm32f1xx_it.o(i.RTC_Alarm_IRQHandler)
    SD_on                                    0x08004df5   Thumb Code    10  driver_switch.o(i.SD_on)
    Sensors_on                               0x08004e05   Thumb Code    10  driver_switch.o(i.Sensors_on)
    StartDefaultTask                         0x08004e15   Thumb Code     2  freertos.o(i.StartDefaultTask)
    SysTick_Handler                          0x08004e19   Thumb Code    38  port.o(i.SysTick_Handler)
    SystemClock_Config                       0x08004e45   Thumb Code   128  main.o(i.SystemClock_Config)
    SystemInit                               0x08004ec5   Thumb Code     2  system_stm32f1xx.o(i.SystemInit)
    TIM2_IRQHandler                          0x08004ec9   Thumb Code     6  stm32f1xx_it.o(i.TIM2_IRQHandler)
    TIM4_IRQHandler                          0x08004ed5   Thumb Code     6  stm32f1xx_it.o(i.TIM4_IRQHandler)
    TIM_Base_SetConfig                       0x08004ee1   Thumb Code    94  stm32f1xx_hal_tim.o(i.TIM_Base_SetConfig)
    TIM_ETR_SetConfig                        0x08004f4d   Thumb Code    20  stm32f1xx_hal_tim.o(i.TIM_ETR_SetConfig)
    UART_Start_Receive_DMA                   0x080052e5   Thumb Code   130  stm32f1xx_hal_uart.o(i.UART_Start_Receive_DMA)
    USART1_IRQHandler                        0x08005375   Thumb Code     6  stm32f1xx_it.o(i.USART1_IRQHandler)
    USART2_IRQHandler                        0x08005381   Thumb Code     6  stm32f1xx_it.o(i.USART2_IRQHandler)
    USART3_IRQHandler                        0x0800538d   Thumb Code     6  stm32f1xx_it.o(i.USART3_IRQHandler)
    UsageFault_Handler                       0x08005399   Thumb Code     2  stm32f1xx_it.o(i.UsageFault_Handler)
    __ARM_fpclassify                         0x0800539b   Thumb Code    40  fpclassify.o(i.__ARM_fpclassify)
    _is_digit                                0x080053e3   Thumb Code    14  __printf_wp.o(i._is_digit)
    create_time_1                            0x080053f1   Thumb Code    26  timecall.o(i.create_time_1)
    eTaskConfirmSleepModeStatus              0x0800541d   Thumb Code    38  tasks.o(i.eTaskConfirmSleepModeStatus)
    esp8266_init                             0x0800544d   Thumb Code   204  freertos_8266.o(i.esp8266_init)
    main                                     0x08005685   Thumb Code    54  main.o(i.main)
    osKernelInitialize                       0x080056bd   Thumb Code    50  cmsis_os2.o(i.osKernelInitialize)
    osKernelStart                            0x080056f5   Thumb Code    58  cmsis_os2.o(i.osKernelStart)
    osThreadNew                              0x08005735   Thumb Code   160  cmsis_os2.o(i.osThreadNew)
    print_usart1                             0x080057d9   Thumb Code    64  driver_uart.o(i.print_usart1)
    print_usart2                             0x08005821   Thumb Code    54  driver_uart.o(i.print_usart2)
    pvPortMalloc                             0x080060c5   Thumb Code   210  heap_4.o(i.pvPortMalloc)
    pvTaskIncrementMutexHeldCount            0x0800619d   Thumb Code    18  tasks.o(i.pvTaskIncrementMutexHeldCount)
    pxPortInitialiseStack                    0x080061b5   Thumb Code    32  port.o(i.pxPortInitialiseStack)
    rece_usart1                              0x080061d9   Thumb Code    30  driver_uart.o(i.rece_usart1)
    rece_usart2                              0x080061fd   Thumb Code    28  driver_uart.o(i.rece_usart2)
    rece_usart3                              0x0800621d   Thumb Code    28  driver_uart.o(i.rece_usart3)
    start_time_1                             0x0800623d   Thumb Code    32  timecall.o(i.start_time_1)
    stop_time_1                              0x080062fd   Thumb Code    24  timecall.o(i.stop_time_1)
    timeCallBackTask                         0x08006319   Thumb Code    14  timecall.o(i.timeCallBackTask)
    uart1_test                               0x0800632d   Thumb Code    54  freertos_lanya.o(i.uart1_test)
    uart2_test                               0x08006391   Thumb Code   144  freertos_8266.o(i.uart2_test)
    uart3_test                               0x08006471   Thumb Code    94  freertos_co2.o(i.uart3_test)
    uxListRemove                             0x08006511   Thumb Code    38  list.o(i.uxListRemove)
    vApplicationGetIdleTaskMemory            0x08006539   Thumb Code    16  cmsis_os2.o(i.vApplicationGetIdleTaskMemory)
    vApplicationGetTimerTaskMemory           0x0800654d   Thumb Code    18  cmsis_os2.o(i.vApplicationGetTimerTaskMemory)
    vListInitialise                          0x08006565   Thumb Code    22  list.o(i.vListInitialise)
    vListInitialiseItem                      0x0800657b   Thumb Code     6  list.o(i.vListInitialiseItem)
    vListInsert                              0x08006581   Thumb Code    48  list.o(i.vListInsert)
    vListInsertEnd                           0x080065b1   Thumb Code    24  list.o(i.vListInsertEnd)
    vPortEnterCritical                       0x080065c9   Thumb Code    54  port.o(i.vPortEnterCritical)
    vPortExitCritical                        0x08006609   Thumb Code    34  port.o(i.vPortExitCritical)
    vPortFree                                0x08006631   Thumb Code    88  heap_4.o(i.vPortFree)
    vPortSetupTimerInterrupt                 0x0800668d   Thumb Code    64  port.o(i.vPortSetupTimerInterrupt)
    vPortSuppressTicksAndSleep               0x080066d5   Thumb Code   222  port.o(i.vPortSuppressTicksAndSleep)
    vPortValidateInterruptPriority           0x080067b9   Thumb Code    74  port.o(i.vPortValidateInterruptPriority)
    vQueueAddToRegistry                      0x0800680d   Thumb Code    34  queue.o(i.vQueueAddToRegistry)
    vQueueWaitForMessageRestricted           0x08006835   Thumb Code    68  queue.o(i.vQueueWaitForMessageRestricted)
    vTaskDelay                               0x08006879   Thumb Code    66  tasks.o(i.vTaskDelay)
    vTaskDelete                              0x080068c5   Thumb Code   130  tasks.o(i.vTaskDelete)
    vTaskInternalSetTimeOutState             0x08006955   Thumb Code    12  tasks.o(i.vTaskInternalSetTimeOutState)
    vTaskMissedYield                         0x08006965   Thumb Code     8  tasks.o(i.vTaskMissedYield)
    vTaskPlaceOnEventList                    0x08006971   Thumb Code    44  tasks.o(i.vTaskPlaceOnEventList)
    vTaskPlaceOnEventListRestricted          0x080069a1   Thumb Code    52  tasks.o(i.vTaskPlaceOnEventListRestricted)
    vTaskPriorityDisinheritAfterTimeout      0x080069d9   Thumb Code   134  tasks.o(i.vTaskPriorityDisinheritAfterTimeout)
    vTaskStartScheduler                      0x08006a69   Thumb Code   118  tasks.o(i.vTaskStartScheduler)
    vTaskStepTick                            0x08006af1   Thumb Code    36  tasks.o(i.vTaskStepTick)
    vTaskSuspendAll                          0x08006b19   Thumb Code    10  tasks.o(i.vTaskSuspendAll)
    vTaskSwitchContext                       0x08006b29   Thumb Code    90  tasks.o(i.vTaskSwitchContext)
    xPortStartScheduler                      0x08006b8d   Thumb Code   154  port.o(i.xPortStartScheduler)
    xQueueGenericCreate                      0x08006c35   Thumb Code    72  queue.o(i.xQueueGenericCreate)
    xQueueGenericCreateStatic                0x08006c7d   Thumb Code   102  queue.o(i.xQueueGenericCreateStatic)
    xQueueGenericReset                       0x08006ce5   Thumb Code   132  queue.o(i.xQueueGenericReset)
    xQueueGenericSend                        0x08006d6d   Thumb Code   360  queue.o(i.xQueueGenericSend)
    xQueueGenericSendFromISR                 0x08006ed9   Thumb Code   202  queue.o(i.xQueueGenericSendFromISR)
    xQueueGiveFromISR                        0x08006fa3   Thumb Code   174  queue.o(i.xQueueGiveFromISR)
    xQueueReceive                            0x08007051   Thumb Code   308  queue.o(i.xQueueReceive)
    xQueueSemaphoreTake                      0x08007189   Thumb Code   372  queue.o(i.xQueueSemaphoreTake)
    xTaskCheckForTimeOut                     0x08007301   Thumb Code   112  tasks.o(i.xTaskCheckForTimeOut)
    xTaskCreate                              0x08007375   Thumb Code    90  tasks.o(i.xTaskCreate)
    xTaskCreateStatic                        0x080073cf   Thumb Code    86  tasks.o(i.xTaskCreateStatic)
    xTaskGenericNotify                       0x08007425   Thumb Code   192  tasks.o(i.xTaskGenericNotify)
    xTaskGetSchedulerState                   0x080074f1   Thumb Code    22  tasks.o(i.xTaskGetSchedulerState)
    xTaskGetTickCount                        0x0800750d   Thumb Code     6  tasks.o(i.xTaskGetTickCount)
    xTaskIncrementTick                       0x08007519   Thumb Code   190  tasks.o(i.xTaskIncrementTick)
    xTaskNotifyWait                          0x080075e1   Thumb Code   130  tasks.o(i.xTaskNotifyWait)
    xTaskPriorityDisinherit                  0x0800766d   Thumb Code   118  tasks.o(i.xTaskPriorityDisinherit)
    xTaskPriorityInherit                     0x080076ed   Thumb Code   112  tasks.o(i.xTaskPriorityInherit)
    xTaskRemoveFromEventList                 0x08007765   Thumb Code   104  tasks.o(i.xTaskRemoveFromEventList)
    xTaskResumeAll                           0x080077d9   Thumb Code   182  tasks.o(i.xTaskResumeAll)
    xTimerCreate                             0x0800789d   Thumb Code    52  timers.o(i.xTimerCreate)
    xTimerCreateTimerTask                    0x080078d1   Thumb Code    78  timers.o(i.xTimerCreateTimerTask)
    xTimerGenericCommand                     0x08007931   Thumb Code    98  timers.o(i.xTimerGenericCommand)
    _get_lc_numeric                          0x08007999   Thumb Code    44  lc_numeric_c.o(locale$$code)
    _get_lc_ctype                            0x080079c5   Thumb Code    44  lc_ctype_c.o(locale$$code)
    _printf_fp_dec                           0x080079f1   Thumb Code     4  printf1.o(x$fpl$printf1)
    _printf_fp_hex                           0x080079f5   Thumb Code     4  printf2.o(x$fpl$printf2)
    __I$use$fp                               0x080079f8   Number         0  usenofp.o(x$fpl$usenofp)
    defaultTask_attributes                   0x080079f8   Data          36  freertos.o(.constdata)
    AHBPrescTable                            0x08007a40   Data          16  system_stm32f1xx.o(.constdata)
    APBPrescTable                            0x08007a50   Data           8  system_stm32f1xx.o(.constdata)
    ascii_font                               0x08007a58   Data        2048  driver_oled.o(.constdata)
    Region$$Table$$Base                      0x08008408   Number         0  anon$$obj.o(Region$$Table)
    Region$$Table$$Limit                     0x08008428   Number         0  anon$$obj.o(Region$$Table)
    __ctype                                  0x08008451   Data           0  lc_ctype_c.o(locale$$data)
    oled_Handle                              0x20000000   Data           4  freertos.o(.data)
    esp8266_init_Handle                      0x20000004   Data           4  freertos.o(.data)
    defaultTaskHandle                        0x20000008   Data           4  freertos.o(.data)
    uwTickFreq                               0x2000000c   Data           1  stm32f1xx_hal.o(.data)
    uwTickPrio                               0x20000010   Data           4  stm32f1xx_hal.o(.data)
    uwTick                                   0x20000014   Data           4  stm32f1xx_hal.o(.data)
    SystemCoreClock                          0x20000018   Data           4  system_stm32f1xx.o(.data)
    pxCurrentTCB                             0x2000001c   Data           4  tasks.o(.data)
    g_uart_devs                              0x20000208   Data          12  driver_uart.o(.data)
    GetTime                                  0x20000250   Data           3  freertos_rtc.o(.data)
    GetData                                  0x20000258   Data           4  freertos_rtc.o(.data)
    aTime                                    0x2000025c   Data           8  freertos_rtc.o(.data)
    xMy_8266_uart2_Queue                     0x20000264   Data           4  freertos_8266.o(.data)
    hi2c1                                    0x20000270   Data          84  i2c.o(.bss)
    hrtc                                     0x200002c4   Data          20  rtc.o(.bss)
    htim2                                    0x200002d8   Data          72  tim.o(.bss)
    huart1                                   0x20000320   Data          72  usart.o(.bss)
    huart2                                   0x20000368   Data          72  usart.o(.bss)
    huart3                                   0x200003b0   Data          72  usart.o(.bss)
    hdma_usart1_rx                           0x200003f8   Data          68  usart.o(.bss)
    hdma_usart1_tx                           0x2000043c   Data          68  usart.o(.bss)
    hdma_usart2_rx                           0x20000480   Data          68  usart.o(.bss)
    hdma_usart2_tx                           0x200004c4   Data          68  usart.o(.bss)
    hdma_usart3_rx                           0x20000508   Data          68  usart.o(.bss)
    hdma_usart3_tx                           0x2000054c   Data          68  usart.o(.bss)
    htim4                                    0x20000590   Data          72  stm32f1xx_hal_timebase_tim.o(.bss)
    xQueueRegistry                           0x200005d8   Data          64  queue.o(.bss)
    __libspace_start                         0x20003210   Data          96  libspace.o(.bss)
    __temporary_stack_top$libspace           0x20003270   Data           0  libspace.o(.bss)



==============================================================================

Memory Map of the image

  Image Entry point : 0x080000ed

  Load Region LR_IROM1 (Base: 0x08000000, Size: 0x000087c4, Max: 0x00010000, ABSOLUTE, COMPRESSED[0x000085a4])

    Execution Region ER_IROM1 (Exec base: 0x08000000, Load base: 0x08000000, Size: 0x00008554, Max: 0x00010000, ABSOLUTE)

    Exec Addr    Load Addr    Size         Type   Attr      Idx    E Section Name        Object

    0x08000000   0x08000000   0x000000ec   Data   RO            3    RESET               startup_stm32f103xb.o
    0x080000ec   0x080000ec   0x00000008   Code   RO         6362  * !!!main             c_w.l(__main.o)
    0x080000f4   0x080000f4   0x00000034   Code   RO         6741    !!!scatter          c_w.l(__scatter.o)
    0x08000128   0x08000128   0x0000005a   Code   RO         6739    !!dczerorl2         c_w.l(__dczerorl2.o)
    0x08000182   0x08000182   0x00000002   PAD
    0x08000184   0x08000184   0x0000001c   Code   RO         6743    !!handler_zi        c_w.l(__scatter_zi.o)
    0x080001a0   0x080001a0   0x00000000   Code   RO         6479    .ARM.Collect$$_printf_percent$$00000000  c_w.l(_printf_percent.o)
    0x080001a0   0x080001a0   0x00000006   Code   RO         6468    .ARM.Collect$$_printf_percent$$00000001  c_w.l(_printf_n.o)
    0x080001a6   0x080001a6   0x00000006   Code   RO         6470    .ARM.Collect$$_printf_percent$$00000002  c_w.l(_printf_p.o)
    0x080001ac   0x080001ac   0x00000006   Code   RO         6475    .ARM.Collect$$_printf_percent$$00000003  c_w.l(_printf_f.o)
    0x080001b2   0x080001b2   0x00000006   Code   RO         6476    .ARM.Collect$$_printf_percent$$00000004  c_w.l(_printf_e.o)
    0x080001b8   0x080001b8   0x00000006   Code   RO         6477    .ARM.Collect$$_printf_percent$$00000005  c_w.l(_printf_g.o)
    0x080001be   0x080001be   0x00000006   Code   RO         6478    .ARM.Collect$$_printf_percent$$00000006  c_w.l(_printf_a.o)
    0x080001c4   0x080001c4   0x0000000a   Code   RO         6483    .ARM.Collect$$_printf_percent$$00000007  c_w.l(_printf_ll.o)
    0x080001ce   0x080001ce   0x00000006   Code   RO         6472    .ARM.Collect$$_printf_percent$$00000008  c_w.l(_printf_i.o)
    0x080001d4   0x080001d4   0x00000006   Code   RO         6473    .ARM.Collect$$_printf_percent$$00000009  c_w.l(_printf_d.o)
    0x080001da   0x080001da   0x00000006   Code   RO         6474    .ARM.Collect$$_printf_percent$$0000000A  c_w.l(_printf_u.o)
    0x080001e0   0x080001e0   0x00000006   Code   RO         6471    .ARM.Collect$$_printf_percent$$0000000B  c_w.l(_printf_o.o)
    0x080001e6   0x080001e6   0x00000006   Code   RO         6469    .ARM.Collect$$_printf_percent$$0000000C  c_w.l(_printf_x.o)
    0x080001ec   0x080001ec   0x00000006   Code   RO         6480    .ARM.Collect$$_printf_percent$$0000000D  c_w.l(_printf_lli.o)
    0x080001f2   0x080001f2   0x00000006   Code   RO         6481    .ARM.Collect$$_printf_percent$$0000000E  c_w.l(_printf_lld.o)
    0x080001f8   0x080001f8   0x00000006   Code   RO         6482    .ARM.Collect$$_printf_percent$$0000000F  c_w.l(_printf_llu.o)
    0x080001fe   0x080001fe   0x00000006   Code   RO         6487    .ARM.Collect$$_printf_percent$$00000010  c_w.l(_printf_llo.o)
    0x08000204   0x08000204   0x00000006   Code   RO         6488    .ARM.Collect$$_printf_percent$$00000011  c_w.l(_printf_llx.o)
    0x0800020a   0x0800020a   0x0000000a   Code   RO         6484    .ARM.Collect$$_printf_percent$$00000012  c_w.l(_printf_l.o)
    0x08000214   0x08000214   0x00000006   Code   RO         6466    .ARM.Collect$$_printf_percent$$00000013  c_w.l(_printf_c.o)
    0x0800021a   0x0800021a   0x00000006   Code   RO         6467    .ARM.Collect$$_printf_percent$$00000014  c_w.l(_printf_s.o)
    0x08000220   0x08000220   0x00000006   Code   RO         6485    .ARM.Collect$$_printf_percent$$00000015  c_w.l(_printf_lc.o)
    0x08000226   0x08000226   0x00000006   Code   RO         6486    .ARM.Collect$$_printf_percent$$00000016  c_w.l(_printf_ls.o)
    0x0800022c   0x0800022c   0x00000004   Code   RO         6591    .ARM.Collect$$_printf_percent$$00000017  c_w.l(_printf_percent_end.o)
    0x08000230   0x08000230   0x00000002   Code   RO         6670    .ARM.Collect$$libinit$$00000000  c_w.l(libinit.o)
    0x08000232   0x08000232   0x00000000   Code   RO         6494    .ARM.Collect$$libinit$$00000002  c_w.l(libinit2.o)
    0x08000232   0x08000232   0x00000000   Code   RO         6496    .ARM.Collect$$libinit$$00000004  c_w.l(libinit2.o)
    0x08000232   0x08000232   0x00000000   Code   RO         6499    .ARM.Collect$$libinit$$0000000A  c_w.l(libinit2.o)
    0x08000232   0x08000232   0x00000000   Code   RO         6501    .ARM.Collect$$libinit$$0000000C  c_w.l(libinit2.o)
    0x08000232   0x08000232   0x00000000   Code   RO         6503    .ARM.Collect$$libinit$$0000000E  c_w.l(libinit2.o)
    0x08000232   0x08000232   0x00000006   Code   RO         6504    .ARM.Collect$$libinit$$0000000F  c_w.l(libinit2.o)
    0x08000238   0x08000238   0x00000000   Code   RO         6506    .ARM.Collect$$libinit$$00000011  c_w.l(libinit2.o)
    0x08000238   0x08000238   0x0000000c   Code   RO         6507    .ARM.Collect$$libinit$$00000012  c_w.l(libinit2.o)
    0x08000244   0x08000244   0x00000000   Code   RO         6508    .ARM.Collect$$libinit$$00000013  c_w.l(libinit2.o)
    0x08000244   0x08000244   0x00000000   Code   RO         6510    .ARM.Collect$$libinit$$00000015  c_w.l(libinit2.o)
    0x08000244   0x08000244   0x0000000a   Code   RO         6511    .ARM.Collect$$libinit$$00000016  c_w.l(libinit2.o)
    0x0800024e   0x0800024e   0x00000000   Code   RO         6512    .ARM.Collect$$libinit$$00000017  c_w.l(libinit2.o)
    0x0800024e   0x0800024e   0x00000000   Code   RO         6514    .ARM.Collect$$libinit$$00000019  c_w.l(libinit2.o)
    0x0800024e   0x0800024e   0x00000000   Code   RO         6516    .ARM.Collect$$libinit$$0000001B  c_w.l(libinit2.o)
    0x0800024e   0x0800024e   0x00000000   Code   RO         6518    .ARM.Collect$$libinit$$0000001D  c_w.l(libinit2.o)
    0x0800024e   0x0800024e   0x00000000   Code   RO         6520    .ARM.Collect$$libinit$$0000001F  c_w.l(libinit2.o)
    0x0800024e   0x0800024e   0x00000000   Code   RO         6522    .ARM.Collect$$libinit$$00000021  c_w.l(libinit2.o)
    0x0800024e   0x0800024e   0x00000000   Code   RO         6524    .ARM.Collect$$libinit$$00000023  c_w.l(libinit2.o)
    0x0800024e   0x0800024e   0x00000000   Code   RO         6526    .ARM.Collect$$libinit$$00000025  c_w.l(libinit2.o)
    0x0800024e   0x0800024e   0x00000000   Code   RO         6530    .ARM.Collect$$libinit$$0000002C  c_w.l(libinit2.o)
    0x0800024e   0x0800024e   0x00000000   Code   RO         6532    .ARM.Collect$$libinit$$0000002E  c_w.l(libinit2.o)
    0x0800024e   0x0800024e   0x00000000   Code   RO         6534    .ARM.Collect$$libinit$$00000030  c_w.l(libinit2.o)
    0x0800024e   0x0800024e   0x00000000   Code   RO         6536    .ARM.Collect$$libinit$$00000032  c_w.l(libinit2.o)
    0x0800024e   0x0800024e   0x00000002   Code   RO         6537    .ARM.Collect$$libinit$$00000033  c_w.l(libinit2.o)
    0x08000250   0x08000250   0x00000002   Code   RO         6736    .ARM.Collect$$libshutdown$$00000000  c_w.l(libshutdown.o)
    0x08000252   0x08000252   0x00000000   Code   RO         6694    .ARM.Collect$$libshutdown$$00000002  c_w.l(libshutdown2.o)
    0x08000252   0x08000252   0x00000000   Code   RO         6696    .ARM.Collect$$libshutdown$$00000004  c_w.l(libshutdown2.o)
    0x08000252   0x08000252   0x00000000   Code   RO         6699    .ARM.Collect$$libshutdown$$00000007  c_w.l(libshutdown2.o)
    0x08000252   0x08000252   0x00000000   Code   RO         6702    .ARM.Collect$$libshutdown$$0000000A  c_w.l(libshutdown2.o)
    0x08000252   0x08000252   0x00000000   Code   RO         6704    .ARM.Collect$$libshutdown$$0000000C  c_w.l(libshutdown2.o)
    0x08000252   0x08000252   0x00000000   Code   RO         6707    .ARM.Collect$$libshutdown$$0000000F  c_w.l(libshutdown2.o)
    0x08000252   0x08000252   0x00000002   Code   RO         6708    .ARM.Collect$$libshutdown$$00000010  c_w.l(libshutdown2.o)
    0x08000254   0x08000254   0x00000000   Code   RO         6366    .ARM.Collect$$rtentry$$00000000  c_w.l(__rtentry.o)
    0x08000254   0x08000254   0x00000000   Code   RO         6552    .ARM.Collect$$rtentry$$00000002  c_w.l(__rtentry2.o)
    0x08000254   0x08000254   0x00000006   Code   RO         6564    .ARM.Collect$$rtentry$$00000004  c_w.l(__rtentry4.o)
    0x0800025a   0x0800025a   0x00000000   Code   RO         6554    .ARM.Collect$$rtentry$$00000009  c_w.l(__rtentry2.o)
    0x0800025a   0x0800025a   0x00000004   Code   RO         6555    .ARM.Collect$$rtentry$$0000000A  c_w.l(__rtentry2.o)
    0x0800025e   0x0800025e   0x00000000   Code   RO         6557    .ARM.Collect$$rtentry$$0000000C  c_w.l(__rtentry2.o)
    0x0800025e   0x0800025e   0x00000008   Code   RO         6558    .ARM.Collect$$rtentry$$0000000D  c_w.l(__rtentry2.o)
    0x08000266   0x08000266   0x00000002   Code   RO         6678    .ARM.Collect$$rtexit$$00000000  c_w.l(rtexit.o)
    0x08000268   0x08000268   0x00000000   Code   RO         6712    .ARM.Collect$$rtexit$$00000002  c_w.l(rtexit2.o)
    0x08000268   0x08000268   0x00000004   Code   RO         6713    .ARM.Collect$$rtexit$$00000003  c_w.l(rtexit2.o)
    0x0800026c   0x0800026c   0x00000006   Code   RO         6714    .ARM.Collect$$rtexit$$00000004  c_w.l(rtexit2.o)
    0x08000272   0x08000272   0x00000002   PAD
    0x08000274   0x08000274   0x00000096   Code   RO         5407    .emb_text           port.o
    0x0800030a   0x0800030a   0x00000002   PAD
    0x0800030c   0x0800030c   0x00000040   Code   RO            4    .text               startup_stm32f103xb.o
    0x0800034c   0x0800034c   0x00000034   Code   RO         6336    .text               c_w.l(vsnprintf.o)
    0x08000380   0x08000380   0x00000024   Code   RO         6340    .text               c_w.l(strstr.o)
    0x080003a4   0x080003a4   0x00000048   Code   RO         6342    .text               c_w.l(strcpy.o)
    0x080003ec   0x080003ec   0x0000003e   Code   RO         6344    .text               c_w.l(strlen.o)
    0x0800042a   0x0800042a   0x0000008a   Code   RO         6346    .text               c_w.l(rt_memcpy_v6.o)
    0x080004b4   0x080004b4   0x00000010   Code   RO         6350    .text               c_w.l(aeabi_memset.o)
    0x080004c4   0x080004c4   0x00000044   Code   RO         6352    .text               c_w.l(rt_memclr.o)
    0x08000508   0x08000508   0x0000004e   Code   RO         6354    .text               c_w.l(rt_memclr_w.o)
    0x08000556   0x08000556   0x00000056   Code   RO         6356    .text               c_w.l(strncpy.o)
    0x080005ac   0x080005ac   0x00000080   Code   RO         6358    .text               c_w.l(strcmpv7m.o)
    0x0800062c   0x0800062c   0x00000006   Code   RO         6360    .text               c_w.l(heapauxi.o)
    0x08000632   0x08000632   0x0000004e   Code   RO         6398    .text               c_w.l(_printf_pad.o)
    0x08000680   0x08000680   0x00000024   Code   RO         6400    .text               c_w.l(_printf_truncate.o)
    0x080006a4   0x080006a4   0x00000052   Code   RO         6402    .text               c_w.l(_printf_str.o)
    0x080006f6   0x080006f6   0x00000002   PAD
    0x080006f8   0x080006f8   0x00000078   Code   RO         6404    .text               c_w.l(_printf_dec.o)
    0x08000770   0x08000770   0x00000028   Code   RO         6406    .text               c_w.l(_printf_charcount.o)
    0x08000798   0x08000798   0x00000030   Code   RO         6408    .text               c_w.l(_printf_char_common.o)
    0x080007c8   0x080007c8   0x0000000a   Code   RO         6410    .text               c_w.l(_sputc.o)
    0x080007d2   0x080007d2   0x00000010   Code   RO         6412    .text               c_w.l(_snputc.o)
    0x080007e2   0x080007e2   0x00000002   PAD
    0x080007e4   0x080007e4   0x000000bc   Code   RO         6414    .text               c_w.l(_printf_wctomb.o)
    0x080008a0   0x080008a0   0x0000007c   Code   RO         6417    .text               c_w.l(_printf_longlong_dec.o)
    0x0800091c   0x0800091c   0x00000070   Code   RO         6423    .text               c_w.l(_printf_oct_int_ll.o)
    0x0800098c   0x0800098c   0x00000094   Code   RO         6443    .text               c_w.l(_printf_hex_int_ll_ptr.o)
    0x08000a20   0x08000a20   0x00000188   Code   RO         6463    .text               c_w.l(__printf_flags_ss_wp.o)
    0x08000ba8   0x08000ba8   0x00000064   Code   RO         6489    .text               c_w.l(rt_memcpy_w.o)
    0x08000c0c   0x08000c0c   0x00000008   Code   RO         6548    .text               c_w.l(libspace.o)
    0x08000c14   0x08000c14   0x0000008a   Code   RO         6576    .text               c_w.l(lludiv10.o)
    0x08000c9e   0x08000c9e   0x000000b2   Code   RO         6578    .text               c_w.l(_printf_intcommon.o)
    0x08000d50   0x08000d50   0x0000041e   Code   RO         6580    .text               c_w.l(_printf_fp_dec.o)
    0x0800116e   0x0800116e   0x00000002   PAD
    0x08001170   0x08001170   0x000002fc   Code   RO         6582    .text               c_w.l(_printf_fp_hex.o)
    0x0800146c   0x0800146c   0x0000002c   Code   RO         6587    .text               c_w.l(_printf_char.o)
    0x08001498   0x08001498   0x0000002c   Code   RO         6589    .text               c_w.l(_printf_wchar.o)
    0x080014c4   0x080014c4   0x00000040   Code   RO         6592    .text               c_w.l(_wcrtomb.o)
    0x08001504   0x08001504   0x00000002   Code   RO         6605    .text               c_w.l(use_no_semi.o)
    0x08001506   0x08001506   0x00000000   Code   RO         6607    .text               c_w.l(indicate_semi.o)
    0x08001506   0x08001506   0x0000004a   Code   RO         6608    .text               c_w.l(sys_stackheap_outer.o)
    0x08001550   0x08001550   0x00000010   Code   RO         6610    .text               c_w.l(rt_ctype_table.o)
    0x08001560   0x08001560   0x00000008   Code   RO         6617    .text               c_w.l(rt_locale_intlibspace.o)
    0x08001568   0x08001568   0x00000080   Code   RO         6621    .text               c_w.l(_printf_fp_infnan.o)
    0x080015e8   0x080015e8   0x000000e4   Code   RO         6623    .text               c_w.l(bigflt0.o)
    0x080016cc   0x080016cc   0x00000012   Code   RO         6651    .text               c_w.l(exit.o)
    0x080016de   0x080016de   0x00000002   PAD
    0x080016e0   0x080016e0   0x0000000c   Code   RO         6676    .text               c_w.l(sys_exit.o)
    0x080016ec   0x080016ec   0x0000003e   Code   RO         6626    CL$$btod_d2e        c_w.l(btod.o)
    0x0800172a   0x0800172a   0x00000046   Code   RO         6628    CL$$btod_d2e_denorm_low  c_w.l(btod.o)
    0x08001770   0x08001770   0x00000060   Code   RO         6627    CL$$btod_d2e_norm_op1  c_w.l(btod.o)
    0x080017d0   0x080017d0   0x00000338   Code   RO         6636    CL$$btod_div_common  c_w.l(btod.o)
    0x08001b08   0x08001b08   0x000000dc   Code   RO         6633    CL$$btod_e2e        c_w.l(btod.o)
    0x08001be4   0x08001be4   0x0000002a   Code   RO         6630    CL$$btod_ediv       c_w.l(btod.o)
    0x08001c0e   0x08001c0e   0x0000002a   Code   RO         6629    CL$$btod_emul       c_w.l(btod.o)
    0x08001c38   0x08001c38   0x00000244   Code   RO         6635    CL$$btod_mult_common  c_w.l(btod.o)
    0x08001e7c   0x08001e7c   0x00000002   Code   RO          533    i.BusFault_Handler  stm32f1xx_it.o
    0x08001e7e   0x08001e7e   0x00000002   PAD
    0x08001e80   0x08001e80   0x0000000c   Code   RO          534    i.DMA1_Channel2_IRQHandler  stm32f1xx_it.o
    0x08001e8c   0x08001e8c   0x0000000c   Code   RO          535    i.DMA1_Channel3_IRQHandler  stm32f1xx_it.o
    0x08001e98   0x08001e98   0x0000000c   Code   RO          536    i.DMA1_Channel4_IRQHandler  stm32f1xx_it.o
    0x08001ea4   0x08001ea4   0x0000000c   Code   RO          537    i.DMA1_Channel5_IRQHandler  stm32f1xx_it.o
    0x08001eb0   0x08001eb0   0x0000000c   Code   RO          538    i.DMA1_Channel6_IRQHandler  stm32f1xx_it.o
    0x08001ebc   0x08001ebc   0x0000000c   Code   RO          539    i.DMA1_Channel7_IRQHandler  stm32f1xx_it.o
    0x08001ec8   0x08001ec8   0x0000002a   Code   RO         1142    i.DMA_SetConfig     stm32f1xx_hal_dma.o
    0x08001ef2   0x08001ef2   0x00000002   Code   RO          540    i.DebugMon_Handler  stm32f1xx_it.o
    0x08001ef4   0x08001ef4   0x000000b0   Code   RO         6012    i.ESP8266_SendCmd   freertos_8266.o
    0x08001fa4   0x08001fa4   0x00000004   Code   RO           13    i.Error_Handler     main.o
    0x08001fa8   0x08001fa8   0x0000002c   Code   RO         5726    i.GetUARTDevice     driver_uart.o
    0x08001fd4   0x08001fd4   0x00000046   Code   RO         1143    i.HAL_DMA_Abort     stm32f1xx_hal_dma.o
    0x0800201a   0x0800201a   0x00000002   PAD
    0x0800201c   0x0800201c   0x00000098   Code   RO         1144    i.HAL_DMA_Abort_IT  stm32f1xx_hal_dma.o
    0x080020b4   0x080020b4   0x00000154   Code   RO         1148    i.HAL_DMA_IRQHandler  stm32f1xx_hal_dma.o
    0x08002208   0x08002208   0x0000005c   Code   RO         1149    i.HAL_DMA_Init      stm32f1xx_hal_dma.o
    0x08002264   0x08002264   0x00000070   Code   RO         1153    i.HAL_DMA_Start_IT  stm32f1xx_hal_dma.o
    0x080022d4   0x080022d4   0x000001e0   Code   RO         1079    i.HAL_GPIO_Init     stm32f1xx_hal_gpio.o
    0x080024b4   0x080024b4   0x0000000a   Code   RO         1083    i.HAL_GPIO_WritePin  stm32f1xx_hal_gpio.o
    0x080024be   0x080024be   0x00000002   PAD
    0x080024c0   0x080024c0   0x0000000c   Code   RO          773    i.HAL_GetTick       stm32f1xx_hal.o
    0x080024cc   0x080024cc   0x00000188   Code   RO         1750    i.HAL_I2C_Init      stm32f1xx_hal_i2c.o
    0x08002654   0x08002654   0x0000012c   Code   RO         1763    i.HAL_I2C_Master_Transmit  stm32f1xx_hal_i2c.o
    0x08002780   0x08002780   0x00000130   Code   RO         1771    i.HAL_I2C_Mem_Write  stm32f1xx_hal_i2c.o
    0x080028b0   0x080028b0   0x0000005c   Code   RO          354    i.HAL_I2C_MspInit   i2c.o
    0x0800290c   0x0800290c   0x00000010   Code   RO          779    i.HAL_IncTick       stm32f1xx_hal.o
    0x0800291c   0x0800291c   0x00000024   Code   RO          780    i.HAL_Init          stm32f1xx_hal.o
    0x08002940   0x08002940   0x00000098   Code   RO          687    i.HAL_InitTick      stm32f1xx_hal_timebase_tim.o
    0x080029d8   0x080029d8   0x00000048   Code   RO          663    i.HAL_MspInit       stm32f1xx_hal_msp.o
    0x08002a20   0x08002a20   0x0000001a   Code   RO         1239    i.HAL_NVIC_EnableIRQ  stm32f1xx_hal_cortex.o
    0x08002a3a   0x08002a3a   0x00000002   PAD
    0x08002a3c   0x08002a3c   0x00000040   Code   RO         1245    i.HAL_NVIC_SetPriority  stm32f1xx_hal_cortex.o
    0x08002a7c   0x08002a7c   0x00000024   Code   RO         1246    i.HAL_NVIC_SetPriorityGrouping  stm32f1xx_hal_cortex.o
    0x08002aa0   0x08002aa0   0x0000000c   Code   RO         1361    i.HAL_PWR_EnableBkUpAccess  stm32f1xx_hal_pwr.o
    0x08002aac   0x08002aac   0x000000a4   Code   RO         1040    i.HAL_RCCEx_GetPeriphCLKFreq  stm32f1xx_hal_rcc_ex.o
    0x08002b50   0x08002b50   0x000000ec   Code   RO         1041    i.HAL_RCCEx_PeriphCLKConfig  stm32f1xx_hal_rcc_ex.o
    0x08002c3c   0x08002c3c   0x0000012c   Code   RO          937    i.HAL_RCC_ClockConfig  stm32f1xx_hal_rcc.o
    0x08002d68   0x08002d68   0x00000040   Code   RO          941    i.HAL_RCC_GetClockConfig  stm32f1xx_hal_rcc.o
    0x08002da8   0x08002da8   0x00000020   Code   RO          944    i.HAL_RCC_GetPCLK1Freq  stm32f1xx_hal_rcc.o
    0x08002dc8   0x08002dc8   0x00000020   Code   RO          945    i.HAL_RCC_GetPCLK2Freq  stm32f1xx_hal_rcc.o
    0x08002de8   0x08002de8   0x0000004c   Code   RO          946    i.HAL_RCC_GetSysClockFreq  stm32f1xx_hal_rcc.o
    0x08002e34   0x08002e34   0x00000320   Code   RO          949    i.HAL_RCC_OscConfig  stm32f1xx_hal_rcc.o
    0x08003154   0x08003154   0x00000088   Code   RO         5949    i.HAL_RTC_AlarmAEventCallback  freertos_rtc.o
    0x080031dc   0x080031dc   0x00000034   Code   RO         2177    i.HAL_RTC_AlarmIRQHandler  stm32f1xx_hal_rtc.o
    0x08003210   0x08003210   0x000000d8   Code   RO         2183    i.HAL_RTC_GetTime   stm32f1xx_hal_rtc.o
    0x080032e8   0x080032e8   0x00000094   Code   RO         2184    i.HAL_RTC_Init      stm32f1xx_hal_rtc.o
    0x0800337c   0x0800337c   0x00000048   Code   RO          396    i.HAL_RTC_MspInit   rtc.o
    0x080033c4   0x080033c4   0x000000ec   Code   RO         2189    i.HAL_RTC_SetAlarm_IT  stm32f1xx_hal_rtc.o
    0x080034b0   0x080034b0   0x000000c4   Code   RO         2190    i.HAL_RTC_SetDate   stm32f1xx_hal_rtc.o
    0x08003574   0x08003574   0x000000ac   Code   RO         2191    i.HAL_RTC_SetTime   stm32f1xx_hal_rtc.o
    0x08003620   0x08003620   0x0000003a   Code   RO         2192    i.HAL_RTC_WaitForSynchro  stm32f1xx_hal_rtc.o
    0x0800365a   0x0800365a   0x00000002   Code   RO         3154    i.HAL_TIMEx_BreakCallback  stm32f1xx_hal_tim_ex.o
    0x0800365c   0x0800365c   0x00000002   Code   RO         3155    i.HAL_TIMEx_CommutCallback  stm32f1xx_hal_tim_ex.o
    0x0800365e   0x0800365e   0x00000002   PAD
    0x08003660   0x08003660   0x00000068   Code   RO         3173    i.HAL_TIMEx_MasterConfigSynchronization  stm32f1xx_hal_tim_ex.o
    0x080036c8   0x080036c8   0x0000005a   Code   RO         2450    i.HAL_TIM_Base_Init  stm32f1xx_hal_tim.o
    0x08003722   0x08003722   0x00000002   PAD
    0x08003724   0x08003724   0x00000038   Code   RO          438    i.HAL_TIM_Base_MspInit  tim.o
    0x0800375c   0x0800375c   0x00000058   Code   RO         2455    i.HAL_TIM_Base_Start_IT  stm32f1xx_hal_tim.o
    0x080037b4   0x080037b4   0x000000dc   Code   RO         2459    i.HAL_TIM_ConfigClockSource  stm32f1xx_hal_tim.o
    0x08003890   0x08003890   0x00000002   Code   RO         2484    i.HAL_TIM_IC_CaptureCallback  stm32f1xx_hal_tim.o
    0x08003892   0x08003892   0x00000166   Code   RO         2498    i.HAL_TIM_IRQHandler  stm32f1xx_hal_tim.o
    0x080039f8   0x080039f8   0x00000002   Code   RO         2501    i.HAL_TIM_OC_DelayElapsedCallback  stm32f1xx_hal_tim.o
    0x080039fa   0x080039fa   0x00000002   Code   RO         2528    i.HAL_TIM_PWM_PulseFinishedCallback  stm32f1xx_hal_tim.o
    0x080039fc   0x080039fc   0x00000014   Code   RO           14    i.HAL_TIM_PeriodElapsedCallback  main.o
    0x08003a10   0x08003a10   0x00000002   Code   RO         2541    i.HAL_TIM_TriggerCallback  stm32f1xx_hal_tim.o
    0x08003a12   0x08003a12   0x0000004e   Code   RO         3431    i.HAL_UARTEx_ReceiveToIdle_DMA  stm32f1xx_hal_uart.o
    0x08003a60   0x08003a60   0x000000e0   Code   RO         5727    i.HAL_UARTEx_RxEventCallback  driver_uart.o
    0x08003b40   0x08003b40   0x00000002   Code   RO         3447    i.HAL_UART_ErrorCallback  stm32f1xx_hal_uart.o
    0x08003b42   0x08003b42   0x00000002   PAD
    0x08003b44   0x08003b44   0x0000026c   Code   RO         3450    i.HAL_UART_IRQHandler  stm32f1xx_hal_uart.o
    0x08003db0   0x08003db0   0x00000064   Code   RO         3451    i.HAL_UART_Init     stm32f1xx_hal_uart.o
    0x08003e14   0x08003e14   0x00000294   Code   RO          480    i.HAL_UART_MspInit  usart.o
    0x080040a8   0x080040a8   0x00000002   Code   RO         3457    i.HAL_UART_RxCpltCallback  stm32f1xx_hal_uart.o
    0x080040aa   0x080040aa   0x00000002   Code   RO         3458    i.HAL_UART_RxHalfCpltCallback  stm32f1xx_hal_uart.o
    0x080040ac   0x080040ac   0x00000078   Code   RO         3460    i.HAL_UART_Transmit_DMA  stm32f1xx_hal_uart.o
    0x08004124   0x08004124   0x00000068   Code   RO         5728    i.HAL_UART_TxCpltCallback  driver_uart.o
    0x0800418c   0x0800418c   0x00000002   Code   RO         3463    i.HAL_UART_TxHalfCpltCallback  stm32f1xx_hal_uart.o
    0x0800418e   0x0800418e   0x00000002   Code   RO          541    i.HardFault_Handler  stm32f1xx_it.o
    0x08004190   0x08004190   0x0000002e   Code   RO         1793    i.I2C_IsAcknowledgeFailed  stm32f1xx_hal_i2c.o
    0x080041be   0x080041be   0x00000002   PAD
    0x080041c0   0x080041c0   0x0000009c   Code   RO         1797    i.I2C_MasterRequestWrite  stm32f1xx_hal_i2c.o
    0x0800425c   0x0800425c   0x000000a8   Code   RO         1804    i.I2C_RequestMemoryWrite  stm32f1xx_hal_i2c.o
    0x08004304   0x08004304   0x00000056   Code   RO         1808    i.I2C_WaitOnBTFFlagUntilTimeout  stm32f1xx_hal_i2c.o
    0x0800435a   0x0800435a   0x00000002   PAD
    0x0800435c   0x0800435c   0x00000090   Code   RO         1809    i.I2C_WaitOnFlagUntilTimeout  stm32f1xx_hal_i2c.o
    0x080043ec   0x080043ec   0x000000bc   Code   RO         1810    i.I2C_WaitOnMasterAddressFlagUntilTimeout  stm32f1xx_hal_i2c.o
    0x080044a8   0x080044a8   0x00000056   Code   RO         1812    i.I2C_WaitOnTXEFlagUntilTimeout  stm32f1xx_hal_i2c.o
    0x080044fe   0x080044fe   0x00000002   PAD
    0x08004500   0x08004500   0x0000007c   Code   RO          329    i.MX_DMA_Init       dma.o
    0x0800457c   0x0800457c   0x000000d0   Code   RO          247    i.MX_FREERTOS_Init  freertos.o
    0x0800464c   0x0800464c   0x000000b8   Code   RO          223    i.MX_GPIO_Init      gpio.o
    0x08004704   0x08004704   0x00000040   Code   RO          355    i.MX_I2C1_Init      i2c.o
    0x08004744   0x08004744   0x00000074   Code   RO          397    i.MX_RTC_Init       rtc.o
    0x080047b8   0x080047b8   0x00000068   Code   RO          439    i.MX_TIM2_Init      tim.o
    0x08004820   0x08004820   0x00000038   Code   RO          481    i.MX_USART1_UART_Init  usart.o
    0x08004858   0x08004858   0x00000038   Code   RO          482    i.MX_USART2_UART_Init  usart.o
    0x08004890   0x08004890   0x00000038   Code   RO          483    i.MX_USART3_UART_Init  usart.o
    0x080048c8   0x080048c8   0x00000002   Code   RO          542    i.MemManage_Handler  stm32f1xx_it.o
    0x080048ca   0x080048ca   0x00000002   Code   RO          543    i.NMI_Handler       stm32f1xx_it.o
    0x080048cc   0x080048cc   0x0000002a   Code   RO         5632    i.OLED_Clear        driver_oled.o
    0x080048f6   0x080048f6   0x00000002   PAD
    0x080048f8   0x080048f8   0x00000094   Code   RO         5634    i.OLED_Init         driver_oled.o
    0x0800498c   0x0800498c   0x0000007e   Code   RO         5636    i.OLED_PrintSignedVal  driver_oled.o
    0x08004a0a   0x08004a0a   0x00000032   Code   RO         5637    i.OLED_PrintString  driver_oled.o
    0x08004a3c   0x08004a3c   0x00000048   Code   RO         5638    i.OLED_PutChar      driver_oled.o
    0x08004a84   0x08004a84   0x0000002c   Code   RO         5639    i.OLED_SetComConfig  driver_oled.o
    0x08004ab0   0x08004ab0   0x00000040   Code   RO         5640    i.OLED_SetPosition  driver_oled.o
    0x08004af0   0x08004af0   0x0000003c   Code   RO         5641    i.OLED_Test         driver_oled.o
    0x08004b2c   0x08004b2c   0x00000028   Code   RO         5642    i.OLED_WriteCmd     driver_oled.o
    0x08004b54   0x08004b54   0x00000020   Code   RO         5643    i.OLED_WriteNBytes  driver_oled.o
    0x08004b74   0x08004b74   0x0000003c   Code   RO         5905    i.POST_SLEEP_PROCESSING  freertos_demo.o
    0x08004bb0   0x08004bb0   0x00000020   Code   RO         5906    i.PRE_SLEEP_PROCESSING  freertos_demo.o
    0x08004bd0   0x08004bd0   0x0000000c   Code   RO          544    i.RTC_Alarm_IRQHandler  stm32f1xx_it.o
    0x08004bdc   0x08004bdc   0x00000012   Code   RO         2193    i.RTC_Bcd2ToByte    stm32f1xx_hal_rtc.o
    0x08004bee   0x08004bee   0x00000016   Code   RO         2194    i.RTC_ByteToBcd2    stm32f1xx_hal_rtc.o
    0x08004c04   0x08004c04   0x000000ae   Code   RO         2195    i.RTC_DateUpdate    stm32f1xx_hal_rtc.o
    0x08004cb2   0x08004cb2   0x00000034   Code   RO         2196    i.RTC_EnterInitMode  stm32f1xx_hal_rtc.o
    0x08004ce6   0x08004ce6   0x00000002   PAD
    0x08004ce8   0x08004ce8   0x00000036   Code   RO         2197    i.RTC_ExitInitMode  stm32f1xx_hal_rtc.o
    0x08004d1e   0x08004d1e   0x0000000e   Code   RO         2198    i.RTC_ReadAlarmCounter  stm32f1xx_hal_rtc.o
    0x08004d2c   0x08004d2c   0x00000020   Code   RO         2199    i.RTC_ReadTimeCounter  stm32f1xx_hal_rtc.o
    0x08004d4c   0x08004d4c   0x00000056   Code   RO         2200    i.RTC_WeekDayNum    stm32f1xx_hal_rtc.o
    0x08004da2   0x08004da2   0x00000028   Code   RO         2201    i.RTC_WriteAlarmCounter  stm32f1xx_hal_rtc.o
    0x08004dca   0x08004dca   0x00000028   Code   RO         2202    i.RTC_WriteTimeCounter  stm32f1xx_hal_rtc.o
    0x08004df2   0x08004df2   0x00000002   PAD
    0x08004df4   0x08004df4   0x00000010   Code   RO         5837    i.SD_on             driver_switch.o
    0x08004e04   0x08004e04   0x00000010   Code   RO         5839    i.Sensors_on        driver_switch.o
    0x08004e14   0x08004e14   0x00000002   Code   RO          248    i.StartDefaultTask  freertos.o
    0x08004e16   0x08004e16   0x00000002   PAD
    0x08004e18   0x08004e18   0x0000002c   Code   RO         5408    i.SysTick_Handler   port.o
    0x08004e44   0x08004e44   0x00000080   Code   RO           15    i.SystemClock_Config  main.o
    0x08004ec4   0x08004ec4   0x00000002   Code   RO         3785    i.SystemInit        system_stm32f1xx.o
    0x08004ec6   0x08004ec6   0x00000002   PAD
    0x08004ec8   0x08004ec8   0x0000000c   Code   RO          545    i.TIM2_IRQHandler   stm32f1xx_it.o
    0x08004ed4   0x08004ed4   0x0000000c   Code   RO          546    i.TIM4_IRQHandler   stm32f1xx_it.o
    0x08004ee0   0x08004ee0   0x0000006c   Code   RO         2543    i.TIM_Base_SetConfig  stm32f1xx_hal_tim.o
    0x08004f4c   0x08004f4c   0x00000014   Code   RO         2554    i.TIM_ETR_SetConfig  stm32f1xx_hal_tim.o
    0x08004f60   0x08004f60   0x00000010   Code   RO         2555    i.TIM_ITRx_SetConfig  stm32f1xx_hal_tim.o
    0x08004f70   0x08004f70   0x00000022   Code   RO         2561    i.TIM_TI1_ConfigInputStage  stm32f1xx_hal_tim.o
    0x08004f92   0x08004f92   0x00000024   Code   RO         2563    i.TIM_TI2_ConfigInputStage  stm32f1xx_hal_tim.o
    0x08004fb6   0x08004fb6   0x00000010   Code   RO         3464    i.UART_DMAAbortOnError  stm32f1xx_hal_uart.o
    0x08004fc6   0x08004fc6   0x0000004a   Code   RO         3465    i.UART_DMAError     stm32f1xx_hal_uart.o
    0x08005010   0x08005010   0x00000086   Code   RO         3466    i.UART_DMAReceiveCplt  stm32f1xx_hal_uart.o
    0x08005096   0x08005096   0x0000001e   Code   RO         3468    i.UART_DMARxHalfCplt  stm32f1xx_hal_uart.o
    0x080050b4   0x080050b4   0x00000042   Code   RO         3470    i.UART_DMATransmitCplt  stm32f1xx_hal_uart.o
    0x080050f6   0x080050f6   0x0000000a   Code   RO         3472    i.UART_DMATxHalfCplt  stm32f1xx_hal_uart.o
    0x08005100   0x08005100   0x0000004e   Code   RO         3474    i.UART_EndRxTransfer  stm32f1xx_hal_uart.o
    0x0800514e   0x0800514e   0x0000001c   Code   RO         3475    i.UART_EndTxTransfer  stm32f1xx_hal_uart.o
    0x0800516a   0x0800516a   0x000000c2   Code   RO         3476    i.UART_Receive_IT   stm32f1xx_hal_uart.o
    0x0800522c   0x0800522c   0x000000b8   Code   RO         3477    i.UART_SetConfig    stm32f1xx_hal_uart.o
    0x080052e4   0x080052e4   0x00000090   Code   RO         3478    i.UART_Start_Receive_DMA  stm32f1xx_hal_uart.o
    0x08005374   0x08005374   0x0000000c   Code   RO          547    i.USART1_IRQHandler  stm32f1xx_it.o
    0x08005380   0x08005380   0x0000000c   Code   RO          548    i.USART2_IRQHandler  stm32f1xx_it.o
    0x0800538c   0x0800538c   0x0000000c   Code   RO          549    i.USART3_IRQHandler  stm32f1xx_it.o
    0x08005398   0x08005398   0x00000002   Code   RO          550    i.UsageFault_Handler  stm32f1xx_it.o
    0x0800539a   0x0800539a   0x00000028   Code   RO         6674    i.__ARM_fpclassify  m_ws.l(fpclassify.o)
    0x080053c2   0x080053c2   0x00000020   Code   RO         1252    i.__NVIC_SetPriority  stm32f1xx_hal_cortex.o
    0x080053e2   0x080053e2   0x0000000e   Code   RO         6456    i._is_digit         c_w.l(__printf_wp.o)
    0x080053f0   0x080053f0   0x0000002c   Code   RO         6057    i.create_time_1     timecall.o
    0x0800541c   0x0800541c   0x00000030   Code   RO         4417    i.eTaskConfirmSleepModeStatus  tasks.o
    0x0800544c   0x0800544c   0x00000238   Code   RO         6013    i.esp8266_init      freertos_8266.o
    0x08005684   0x08005684   0x00000036   Code   RO           16    i.main              main.o
    0x080056ba   0x080056ba   0x00000002   PAD
    0x080056bc   0x080056bc   0x00000038   Code   RO         4954    i.osKernelInitialize  cmsis_os2.o
    0x080056f4   0x080056f4   0x00000040   Code   RO         4957    i.osKernelStart     cmsis_os2.o
    0x08005734   0x08005734   0x000000a4   Code   RO         4991    i.osThreadNew       cmsis_os2.o
    0x080057d8   0x080057d8   0x00000048   Code   RO         5729    i.print_usart1      driver_uart.o
    0x08005820   0x08005820   0x00000040   Code   RO         5730    i.print_usart2      driver_uart.o
    0x08005860   0x08005860   0x0000005c   Code   RO         4420    i.prvAddCurrentTaskToDelayedList  tasks.o
    0x080058bc   0x080058bc   0x000000d0   Code   RO         4421    i.prvAddNewTaskToReadyList  tasks.o
    0x0800598c   0x0800598c   0x00000058   Code   RO         4786    i.prvCheckForValidListAndQueue  timers.o
    0x080059e4   0x080059e4   0x00000026   Code   RO         3990    i.prvCopyDataFromQueue  queue.o
    0x08005a0a   0x08005a0a   0x0000006c   Code   RO         3991    i.prvCopyDataToQueue  queue.o
    0x08005a76   0x08005a76   0x00000034   Code   RO         4422    i.prvDeleteTCB      tasks.o
    0x08005aaa   0x08005aaa   0x00000002   PAD
    0x08005aac   0x08005aac   0x00000030   Code   RO         4423    i.prvGetExpectedIdleTime  tasks.o
    0x08005adc   0x08005adc   0x0000004c   Code   RO         5358    i.prvHeapInit       heap_4.o
    0x08005b28   0x08005b28   0x00000090   Code   RO         4424    i.prvIdleTask       tasks.o
    0x08005bb8   0x08005bb8   0x00000026   Code   RO         3993    i.prvInitialiseNewQueue  queue.o
    0x08005bde   0x08005bde   0x0000009c   Code   RO         4425    i.prvInitialiseNewTask  tasks.o
    0x08005c7a   0x08005c7a   0x00000044   Code   RO         4787    i.prvInitialiseNewTimer  timers.o
    0x08005cbe   0x08005cbe   0x00000002   PAD
    0x08005cc0   0x08005cc0   0x0000004c   Code   RO         5359    i.prvInsertBlockIntoFreeList  heap_4.o
    0x08005d0c   0x08005d0c   0x00000038   Code   RO         4788    i.prvInsertTimerInActiveList  timers.o
    0x08005d44   0x08005d44   0x0000001c   Code   RO         3994    i.prvIsQueueEmpty   queue.o
    0x08005d60   0x08005d60   0x0000006c   Code   RO         3995    i.prvNotifyQueueSetContainer  queue.o
    0x08005dcc   0x08005dcc   0x000000cc   Code   RO         4789    i.prvProcessReceivedCommands  timers.o
    0x08005e98   0x08005e98   0x000000b4   Code   RO         4790    i.prvProcessTimerOrBlockTask  timers.o
    0x08005f4c   0x08005f4c   0x00000020   Code   RO         4427    i.prvResetNextTaskUnblockTime  tasks.o
    0x08005f6c   0x08005f6c   0x00000028   Code   RO         4791    i.prvSampleTimeNow  timers.o
    0x08005f94   0x08005f94   0x0000006c   Code   RO         4792    i.prvSwitchTimerLists  timers.o
    0x08006000   0x08006000   0x00000028   Code   RO         5409    i.prvTaskExitError  port.o
    0x08006028   0x08006028   0x00000024   Code   RO         4793    i.prvTimerTask      timers.o
    0x0800604c   0x0800604c   0x00000078   Code   RO         3996    i.prvUnlockQueue    queue.o
    0x080060c4   0x080060c4   0x000000d8   Code   RO         5360    i.pvPortMalloc      heap_4.o
    0x0800619c   0x0800619c   0x00000018   Code   RO         4430    i.pvTaskIncrementMutexHeldCount  tasks.o
    0x080061b4   0x080061b4   0x00000024   Code   RO         5410    i.pxPortInitialiseStack  port.o
    0x080061d8   0x080061d8   0x00000024   Code   RO         5732    i.rece_usart1       driver_uart.o
    0x080061fc   0x080061fc   0x00000020   Code   RO         5733    i.rece_usart2       driver_uart.o
    0x0800621c   0x0800621c   0x00000020   Code   RO         5734    i.rece_usart3       driver_uart.o
    0x0800623c   0x0800623c   0x00000024   Code   RO         6058    i.start_time_1      timecall.o
    0x08006260   0x08006260   0x00000060   Code   RO         5735    i.stm32_dma_uart_init  driver_uart.o
    0x080062c0   0x080062c0   0x00000018   Code   RO         5736    i.stm32_dma_uart_recv  driver_uart.o
    0x080062d8   0x080062d8   0x00000024   Code   RO         5737    i.stm32_dma_uart_send  driver_uart.o
    0x080062fc   0x080062fc   0x0000001c   Code   RO         6059    i.stop_time_1       timecall.o
    0x08006318   0x08006318   0x00000014   Code   RO         6060    i.timeCallBackTask  timecall.o
    0x0800632c   0x0800632c   0x00000064   Code   RO         6223    i.uart1_test        freertos_lanya.o
    0x08006390   0x08006390   0x000000e0   Code   RO         6014    i.uart2_test        freertos_8266.o
    0x08006470   0x08006470   0x000000a0   Code   RO         6247    i.uart3_test        freertos_co2.o
    0x08006510   0x08006510   0x00000026   Code   RO         3950    i.uxListRemove      list.o
    0x08006536   0x08006536   0x00000002   PAD
    0x08006538   0x08006538   0x00000014   Code   RO         5003    i.vApplicationGetIdleTaskMemory  cmsis_os2.o
    0x0800654c   0x0800654c   0x00000018   Code   RO         5004    i.vApplicationGetTimerTaskMemory  cmsis_os2.o
    0x08006564   0x08006564   0x00000016   Code   RO         3951    i.vListInitialise   list.o
    0x0800657a   0x0800657a   0x00000006   Code   RO         3952    i.vListInitialiseItem  list.o
    0x08006580   0x08006580   0x00000030   Code   RO         3953    i.vListInsert       list.o
    0x080065b0   0x080065b0   0x00000018   Code   RO         3954    i.vListInsertEnd    list.o
    0x080065c8   0x080065c8   0x00000040   Code   RO         5412    i.vPortEnterCritical  port.o
    0x08006608   0x08006608   0x00000028   Code   RO         5413    i.vPortExitCritical  port.o
    0x08006630   0x08006630   0x0000005c   Code   RO         5361    i.vPortFree         heap_4.o
    0x0800668c   0x0800668c   0x00000048   Code   RO         5414    i.vPortSetupTimerInterrupt  port.o
    0x080066d4   0x080066d4   0x000000e4   Code   RO         5415    i.vPortSuppressTicksAndSleep  port.o
    0x080067b8   0x080067b8   0x00000054   Code   RO         5416    i.vPortValidateInterruptPriority  port.o
    0x0800680c   0x0800680c   0x00000028   Code   RO         4002    i.vQueueAddToRegistry  queue.o
    0x08006834   0x08006834   0x00000044   Code   RO         4006    i.vQueueWaitForMessageRestricted  queue.o
    0x08006878   0x08006878   0x0000004c   Code   RO         4439    i.vTaskDelay        tasks.o
    0x080068c4   0x080068c4   0x00000090   Code   RO         4441    i.vTaskDelete       tasks.o
    0x08006954   0x08006954   0x00000010   Code   RO         4444    i.vTaskInternalSetTimeOutState  tasks.o
    0x08006964   0x08006964   0x0000000c   Code   RO         4445    i.vTaskMissedYield  tasks.o
    0x08006970   0x08006970   0x00000030   Code   RO         4447    i.vTaskPlaceOnEventList  tasks.o
    0x080069a0   0x080069a0   0x00000038   Code   RO         4448    i.vTaskPlaceOnEventListRestricted  tasks.o
    0x080069d8   0x080069d8   0x00000090   Code   RO         4450    i.vTaskPriorityDisinheritAfterTimeout  tasks.o
    0x08006a68   0x08006a68   0x00000088   Code   RO         4456    i.vTaskStartScheduler  tasks.o
    0x08006af0   0x08006af0   0x00000028   Code   RO         4457    i.vTaskStepTick     tasks.o
    0x08006b18   0x08006b18   0x00000010   Code   RO         4459    i.vTaskSuspendAll   tasks.o
    0x08006b28   0x08006b28   0x00000064   Code   RO         4460    i.vTaskSwitchContext  tasks.o
    0x08006b8c   0x08006b8c   0x000000a8   Code   RO         5417    i.xPortStartScheduler  port.o
    0x08006c34   0x08006c34   0x00000048   Code   RO         4013    i.xQueueGenericCreate  queue.o
    0x08006c7c   0x08006c7c   0x00000066   Code   RO         4014    i.xQueueGenericCreateStatic  queue.o
    0x08006ce2   0x08006ce2   0x00000002   PAD
    0x08006ce4   0x08006ce4   0x00000088   Code   RO         4015    i.xQueueGenericReset  queue.o
    0x08006d6c   0x08006d6c   0x0000016c   Code   RO         4016    i.xQueueGenericSend  queue.o
    0x08006ed8   0x08006ed8   0x000000ca   Code   RO         4017    i.xQueueGenericSendFromISR  queue.o
    0x08006fa2   0x08006fa2   0x000000ae   Code   RO         4020    i.xQueueGiveFromISR  queue.o
    0x08007050   0x08007050   0x00000138   Code   RO         4026    i.xQueueReceive     queue.o
    0x08007188   0x08007188   0x00000178   Code   RO         4031    i.xQueueSemaphoreTake  queue.o
    0x08007300   0x08007300   0x00000074   Code   RO         4461    i.xTaskCheckForTimeOut  tasks.o
    0x08007374   0x08007374   0x0000005a   Code   RO         4462    i.xTaskCreate       tasks.o
    0x080073ce   0x080073ce   0x00000056   Code   RO         4463    i.xTaskCreateStatic  tasks.o
    0x08007424   0x08007424   0x000000cc   Code   RO         4464    i.xTaskGenericNotify  tasks.o
    0x080074f0   0x080074f0   0x0000001c   Code   RO         4467    i.xTaskGetSchedulerState  tasks.o
    0x0800750c   0x0800750c   0x0000000c   Code   RO         4468    i.xTaskGetTickCount  tasks.o
    0x08007518   0x08007518   0x000000c8   Code   RO         4470    i.xTaskIncrementTick  tasks.o
    0x080075e0   0x080075e0   0x0000008c   Code   RO         4472    i.xTaskNotifyWait   tasks.o
    0x0800766c   0x0800766c   0x00000080   Code   RO         4473    i.xTaskPriorityDisinherit  tasks.o
    0x080076ec   0x080076ec   0x00000078   Code   RO         4474    i.xTaskPriorityInherit  tasks.o
    0x08007764   0x08007764   0x00000074   Code   RO         4475    i.xTaskRemoveFromEventList  tasks.o
    0x080077d8   0x080077d8   0x000000c4   Code   RO         4476    i.xTaskResumeAll    tasks.o
    0x0800789c   0x0800789c   0x00000034   Code   RO         4798    i.xTimerCreate      timers.o
    0x080078d0   0x080078d0   0x00000060   Code   RO         4800    i.xTimerCreateTimerTask  timers.o
    0x08007930   0x08007930   0x00000068   Code   RO         4801    i.xTimerGenericCommand  timers.o
    0x08007998   0x08007998   0x0000002c   Code   RO         6649    locale$$code        c_w.l(lc_numeric_c.o)
    0x080079c4   0x080079c4   0x0000002c   Code   RO         6685    locale$$code        c_w.l(lc_ctype_c.o)
    0x080079f0   0x080079f0   0x00000004   Code   RO         6538    x$fpl$printf1       fz_ws.l(printf1.o)
    0x080079f4   0x080079f4   0x00000004   Code   RO         6540    x$fpl$printf2       fz_ws.l(printf2.o)
    0x080079f8   0x080079f8   0x00000000   Code   RO         6673    x$fpl$usenofp       fz_ws.l(usenofp.o)
    0x080079f8   0x080079f8   0x00000024   Data   RO          249    .constdata          freertos.o
    0x08007a1c   0x08007a1c   0x00000012   Data   RO          950    .constdata          stm32f1xx_hal_rcc.o
    0x08007a2e   0x08007a2e   0x00000012   Data   RO         1042    .constdata          stm32f1xx_hal_rcc_ex.o
    0x08007a40   0x08007a40   0x00000010   Data   RO         3786    .constdata          system_stm32f1xx.o
    0x08007a50   0x08007a50   0x00000008   Data   RO         3787    .constdata          system_stm32f1xx.o
    0x08007a58   0x08007a58   0x00000800   Data   RO         5644    .constdata          driver_oled.o
    0x08008258   0x08008258   0x00000008   Data   RO         6415    .constdata          c_w.l(_printf_wctomb.o)
    0x08008260   0x08008260   0x00000028   Data   RO         6444    .constdata          c_w.l(_printf_hex_int_ll_ptr.o)
    0x08008288   0x08008288   0x00000011   Data   RO         6464    .constdata          c_w.l(__printf_flags_ss_wp.o)
    0x08008299   0x08008299   0x00000026   Data   RO         6583    .constdata          c_w.l(_printf_fp_hex.o)
    0x080082bf   0x080082bf   0x00000001   PAD
    0x080082c0   0x080082c0   0x00000094   Data   RO         6624    .constdata          c_w.l(bigflt0.o)
    0x08008354   0x08008354   0x0000000c   Data   RO          250    .conststring        freertos.o
    0x08008360   0x08008360   0x00000010   Data   RO         5738    .conststring        driver_uart.o
    0x08008370   0x08008370   0x00000010   Data   RO         5739    .conststring        driver_uart.o
    0x08008380   0x08008380   0x00000010   Data   RO         5740    .conststring        driver_uart.o
    0x08008390   0x08008390   0x00000077   Data   RO         6016    .conststring        freertos_8266.o
    0x08008407   0x08008407   0x00000001   PAD
    0x08008408   0x08008408   0x00000020   Data   RO         6737    Region$$Table       anon$$obj.o
    0x08008428   0x08008428   0x0000001c   Data   RO         6648    locale$$data        c_w.l(lc_numeric_c.o)
    0x08008444   0x08008444   0x00000110   Data   RO         6684    locale$$data        c_w.l(lc_ctype_c.o)


    Execution Region RW_IRAM1 (Exec base: 0x20000000, Load base: 0x08008554, Size: 0x00003870, Max: 0x00005000, ABSOLUTE, COMPRESSED[0x00000050])

    Exec Addr    Load Addr    Size         Type   Attr      Idx    E Section Name        Object

    0x20000000   COMPRESSED   0x0000000c   Data   RW          251    .data               freertos.o
    0x2000000c   COMPRESSED   0x0000000c   Data   RW          787    .data               stm32f1xx_hal.o
    0x20000018   COMPRESSED   0x00000004   Data   RW         3788    .data               system_stm32f1xx.o
    0x2000001c   COMPRESSED   0x0000003c   Data   RW         4479    .data               tasks.o
    0x20000058   COMPRESSED   0x00000014   Data   RW         4809    .data               timers.o
    0x2000006c   COMPRESSED   0x00000004   Data   RW         5006    .data               cmsis_os2.o
    0x20000070   COMPRESSED   0x00000018   Data   RW         5366    .data               heap_4.o
    0x20000088   COMPRESSED   0x00000018   Data   RW         5418    .data               port.o
    0x200000a0   COMPRESSED   0x00000008   Data   RW         5645    .data               driver_oled.o
    0x200000a8   COMPRESSED   0x0000016c   Data   RW         5741    .data               driver_uart.o
    0x20000214   COMPRESSED   0x00000014   Data   RW         5742    .data               driver_uart.o
    0x20000228   COMPRESSED   0x00000014   Data   RW         5743    .data               driver_uart.o
    0x2000023c   COMPRESSED   0x00000014   Data   RW         5744    .data               driver_uart.o
    0x20000250   COMPRESSED   0x00000014   Data   RW         5951    .data               freertos_rtc.o
    0x20000264   COMPRESSED   0x00000004   Data   RW         6017    .data               freertos_8266.o
    0x20000268   COMPRESSED   0x00000008   Data   RW         6062    .data               timecall.o
    0x20000270        -       0x00000054   Zero   RW          356    .bss                i2c.o
    0x200002c4        -       0x00000014   Zero   RW          398    .bss                rtc.o
    0x200002d8        -       0x00000048   Zero   RW          440    .bss                tim.o
    0x20000320        -       0x00000270   Zero   RW          484    .bss                usart.o
    0x20000590        -       0x00000048   Zero   RW          690    .bss                stm32f1xx_hal_timebase_tim.o
    0x200005d8        -       0x00000040   Zero   RW         4033    .bss                queue.o
    0x20000618        -       0x000004c4   Zero   RW         4478    .bss                tasks.o
    0x20000adc        -       0x0000011c   Zero   RW         4808    .bss                timers.o
    0x20000bf8        -       0x000006b8   Zero   RW         5005    .bss                cmsis_os2.o
    0x200012b0        -       0x00001f40   Zero   RW         5365    .bss                heap_4.o
    0x200031f0        -       0x00000020   Zero   RW         6015    .bss                freertos_8266.o
    0x20003210        -       0x00000060   Zero   RW         6549    .bss                c_w.l(libspace.o)
    0x20003270        -       0x00000200   Zero   RW            2    HEAP                startup_stm32f103xb.o
    0x20003470        -       0x00000400   Zero   RW            1    STACK               startup_stm32f103xb.o


==============================================================================

Image component sizes


      Code (inc. data)   RO Data    RW Data    ZI Data      Debug   Object Name

       328         26          0          4       1720      13232   cmsis_os2.o
       124          4          0          0          0        738   dma.o
       678         46       2048          8          0       9291   driver_oled.o
        32         12          0          0          0        829   driver_switch.o
       764        102         48        424          0       9904   driver_uart.o
         0          0          0          0          0      19908   event_groups.o
       210         96         48         12          0      12477   freertos.o
       968        502        119          4         32       2847   freertos_8266.o
       160         66          0          0          0        529   freertos_co2.o
        92         10          0          0          0       1627   freertos_demo.o
       100         46          0          0          0        533   freertos_lanya.o
       136         38          0         20          0       1293   freertos_rtc.o
       184         12          0          0          0        911   gpio.o
       460         24          0         24       8000       4487   heap_4.o
       156         26          0          0         84       1505   i2c.o
       138          0          0          0          0       3210   list.o
       206          6          0          0          0     449997   main.o
       926         80          0         24          0      11670   port.o
      2286         22          0          0         64      19196   queue.o
       188         20          0          0         20       1499   rtc.o
        64         26        236          0       1536        780   startup_stm32f103xb.o
        64         14          0         12          0       4462   stm32f1xx_hal.o
       158         14          0          0          0      28030   stm32f1xx_hal_cortex.o
       808         36          0          0          0       4778   stm32f1xx_hal_dma.o
       490         34          0          0          0       2796   stm32f1xx_hal_gpio.o
      1870         48          0          0          0      11029   stm32f1xx_hal_i2c.o
        72         10          0          0          0        810   stm32f1xx_hal_msp.o
        12          4          0          0          0        483   stm32f1xx_hal_pwr.o
      1304         94         18          0          0       5529   stm32f1xx_hal_rcc.o
       400         28         18          0          0       2381   stm32f1xx_hal_rcc_ex.o
      1610         26          0          0          0      13014   stm32f1xx_hal_rtc.o
       978         26          0          0          0       9325   stm32f1xx_hal_tim.o
       108         12          0          0          0       2281   stm32f1xx_hal_tim_ex.o
       152         20          0          0         72       1387   stm32f1xx_hal_timebase_tim.o
      1884         38          0          0          0      13557   stm32f1xx_hal_uart.o
       156         72          0          0          0       7350   stm32f1xx_it.o
         0          0          0          0          0       8748   stream_buffer.o
         2          0         24          4          0       1023   system_stm32f1xx.o
      3028        258          0         60       1220      29880   tasks.o
       160         10          0          0         72       1542   tim.o
       128         32          0          8          0       2258   timecall.o
      1032         82          0         20        284      27234   timers.o
       828         60          0          0        624       3418   usart.o

    ----------------------------------------------------------------------
     23486       2082       2592        624      13728     747778   Object Totals
         0          0         32          0          0          0   (incl. Generated)
        42          0          1          0          0          0   (incl. Padding)

    ----------------------------------------------------------------------

      Code (inc. data)   RO Data    RW Data    ZI Data      Debug   Library Member Name

        90          0          0          0          0          0   __dczerorl2.o
         8          0          0          0          0         68   __main.o
       392          4         17          0          0         92   __printf_flags_ss_wp.o
        14          0          0          0          0         68   __printf_wp.o
         0          0          0          0          0          0   __rtentry.o
        12          0          0          0          0          0   __rtentry2.o
         6          0          0          0          0          0   __rtentry4.o
        52          8          0          0          0          0   __scatter.o
        28          0          0          0          0          0   __scatter_zi.o
         6          0          0          0          0          0   _printf_a.o
         6          0          0          0          0          0   _printf_c.o
        44          0          0          0          0        108   _printf_char.o
        48          6          0          0          0         96   _printf_char_common.o
        40          0          0          0          0         68   _printf_charcount.o
         6          0          0          0          0          0   _printf_d.o
       120         16          0          0          0         92   _printf_dec.o
         6          0          0          0          0          0   _printf_e.o
         6          0          0          0          0          0   _printf_f.o
      1054          0          0          0          0        216   _printf_fp_dec.o
       764          8         38          0          0        100   _printf_fp_hex.o
       128         16          0          0          0         84   _printf_fp_infnan.o
         6          0          0          0          0          0   _printf_g.o
       148          4         40          0          0        160   _printf_hex_int_ll_ptr.o
         6          0          0          0          0          0   _printf_i.o
       178          0          0          0          0         88   _printf_intcommon.o
        10          0          0          0          0          0   _printf_l.o
         6          0          0          0          0          0   _printf_lc.o
        10          0          0          0          0          0   _printf_ll.o
         6          0          0          0          0          0   _printf_lld.o
         6          0          0          0          0          0   _printf_lli.o
         6          0          0          0          0          0   _printf_llo.o
         6          0          0          0          0          0   _printf_llu.o
         6          0          0          0          0          0   _printf_llx.o
       124         16          0          0          0         92   _printf_longlong_dec.o
         6          0          0          0          0          0   _printf_ls.o
         6          0          0          0          0          0   _printf_n.o
         6          0          0          0          0          0   _printf_o.o
       112         10          0          0          0        124   _printf_oct_int_ll.o
         6          0          0          0          0          0   _printf_p.o
        78          0          0          0          0        108   _printf_pad.o
         0          0          0          0          0          0   _printf_percent.o
         4          0          0          0          0          0   _printf_percent_end.o
         6          0          0          0          0          0   _printf_s.o
        82          0          0          0          0         80   _printf_str.o
        36          0          0          0          0         84   _printf_truncate.o
         6          0          0          0          0          0   _printf_u.o
        44          0          0          0          0        108   _printf_wchar.o
       188          6          8          0          0         92   _printf_wctomb.o
         6          0          0          0          0          0   _printf_x.o
        16          0          0          0          0         68   _snputc.o
        10          0          0          0          0         68   _sputc.o
        64          0          0          0          0         92   _wcrtomb.o
        16          0          0          0          0         68   aeabi_memset.o
       228          4        148          0          0         96   bigflt0.o
      1936        128          0          0          0        672   btod.o
        18          0          0          0          0         80   exit.o
         6          0          0          0          0        152   heapauxi.o
         0          0          0          0          0          0   indicate_semi.o
        44         10        272          0          0         76   lc_ctype_c.o
        44         10         28          0          0         76   lc_numeric_c.o
         2          0          0          0          0          0   libinit.o
        30          0          0          0          0          0   libinit2.o
         2          0          0          0          0          0   libshutdown.o
         2          0          0          0          0          0   libshutdown2.o
         8          4          0          0         96         68   libspace.o
       138          0          0          0          0         80   lludiv10.o
        16          4          0          0          0         76   rt_ctype_table.o
         8          4          0          0          0         68   rt_locale_intlibspace.o
        68          0          0          0          0         68   rt_memclr.o
        78          0          0          0          0         80   rt_memclr_w.o
       138          0          0          0          0         68   rt_memcpy_v6.o
       100          0          0          0          0         80   rt_memcpy_w.o
         2          0          0          0          0          0   rtexit.o
        10          0          0          0          0          0   rtexit2.o
       128          0          0          0          0         68   strcmpv7m.o
        72          0          0          0          0         80   strcpy.o
        62          0          0          0          0         76   strlen.o
        86          0          0          0          0         76   strncpy.o
        36          0          0          0          0         80   strstr.o
        12          4          0          0          0         68   sys_exit.o
        74          0          0          0          0         80   sys_stackheap_outer.o
         2          0          0          0          0         68   use_no_semi.o
        52          4          0          0          0         80   vsnprintf.o
         4          0          0          0          0         68   printf1.o
         4          0          0          0          0         68   printf2.o
         0          0          0          0          0          0   usenofp.o
        40          0          0          0          0         68   fpclassify.o

    ----------------------------------------------------------------------
      7502        266        552          0         96       4844   Library Totals
        12          0          1          0          0          0   (incl. Padding)

    ----------------------------------------------------------------------

      Code (inc. data)   RO Data    RW Data    ZI Data      Debug   Library Name

      7442        266        551          0         96       4640   c_w.l
         8          0          0          0          0        136   fz_ws.l
        40          0          0          0          0         68   m_ws.l

    ----------------------------------------------------------------------
      7502        266        552          0         96       4844   Library Totals

    ----------------------------------------------------------------------

==============================================================================


      Code (inc. data)   RO Data    RW Data    ZI Data      Debug   

     30988       2348       3144        624      13824     737538   Grand Totals
     30988       2348       3144         80      13824     737538   ELF Image Totals (compressed)
     30988       2348       3144         80          0          0   ROM Totals

==============================================================================

    Total RO  Size (Code + RO Data)                34132 (  33.33kB)
    Total RW  Size (RW Data + ZI Data)             14448 (  14.11kB)
    Total ROM Size (Code + RO Data + RW Data)      34212 (  33.41kB)

==============================================================================

